Archive member included to satisfy reference by file (symbol)

/Applications/STM32CubeIDE.app/Contents/Eclipse/plugins/com.st.stm32cube.ide.mcu.externaltools.gnu-tools-for-stm32.13.3.rel1.macos64_1.0.100.202509120712/tools/bin/../lib/gcc/arm-none-eabi/13.3.1/../../../../arm-none-eabi/lib/thumb/v7e-m+fp/hard/libc_nano.a(libc_a-exit.o)
                              /Applications/STM32CubeIDE.app/Contents/Eclipse/plugins/com.st.stm32cube.ide.mcu.externaltools.gnu-tools-for-stm32.13.3.rel1.macos64_1.0.100.202509120712/tools/bin/../lib/gcc/arm-none-eabi/13.3.1/../../../../arm-none-eabi/lib/thumb/v7e-m+fp/hard/crt0.o (exit)
/Applications/STM32CubeIDE.app/Contents/Eclipse/plugins/com.st.stm32cube.ide.mcu.externaltools.gnu-tools-for-stm32.13.3.rel1.macos64_1.0.100.202509120712/tools/bin/../lib/gcc/arm-none-eabi/13.3.1/../../../../arm-none-eabi/lib/thumb/v7e-m+fp/hard/libc_nano.a(libc_a-malloc.o)
                              ./Core/Src/wav.o (malloc)
/Applications/STM32CubeIDE.app/Contents/Eclipse/plugins/com.st.stm32cube.ide.mcu.externaltools.gnu-tools-for-stm32.13.3.rel1.macos64_1.0.100.202509120712/tools/bin/../lib/gcc/arm-none-eabi/13.3.1/../../../../arm-none-eabi/lib/thumb/v7e-m+fp/hard/libc_nano.a(libc_a-mallocr.o)
                              /Applications/STM32CubeIDE.app/Contents/Eclipse/plugins/com.st.stm32cube.ide.mcu.externaltools.gnu-tools-for-stm32.13.3.rel1.macos64_1.0.100.202509120712/tools/bin/../lib/gcc/arm-none-eabi/13.3.1/../../../../arm-none-eabi/lib/thumb/v7e-m+fp/hard/libc_nano.a(libc_a-malloc.o) (_malloc_r)
/Applications/STM32CubeIDE.app/Contents/Eclipse/plugins/com.st.stm32cube.ide.mcu.externaltools.gnu-tools-for-stm32.13.3.rel1.macos64_1.0.100.202509120712/tools/bin/../lib/gcc/arm-none-eabi/13.3.1/../../../../arm-none-eabi/lib/thumb/v7e-m+fp/hard/libc_nano.a(libc_a-mlock.o)
                              /Applications/STM32CubeIDE.app/Contents/Eclipse/plugins/com.st.stm32cube.ide.mcu.externaltools.gnu-tools-for-stm32.13.3.rel1.macos64_1.0.100.202509120712/tools/bin/../lib/gcc/arm-none-eabi/13.3.1/../../../../arm-none-eabi/lib/thumb/v7e-m+fp/hard/libc_nano.a(libc_a-mallocr.o) (__malloc_lock)
/Applications/STM32CubeIDE.app/Contents/Eclipse/plugins/com.st.stm32cube.ide.mcu.externaltools.gnu-tools-for-stm32.13.3.rel1.macos64_1.0.100.202509120712/tools/bin/../lib/gcc/arm-none-eabi/13.3.1/../../../../arm-none-eabi/lib/thumb/v7e-m+fp/hard/libc_nano.a(libc_a-findfp.o)
                              /Applications/STM32CubeIDE.app/Contents/Eclipse/plugins/com.st.stm32cube.ide.mcu.externaltools.gnu-tools-for-stm32.13.3.rel1.macos64_1.0.100.202509120712/tools/bin/../lib/gcc/arm-none-eabi/13.3.1/../../../../arm-none-eabi/lib/thumb/v7e-m+fp/hard/libc_nano.a(libc_a-exit.o) (__stdio_exit_handler)
/Applications/STM32CubeIDE.app/Contents/Eclipse/plugins/com.st.stm32cube.ide.mcu.externaltools.gnu-tools-for-stm32.13.3.rel1.macos64_1.0.100.202509120712/tools/bin/../lib/gcc/arm-none-eabi/13.3.1/../../../../arm-none-eabi/lib/thumb/v7e-m+fp/hard/libc_nano.a(libc_a-vsnprintf.o)
                              ./Core/Src/main.o (vsnprintf)
/Applications/STM32CubeIDE.app/Contents/Eclipse/plugins/com.st.stm32cube.ide.mcu.externaltools.gnu-tools-for-stm32.13.3.rel1.macos64_1.0.100.202509120712/tools/bin/../lib/gcc/arm-none-eabi/13.3.1/../../../../arm-none-eabi/lib/thumb/v7e-m+fp/hard/libc_nano.a(libc_a-fwalk.o)
                              /Applications/STM32CubeIDE.app/Contents/Eclipse/plugins/com.st.stm32cube.ide.mcu.externaltools.gnu-tools-for-stm32.13.3.rel1.macos64_1.0.100.202509120712/tools/bin/../lib/gcc/arm-none-eabi/13.3.1/../../../../arm-none-eabi/lib/thumb/v7e-m+fp/hard/libc_nano.a(libc_a-findfp.o) (_fwalk_sglue)
/Applications/STM32CubeIDE.app/Contents/Eclipse/plugins/com.st.stm32cube.ide.mcu.externaltools.gnu-tools-for-stm32.13.3.rel1.macos64_1.0.100.202509120712/tools/bin/../lib/gcc/arm-none-eabi/13.3.1/../../../../arm-none-eabi/lib/thumb/v7e-m+fp/hard/libc_nano.a(libc_a-memcmp.o)
                              ./Core/Src/wav.o (memcmp)
/Applications/STM32CubeIDE.app/Contents/Eclipse/plugins/com.st.stm32cube.ide.mcu.externaltools.gnu-tools-for-stm32.13.3.rel1.macos64_1.0.100.202509120712/tools/bin/../lib/gcc/arm-none-eabi/13.3.1/../../../../arm-none-eabi/lib/thumb/v7e-m+fp/hard/libc_nano.a(libc_a-memset.o)
                              /Applications/STM32CubeIDE.app/Contents/Eclipse/plugins/com.st.stm32cube.ide.mcu.externaltools.gnu-tools-for-stm32.13.3.rel1.macos64_1.0.100.202509120712/tools/bin/../lib/gcc/arm-none-eabi/13.3.1/../../../../arm-none-eabi/lib/thumb/v7e-m+fp/hard/crt0.o (memset)
/Applications/STM32CubeIDE.app/Contents/Eclipse/plugins/com.st.stm32cube.ide.mcu.externaltools.gnu-tools-for-stm32.13.3.rel1.macos64_1.0.100.202509120712/tools/bin/../lib/gcc/arm-none-eabi/13.3.1/../../../../arm-none-eabi/lib/thumb/v7e-m+fp/hard/libc_nano.a(libc_a-sbrkr.o)
[...]
Memory Configuration

Name             Origin             Length             Attributes
RAM              0x20000000         0x00018000         xrw
RAM2             0x10000000         0x00008000         xrw
FLASH            0x08000000         0x00100000         xr
*default*        0x00000000         0xffffffff

Linker script and memory map

LOAD /Applications/STM32CubeIDE.app/Contents/Eclipse/plugins/com.st.stm32cube.ide.mcu.externaltools.gnu-tools-for-stm32.13.3.rel1.macos64_1.0.100.202509120712/tools/bin/../lib/gcc/arm-none-eabi/13.3.1/thumb/v7e-m+fp/hard/crti.o
LOAD /Applications/STM32CubeIDE.app/Contents/Eclipse/plugins/com.st.stm32cube.ide.mcu.externaltools.gnu-tools-for-stm32.13.3.rel1.macos64_1.0.100.202509120712/tools/bin/../lib/gcc/arm-none-eabi/13.3.1/thumb/v7e-m+fp/hard/crtbegin.o
LOAD /Applications/STM32CubeIDE.app/Contents/Eclipse/plugins/com.st.stm32cube.ide.mcu.externaltools.gnu-tools-for-stm32.13.3.rel1.macos64_1.0.100.202509120712/tools/bin/../lib/gcc/arm-none-eabi/13.3.1/../../../../arm-none-eabi/lib/thumb/v7e-m+fp/hard/crt0.o
LOAD ./Core/Src/main.o
LOAD ./Core/Src/stm32l4xx_hal_msp.o
LOAD ./Core/Src/stm32l4xx_it.o
LOAD ./Core/Src/syscalls.o
LOAD ./Core/Src/sysmem.o
LOAD ./Core/Src/system_stm32l4xx.o
LOAD ./Core/Src/wav.o
LOAD ./Core/Startup/startup_stm32l476rgtx.o
LOAD ./Drivers/STM32L4xx_HAL_Driver/Src/stm32l4xx_hal.o
LOAD ./Drivers/STM32L4xx_HAL_Driver/Src/stm32l4xx_hal_cortex.o
LOAD ./Drivers/STM32L4xx_HAL_Driver/Src/stm32l4xx_hal_dma.o
LOAD ./Drivers/STM32L4xx_HAL_Driver/Src/stm32l4xx_hal_dma_ex.o
LOAD ./Drivers/STM32L4xx_HAL_Driver/Src/stm32l4xx_hal_exti.o
LOAD ./Drivers/STM32L4xx_HAL_Driver/Src/stm32l4xx_hal_flash.o
LOAD ./Drivers/STM32L4xx_HAL_Driver/Src/stm32l4xx_hal_flash_ex.o
LOAD ./Drivers/STM32L4xx_HAL_Driver/Src/stm32l4xx_hal_flash_ramfunc.o
LOAD ./Drivers/STM32L4xx_HAL_Driver/Src/stm32l4xx_hal_gpio.o
LOAD ./Drivers/STM32L4xx_HAL_Driver/Src/stm32l4xx_hal_i2c.o
LOAD ./Drivers/STM32L4xx_HAL_Driver/Src/stm32l4xx_hal_i2c_ex.o
LOAD ./Drivers/STM32L4xx_HAL_Driver/Src/stm32l4xx_hal_pwr.o
LOAD ./Drivers/STM32L4xx_HAL_Driver/Src/stm32l4xx_hal_pwr_ex.o
LOAD ./Drivers/STM32L4xx_HAL_Driver/Src/stm32l4xx_hal_rcc.o
LOAD ./Drivers/STM32L4xx_HAL_Driver/Src/stm32l4xx_hal_rcc_ex.o
LOAD ./Drivers/STM32L4xx_HAL_Driver/Src/stm32l4xx_hal_sai.o
LOAD ./Drivers/STM32L4xx_HAL_Driver/Src/stm32l4xx_hal_sai_ex.o
LOAD ./Drivers/STM32L4xx_HAL_Driver/Src/stm32l4xx_hal_spi.o
LOAD ./Drivers/STM32L4xx_HAL_Driver/Src/stm32l4xx_hal_spi_ex.o
LOAD ./Drivers/STM32L4xx_HAL_Driver/Src/stm32l4xx_hal_uart.o
LOAD ./Drivers/STM32L4xx_HAL_Driver/Src/stm32l4xx_hal_uart_ex.o
LOAD ./FATFS/App/fatfs.o
LOAD ./FATFS/Target/user_diskio.o
LOAD ./FATFS/Target/user_diskio_spi.o
LOAD ./Middlewares/Third_Party/FatFs/src/diskio.o
LOAD ./Middlewares/Third_Party/FatFs/src/ff.o
LOAD ./Middlewares/Third_Party/FatFs/src/ff_gen_drv.o
LOAD ./Middlewares/Third_Party/FatFs/src/option/syscall.o
START GROUP
LOAD /Applications/STM32CubeIDE.app/Contents/Eclipse/plugins/com.st.stm32cube.ide.mcu.externaltools.gnu-tools-for-stm32.13.3.rel1.macos64_1.0.100.202509120712/tools/bin/../lib/gcc/arm-none-eabi/13.3.1/../../../../arm-none-eabi/lib/thumb/v7e-m+fp/hard/libc_nano.a
LOAD /Applications/STM32CubeIDE.app/Contents/Eclipse/plugins/com.st.stm32cube.ide.mcu.externaltools.gnu-tools-for-stm32.13.3.rel1.macos64_1.0.100.202509120712/tools/bin/../lib/gcc/arm-none-eabi/13.3.1/../../../../arm-none-eabi/lib/thumb/v7e-m+fp/hard/libm.a
END GROUP
START GROUP
LOAD /Applications/STM32CubeIDE.app/Contents/Eclipse/plugins/com.st.stm32cube.ide.mcu.externaltools.gnu-tools-for-stm32.13.3.rel1.macos64_1.0.100.202509120712/tools/bin/../lib/gcc/arm-none-eabi/13.3.1/thumb/v7e-m+fp/hard/libgcc.a
LOAD /Applications/STM32CubeIDE.app/Contents/Eclipse/plugins/com.st.stm32cube.ide.mcu.externaltools.gnu-tools-for-stm32.13.3.rel1.macos64_1.0.100.202509120712/tools/bin/../lib/gcc/arm-none-eabi/13.3.1/../../../../arm-none-eabi/lib/thumb/v7e-m+fp/hard/libc_nano.a
END GROUP
START GROUP
LOAD /Applications/STM32CubeIDE.app/Contents/Eclipse/plugins/com.st.stm32cube.ide.mcu.externaltools.gnu-tools-for-stm32.13.3.rel1.macos64_1.0.100.202509120712/tools/bin/../lib/gcc/arm-none-eabi/13.3.1/thumb/v7e-m+fp/hard/libgcc.a
LOAD /Applications/STM32CubeIDE.app/Contents/Eclipse/plugins/com.st.stm32cube.ide.mcu.externaltools.gnu-tools-for-stm32.13.3.rel1.macos64_1.0.100.202509120712/tools/bin/../lib/gcc/arm-none-eabi/13.3.1/../../../../arm-none-eabi/lib/thumb/v7e-m+fp/hard/libc_nano.a
LOAD /Applications/STM32CubeIDE.app/Contents/Eclipse/plugins/com.st.stm32cube.ide.mcu.externaltools.gnu-tools-for-stm32.13.3.rel1.macos64_1.0.100.202509120712/tools/bin/../lib/gcc/arm-none-eabi/13.3.1/../../../../arm-none-eabi/lib/thumb/v7e-m+fp/hard/libnosys.a
END GROUP
START GROUP
LOAD /Applications/STM32CubeIDE.app/Contents/Eclipse/plugins/com.st.stm32cube.ide.mcu.externaltools.gnu-tools-for-stm32.13.3.rel1.macos64_1.0.100.202509120712/tools/bin/../lib/gcc/arm-none-eabi/13.3.1/thumb/v7e-m+fp/hard/libgcc.a
LOAD /Applications/STM32CubeIDE.app/Contents/Eclipse/plugins/com.st.stm32cube.ide.mcu.externaltools.gnu-tools-for-stm32.13.3.rel1.macos64_1.0.100.202509120712/tools/bin/../lib/gcc/arm-none-eabi/13.3.1/../../../../arm-none-eabi/lib/thumb/v7e-m+fp/hard/libc_nano.a
LOAD /Applications/STM32CubeIDE.app/Contents/Eclipse/plugins/com.st.stm32cube.ide.mcu.externaltools.gnu-tools-for-stm32.13.3.rel1.macos64_1.0.100.202509120712/tools/bin/../lib/gcc/arm-none-eabi/13.3.1/../../../../arm-none-eabi/lib/thumb/v7e-m+fp/hard/libnosys.a
END GROUP
LOAD /Applications/STM32CubeIDE.app/Contents/Eclipse/plugins/com.st.stm32cube.ide.mcu.externaltools.gnu-tools-for-stm32.13.3.rel1.macos64_1.0.100.202509120712/tools/bin/../lib/gcc/arm-none-eabi/13.3.1/thumb/v7e-m+fp/hard/crtend.o
LOAD /Applications/STM32CubeIDE.app/Contents/Eclipse/plugins/com.st.stm32cube.ide.mcu.externaltools.gnu-tools-for-stm32.13.3.rel1.macos64_1.0.100.202509120712/tools/bin/../lib/gcc/arm-none-eabi/13.3.1/thumb/v7e-m+fp/hard/crtn.o
                0x20018000                        _estack = (ORIGIN (RAM) + LENGTH (RAM))
                0x00000200                        _Min_Heap_Size = 0x200
                0x00000400                        _Min_Stack_Size = 0x400

.isr_vector     0x08000000      0x188
                0x08000000                        . = ALIGN (0x4)
 *(.isr_vector)
 .isr_vector    0x08000000      0x188 ./Core/Startup/startup_stm32l476rgtx.o
                0x08000000                g_pfnVectors
                0x08000188                        . = ALIGN (0x4)

.text           0x08000188     0x9388
                0x08000188                        . = ALIGN (0x4)
 *(.text)
 .text          0x08000188       0x40 /Applications/STM32CubeIDE.app/Contents/Eclipse/plugins/com.st.stm32cube.ide.mcu.externaltools.gnu-tools-for-stm32.13.3.rel1.macos64_1.0.100.202509120712/tools/bin/../lib/gcc/arm-none-eabi/13.3.1/thumb/v7e-m+fp/hard/crtbegin.o
 .text          0x080001c8       0x30 /Applications/STM32CubeIDE.app/Contents/Eclipse/plugins/com.st.stm32cube.ide.mcu.externaltools.gnu-tools-for-stm32.13.3.rel1.macos64_1.0.100.202509120712/tools/bin/../lib/gcc/arm-none-eabi/13.3.1/thumb/v7e-m+fp/hard/libgcc.a(_aeabi_uldivmod.o)
                0x080001c8                __aeabi_uldivmod
 .text          0x080001f8      0x2f8 /Applications/STM32CubeIDE.app/Contents/Eclipse/plugins/com.st.stm32cube.ide.mcu.externaltools.gnu-tools-for-stm32.13.3.rel1.macos64_1.0.100.202509120712/tools/bin/../lib/gcc/arm-none-eabi/13.3.1/thumb/v7e-m+fp/hard/libgcc.a(_udivmoddi4.o)
                0x080001f8                __udivmoddi4
 .text          0x080004f0        0x4 /Applications/STM32CubeIDE.app/Contents/Eclipse/plugins/com.st.stm32cube.ide.mcu.externaltools.gnu-tools-for-stm32.13.3.rel1.macos64_1.0.100.202509120712/tools/bin/../lib/gcc/arm-none-eabi/13.3.1/thumb/v7e-m+fp/hard/libgcc.a(_dvmd_tls.o)
                0x080004f0                __aeabi_ldiv0
                0x080004f0                __aeabi_idiv0
 *(.text*)
 .text.sd_read_bytes
                0x080004f4       0x2c ./Core/Src/main.o
                0x080004f4                sd_read_bytes
 .text.LCD_putNibble
                0x08000520       0xac ./Core/Src/main.o
                0x08000520                LCD_putNibble
 .text.LCD_Pulse
                0x080005cc       0x30 ./Core/Src/main.o
                0x080005cc                LCD_Pulse
 .text.LCD_WriteCom
                0x080005fc       0x50 ./Core/Src/main.o
                0x080005fc                LCD_WriteCom
 .text.LCD_WriteData
                0x0800064c       0x50 ./Core/Src/main.o
                0x0800064c                LCD_WriteData
 .text.LCD_Init
                0x0800069c       0xa4 ./Core/Src/main.o
                0x0800069c                LCD_Init
 .text.LCD_Clear
                0x08000740       0x14 ./Core/Src/main.o
                0x08000740                LCD_Clear
 .text.LCD_DisplayString
                0x08000754       0x52 ./Core/Src/main.o
                0x08000754                LCD_DisplayString
 *fill*         0x080007a6        0x2 
 .text.HAL_SAI_TxHalfCpltCallback
                0x080007a8       0x20 ./Core/Src/main.o
                0x080007a8                HAL_SAI_TxHalfCpltCallback
 .text.HAL_SAI_TxCpltCallback
                0x080007c8       0x20 ./Core/Src/main.o
                0x080007c8                HAL_SAI_TxCpltCallback
 .text.refill_half_buffer
                0x080007e8      0x184 ./Core/Src/main.o
 .text.start_wav_playback
                0x0800096c       0x88 ./Core/Src/main.o
 .text.main     0x080009f4       0xc0 ./Core/Src/main.o
                0x080009f4                main
 .text.SystemClock_Config
                0x08000ab4       0x8c ./Core/Src/main.o
                0x08000ab4                SystemClock_Config
 .text.MX_SAI1_Init
                0x08000b40       0x6c ./Core/Src/main.o
 .text.MX_SPI1_Init
                0x08000bac       0x7c ./Core/Src/main.o
 .text.MX_USART2_UART_Init
                0x08000c28       0x60 ./Core/Src/main.o
 .text.MX_DMA_Init
                0x08000c88       0x3c ./Core/Src/main.o
 .text.MX_GPIO_Init
                0x08000cc4       0x94 ./Core/Src/main.o
 .text.Error_Handler
                0x08000d58        0xc ./Core/Src/main.o
                0x08000d58                Error_Handler
 .text.HAL_MspInit
                0x08000d64       0x48 ./Core/Src/stm32l4xx_hal_msp.o
                0x08000d64                HAL_MspInit
 .text.HAL_SPI_MspInit
                0x08000dac       0x84 ./Core/Src/stm32l4xx_hal_msp.o
                0x08000dac                HAL_SPI_MspInit
 .text.HAL_UART_MspInit
                0x08000e30       0xb8 ./Core/Src/stm32l4xx_hal_msp.o
                0x08000e30                HAL_UART_MspInit
 .text.HAL_SAI_MspInit
                0x08000ee8      0x168 ./Core/Src/stm32l4xx_hal_msp.o
                0x08000ee8                HAL_SAI_MspInit
 .text.NMI_Handler
                0x08001050        0x8 ./Core/Src/stm32l4xx_it.o
                0x08001050                NMI_Handler
 .text.HardFault_Handler
                0x08001058        0x8 ./Core/Src/stm32l4xx_it.o
                0x08001058                HardFault_Handler
 .text.MemManage_Handler
                0x08001060        0x8 ./Core/Src/stm32l4xx_it.o
                0x08001060                MemManage_Handler
 .text.BusFault_Handler
                0x08001068        0x8 ./Core/Src/stm32l4xx_it.o
                0x08001068                BusFault_Handler
 .text.UsageFault_Handler
                0x08001070        0x8 ./Core/Src/stm32l4xx_it.o
                0x08001070                UsageFault_Handler
 .text.SVC_Handler
                0x08001078        0xe ./Core/Src/stm32l4xx_it.o
                0x08001078                SVC_Handler
 .text.DebugMon_Handler
                0x08001086        0xe ./Core/Src/stm32l4xx_it.o
                0x08001086                DebugMon_Handler
 .text.PendSV_Handler
                0x08001094        0xe ./Core/Src/stm32l4xx_it.o
                0x08001094                PendSV_Handler
 .text.SysTick_Handler
                0x080010a2        0xc ./Core/Src/stm32l4xx_it.o
                0x080010a2                SysTick_Handler
 *fill*         0x080010ae        0x2 
 .text.DMA2_Channel1_IRQHandler
                0x080010b0       0x14 ./Core/Src/stm32l4xx_it.o
                0x080010b0                DMA2_Channel1_IRQHandler
 .text._sbrk    0x080010c4       0x6c ./Core/Src/sysmem.o
                0x080010c4                _sbrk
 .text.SystemInit
                0x08001130       0x24 ./Core/Src/system_stm32l4xx.o
                0x08001130                SystemInit
 .text.le32     0x08001154       0x38 ./Core/Src/wav.o
 .text.le16     0x0800118c       0x2c ./Core/Src/wav.o
 .text.wav_parse_header
                0x080011b8      0x280 ./Core/Src/wav.o
                0x080011b8                wav_parse_header
 .text.Reset_Handler
                0x08001438       0x50 ./Core/Startup/startup_stm32l476rgtx.o
                0x08001438                Reset_Handler
 .text.Default_Handler
                0x08001488        0x2 ./Core/Startup/startup_stm32l476rgtx.o
                0x08001488                TIM1_BRK_TIM15_IRQHandler
                0x08001488                EXTI2_IRQHandler
                0x08001488                TIM8_TRG_COM_IRQHandler
                0x08001488                TIM8_CC_IRQHandler
                0x08001488                TIM1_CC_IRQHandler
                0x08001488                TSC_IRQHandler
                0x08001488                TAMP_STAMP_IRQHandler
                0x08001488                EXTI3_IRQHandler
                0x08001488                LPTIM2_IRQHandler
                0x08001488                DFSDM1_FLT1_IRQHandler
                0x08001488                I2C3_ER_IRQHandler
                0x08001488                DFSDM1_FLT2_IRQHandler
                0x08001488                EXTI0_IRQHandler
                0x08001488                I2C2_EV_IRQHandler
                0x08001488                CAN1_RX0_IRQHandler
                0x08001488                FPU_IRQHandler
                0x08001488                TIM1_UP_TIM16_IRQHandler
                0x08001488                ADC1_2_IRQHandler
                0x08001488                SPI1_IRQHandler
                0x08001488                TIM6_DAC_IRQHandler
                0x08001488                TIM8_UP_IRQHandler
                0x08001488                DMA2_Channel2_IRQHandler
                0x08001488                DMA1_Channel4_IRQHandler
                0x08001488                SAI2_IRQHandler
                0x08001488                DFSDM1_FLT3_IRQHandler
                0x08001488                USART3_IRQHandler
                0x08001488                DMA1_Channel7_IRQHandler
                0x08001488                CAN1_RX1_IRQHandler
                0x08001488                LCD_IRQHandler
                0x08001488                UART5_IRQHandler
                0x08001488                ADC3_IRQHandler
                0x08001488                TIM4_IRQHandler
                0x08001488                QUADSPI_IRQHandler
                0x08001488                I2C1_EV_IRQHandler
                0x08001488                DMA1_Channel6_IRQHandler
                0x08001488                UART4_IRQHandler
                0x08001488                DMA2_Channel4_IRQHandler
                0x08001488                TIM3_IRQHandler
                0x08001488                RCC_IRQHandler
                0x08001488                DMA1_Channel1_IRQHandler
                0x08001488                Default_Handler
                0x08001488                DMA2_Channel7_IRQHandler
                0x08001488                EXTI15_10_IRQHandler
                0x08001488                TIM7_IRQHandler
                0x08001488                SDMMC1_IRQHandler
                0x08001488                TIM5_IRQHandler
                0x08001488                I2C3_EV_IRQHandler
                0x08001488                EXTI9_5_IRQHandler
                0x08001488                RTC_WKUP_IRQHandler
                0x08001488                PVD_PVM_IRQHandler
                0x08001488                SPI2_IRQHandler
                0x08001488                CAN1_TX_IRQHandler
                0x08001488                DMA2_Channel5_IRQHandler
                0x08001488                DMA1_Channel5_IRQHandler
                0x08001488                EXTI4_IRQHandler
                0x08001488                RNG_IRQHandler
                0x08001488                TIM1_TRG_COM_TIM17_IRQHandler
                0x08001488                DMA1_Channel3_IRQHandler
                0x08001488                COMP_IRQHandler
                0x08001488                WWDG_IRQHandler
                0x08001488                LPUART1_IRQHandler
                0x08001488                DMA2_Channel6_IRQHandler
                0x08001488                TIM2_IRQHandler
                0x08001488                EXTI1_IRQHandler
                0x08001488                USART2_IRQHandler
                0x08001488                DFSDM1_FLT0_IRQHandler
                0x08001488                I2C2_ER_IRQHandler
                0x08001488                DMA1_Channel2_IRQHandler
                0x08001488                TIM8_BRK_IRQHandler
                0x08001488                CAN1_SCE_IRQHandler
                0x08001488                FLASH_IRQHandler
                0x08001488                USART1_IRQHandler
                0x08001488                OTG_FS_IRQHandler
                0x08001488                SPI3_IRQHandler
                0x08001488                I2C1_ER_IRQHandler
                0x08001488                FMC_IRQHandler
                0x08001488                SWPMI1_IRQHandler
                0x08001488                LPTIM1_IRQHandler
                0x08001488                SAI1_IRQHandler
                0x08001488                DMA2_Channel3_IRQHandler
                0x08001488                RTC_Alarm_IRQHandler
 .text.HAL_Init
                0x0800148a       0x30 ./Drivers/STM32L4xx_HAL_Driver/Src/stm32l4xx_hal.o
                0x0800148a                HAL_Init
 *fill*         0x080014ba        0x2 
 .text.HAL_InitTick
                0x080014bc       0x78 ./Drivers/STM32L4xx_HAL_Driver/Src/stm32l4xx_hal.o
                0x080014bc                HAL_InitTick
 .text.HAL_IncTick
                0x08001534       0x28 ./Drivers/STM32L4xx_HAL_Driver/Src/stm32l4xx_hal.o
                0x08001534                HAL_IncTick
 .text.HAL_GetTick
                0x0800155c       0x18 ./Drivers/STM32L4xx_HAL_Driver/Src/stm32l4xx_hal.o
                0x0800155c                HAL_GetTick
 .text.HAL_Delay
                0x08001574       0x48 ./Drivers/STM32L4xx_HAL_Driver/Src/stm32l4xx_hal.o
                0x08001574                HAL_Delay
 .text.__NVIC_SetPriorityGrouping
                0x080015bc       0x48 ./Drivers/STM32L4xx_HAL_Driver/Src/stm32l4xx_hal_cortex.o
 .text.__NVIC_GetPriorityGrouping
                0x08001604       0x1c ./Drivers/STM32L4xx_HAL_Driver/Src/stm32l4xx_hal_cortex.o
 .text.__NVIC_EnableIRQ
                0x08001620       0x3c ./Drivers/STM32L4xx_HAL_Driver/Src/stm32l4xx_hal_cortex.o
 .text.__NVIC_SetPriority
                0x0800165c       0x54 ./Drivers/STM32L4xx_HAL_Driver/Src/stm32l4xx_hal_cortex.o
 .text.NVIC_EncodePriority
                0x080016b0       0x66 ./Drivers/STM32L4xx_HAL_Driver/Src/stm32l4xx_hal_cortex.o
 *fill*         0x08001716        0x2 
 .text.SysTick_Config
                0x08001718       0x44 ./Drivers/STM32L4xx_HAL_Driver/Src/stm32l4xx_hal_cortex.o
 .text.HAL_NVIC_SetPriorityGrouping
                0x0800175c       0x16 ./Drivers/STM32L4xx_HAL_Driver/Src/stm32l4xx_hal_cortex.o
                0x0800175c                HAL_NVIC_SetPriorityGrouping
 .text.HAL_NVIC_SetPriority
                0x08001772       0x38 ./Drivers/STM32L4xx_HAL_Driver/Src/stm32l4xx_hal_cortex.o
                0x08001772                HAL_NVIC_SetPriority
 .text.HAL_NVIC_EnableIRQ
                0x080017aa       0x1c ./Drivers/STM32L4xx_HAL_Driver/Src/stm32l4xx_hal_cortex.o
                0x080017aa                HAL_NVIC_EnableIRQ
 .text.HAL_SYSTICK_Config
                0x080017c6       0x18 ./Drivers/STM32L4xx_HAL_Driver/Src/stm32l4xx_hal_cortex.o
                0x080017c6                HAL_SYSTICK_Config
 *fill*         0x080017de        0x2 
 .text.HAL_DMA_Init
                0x080017e0      0x170 ./Drivers/STM32L4xx_HAL_Driver/Src/stm32l4xx_hal_dma.o
                0x080017e0                HAL_DMA_Init
 .text.HAL_DMA_Start_IT
                0x08001950       0xc0 ./Drivers/STM32L4xx_HAL_Driver/Src/stm32l4xx_hal_dma.o
                0x08001950                HAL_DMA_Start_IT
 .text.HAL_DMA_IRQHandler
                0x08001a10      0x15e ./Drivers/STM32L4xx_HAL_Driver/Src/stm32l4xx_hal_dma.o
                0x08001a10                HAL_DMA_IRQHandler
 .text.DMA_SetConfig
                0x08001b6e       0x60 ./Drivers/STM32L4xx_HAL_Driver/Src/stm32l4xx_hal_dma.o
 *fill*         0x08001bce        0x2 
 .text.HAL_GPIO_Init
                0x08001bd0      0x354 ./Drivers/STM32L4xx_HAL_Driver/Src/stm32l4xx_hal_gpio.o
                0x08001bd0                HAL_GPIO_Init
 .text.HAL_GPIO_WritePin
                0x08001f24       0x30 ./Drivers/STM32L4xx_HAL_Driver/Src/stm32l4xx_hal_gpio.o
                0x08001f24                HAL_GPIO_WritePin
 .text.HAL_PWREx_GetVoltageRange
                0x08001f54       0x1c ./Drivers/STM32L4xx_HAL_Driver/Src/stm32l4xx_hal_pwr_ex.o
                0x08001f54                HAL_PWREx_GetVoltageRange
 .text.HAL_PWREx_ControlVoltageScaling
                0x08001f70       0xac ./Drivers/STM32L4xx_HAL_Driver/Src/stm32l4xx_hal_pwr_ex.o
                0x08001f70                HAL_PWREx_ControlVoltageScaling
 .text.HAL_RCC_OscConfig
                0x0800201c      0x7b8 ./Drivers/STM32L4xx_HAL_Driver/Src/stm32l4xx_hal_rcc.o
                0x0800201c                HAL_RCC_OscConfig
 .text.HAL_RCC_ClockConfig
                0x080027d4      0x200 ./Drivers/STM32L4xx_HAL_Driver/Src/stm32l4xx_hal_rcc.o
                0x080027d4                HAL_RCC_ClockConfig
 .text.HAL_RCC_GetSysClockFreq
                0x080029d4      0x118 ./Drivers/STM32L4xx_HAL_Driver/Src/stm32l4xx_hal_rcc.o
                0x080029d4                HAL_RCC_GetSysClockFreq
 .text.HAL_RCC_GetHCLKFreq
                0x08002aec       0x18 ./Drivers/STM32L4xx_HAL_Driver/Src/stm32l4xx_hal_rcc.o
                0x08002aec                HAL_RCC_GetHCLKFreq
 .text.HAL_RCC_GetPCLK1Freq
                0x08002b04       0x2c ./Drivers/STM32L4xx_HAL_Driver/Src/stm32l4xx_hal_rcc.o
                0x08002b04                HAL_RCC_GetPCLK1Freq
 .text.HAL_RCC_GetPCLK2Freq
                0x08002b30       0x2c ./Drivers/STM32L4xx_HAL_Driver/Src/stm32l4xx_hal_rcc.o
                0x08002b30                HAL_RCC_GetPCLK2Freq
 .text.RCC_SetFlashLatencyFromMSIRange
                0x08002b5c       0xc0 ./Drivers/STM32L4xx_HAL_Driver/Src/stm32l4xx_hal_rcc.o
 .text.HAL_RCCEx_PeriphCLKConfig
                0x08002c1c      0x5d4 ./Drivers/STM32L4xx_HAL_Driver/Src/stm32l4xx_hal_rcc_ex.o
                0x08002c1c                HAL_RCCEx_PeriphCLKConfig
 .text.HAL_RCCEx_GetPeriphCLKFreq
                0x080031f0      0xadc ./Drivers/STM32L4xx_HAL_Driver/Src/stm32l4xx_hal_rcc_ex.o
                0x080031f0                HAL_RCCEx_GetPeriphCLKFreq
 .text.RCCEx_PLLSAI1_Config
                0x08003ccc      0x1e8 ./Drivers/STM32L4xx_HAL_Driver/Src/stm32l4xx_hal_rcc_ex.o
 .text.RCCEx_PLLSAI2_Config
                0x08003eb4      0x1bc ./Drivers/STM32L4xx_HAL_Driver/Src/stm32l4xx_hal_rcc_ex.o
 .text.RCCEx_GetSAIxPeriphCLKFreq
                0x08004070      0x1e0 ./Drivers/STM32L4xx_HAL_Driver/Src/stm32l4xx_hal_rcc_ex.o
 .text.HAL_SAI_InitProtocol
                0x08004250       0x62 ./Drivers/STM32L4xx_HAL_Driver/Src/stm32l4xx_hal_sai.o
                0x08004250                HAL_SAI_InitProtocol
 *fill*         0x080042b2        0x2 
 .text.HAL_SAI_Init
                0x080042b4      0x2e4 ./Drivers/STM32L4xx_HAL_Driver/Src/stm32l4xx_hal_sai.o
                0x080042b4                HAL_SAI_Init
 .text.HAL_SAI_Transmit_DMA
                0x08004598      0x160 ./Drivers/STM32L4xx_HAL_Driver/Src/stm32l4xx_hal_sai.o
                0x08004598                HAL_SAI_Transmit_DMA
 .text.HAL_SAI_ErrorCallback
                0x080046f8       0x14 ./Drivers/STM32L4xx_HAL_Driver/Src/stm32l4xx_hal_sai.o
                0x080046f8                HAL_SAI_ErrorCallback
 .text.SAI_InitI2S
                0x0800470c      0x164 ./Drivers/STM32L4xx_HAL_Driver/Src/stm32l4xx_hal_sai.o
 .text.SAI_InitPCM
                0x08004870      0x104 ./Drivers/STM32L4xx_HAL_Driver/Src/stm32l4xx_hal_sai.o
 .text.SAI_InterruptFlag
                0x08004974       0x6e ./Drivers/STM32L4xx_HAL_Driver/Src/stm32l4xx_hal_sai.o
 *fill*         0x080049e2        0x2 
 .text.SAI_Disable
                0x080049e4       0x74 ./Drivers/STM32L4xx_HAL_Driver/Src/stm32l4xx_hal_sai.o
 .text.SAI_DMATxCplt
                0x08004a58       0x5e ./Drivers/STM32L4xx_HAL_Driver/Src/stm32l4xx_hal_sai.o
 .text.SAI_DMATxHalfCplt
                0x08004ab6       0x1c ./Drivers/STM32L4xx_HAL_Driver/Src/stm32l4xx_hal_sai.o
 .text.SAI_DMAError
                0x08004ad2       0x52 ./Drivers/STM32L4xx_HAL_Driver/Src/stm32l4xx_hal_sai.o
 .text.HAL_SPI_Init
                0x08004b24      0x146 ./Drivers/STM32L4xx_HAL_Driver/Src/stm32l4xx_hal_spi.o
                0x08004b24                HAL_SPI_Init
 .text.HAL_SPI_Transmit
                0x08004c6a      0x2ec ./Drivers/STM32L4xx_HAL_Driver/Src/stm32l4xx_hal_spi.o
                0x08004c6a                HAL_SPI_Transmit
 .text.HAL_SPI_TransmitReceive
                0x08004f56      0x43e ./Drivers/STM32L4xx_HAL_Driver/Src/stm32l4xx_hal_spi.o
                0x08004f56                HAL_SPI_TransmitReceive
 .text.SPI_WaitFlagStateUntilTimeout
                0x08005394      0x110 ./Drivers/STM32L4xx_HAL_Driver/Src/stm32l4xx_hal_spi.o
 .text.SPI_WaitFifoStateUntilTimeout
                0x080054a4      0x12c ./Drivers/STM32L4xx_HAL_Driver/Src/stm32l4xx_hal_spi.o
 .text.SPI_EndRxTxTransaction
                0x080055d0       0x8c ./Drivers/STM32L4xx_HAL_Driver/Src/stm32l4xx_hal_spi.o
 .text.HAL_UART_Init
                0x0800565c       0x9c ./Drivers/STM32L4xx_HAL_Driver/Src/stm32l4xx_hal_uart.o
                0x0800565c                HAL_UART_Init
 .text.UART_SetConfig
                0x080056f8      0x570 ./Drivers/STM32L4xx_HAL_Driver/Src/stm32l4xx_hal_uart.o
                0x080056f8                UART_SetConfig
 .text.UART_AdvFeatureConfig
                0x08005c68      0x144 ./Drivers/STM32L4xx_HAL_Driver/Src/stm32l4xx_hal_uart.o
                0x08005c68                UART_AdvFeatureConfig
 .text.UART_CheckIdleState
                0x08005dac      0x150 ./Drivers/STM32L4xx_HAL_Driver/Src/stm32l4xx_hal_uart.o
                0x08005dac                UART_CheckIdleState
 .text.UART_WaitOnFlagUntilTimeout
                0x08005efc       0xda ./Drivers/STM32L4xx_HAL_Driver/Src/stm32l4xx_hal_uart.o
                0x08005efc                UART_WaitOnFlagUntilTimeout
 .text.UART_EndRxTransfer
                0x08005fd6       0xc8 ./Drivers/STM32L4xx_HAL_Driver/Src/stm32l4xx_hal_uart.o
 *fill*         0x0800609e        0x2 
 .text.MX_FATFS_Init
                0x080060a0       0x24 ./FATFS/App/fatfs.o
                0x080060a0                MX_FATFS_Init
 .text.get_fattime
                0x080060c4       0x10 ./FATFS/App/fatfs.o
                0x080060c4                get_fattime
 .text.USER_initialize
                0x080060d4       0x1c ./FATFS/Target/user_diskio.o
                0x080060d4                USER_initialize
 .text.USER_status
                0x080060f0       0x1c ./FATFS/Target/user_diskio.o
                0x080060f0                USER_status
 .text.USER_read
                0x0800610c       0x26 ./FATFS/Target/user_diskio.o
                0x0800610c                USER_read
 .text.USER_write
                0x08006132       0x26 ./FATFS/Target/user_diskio.o
                0x08006132                USER_write
 .text.USER_ioctl
                0x08006158       0x26 ./FATFS/Target/user_diskio.o
                0x08006158                USER_ioctl
 *fill*         0x0800617e        0x2 
 .text.SPI_Timer_On
                0x08006180       0x28 ./FATFS/Target/user_diskio_spi.o
                0x08006180                SPI_Timer_On
 .text.SPI_Timer_Status
                0x080061a8       0x2c ./FATFS/Target/user_diskio_spi.o
                0x080061a8                SPI_Timer_Status
 .text.xchg_spi
                0x080061d4       0x2c ./FATFS/Target/user_diskio_spi.o
 .text.rcvr_spi_multi
                0x08006200       0x38 ./FATFS/Target/user_diskio_spi.o
 .text.xmit_spi_multi
                0x08006238       0x28 ./FATFS/Target/user_diskio_spi.o
 .text.wait_ready
                0x08006260       0x46 ./FATFS/Target/user_diskio_spi.o
 .text.despiselect
                0x080062a6       0x1a ./FATFS/Target/user_diskio_spi.o
 .text.spiselect
                0x080062c0       0x32 ./FATFS/Target/user_diskio_spi.o
 .text.rcvr_datablock
                0x080062f2       0x52 ./FATFS/Target/user_diskio_spi.o
 .text.xmit_datablock
                0x08006344       0x64 ./FATFS/Target/user_diskio_spi.o
 .text.send_cmd
                0x080063a8       0xde ./FATFS/Target/user_diskio_spi.o
 *fill*         0x08006486        0x2 
 .text.USER_SPI_initialize
                0x08006488      0x1d8 ./FATFS/Target/user_diskio_spi.o
                0x08006488                USER_SPI_initialize
 .text.USER_SPI_status
                0x08006660       0x2c ./FATFS/Target/user_diskio_spi.o
                0x08006660                USER_SPI_status
 .text.USER_SPI_read
                0x0800668c       0xcc ./FATFS/Target/user_diskio_spi.o
                0x0800668c                USER_SPI_read
 .text.USER_SPI_write
                0x08006758       0xf8 ./FATFS/Target/user_diskio_spi.o
                0x08006758                USER_SPI_write
 .text.USER_SPI_ioctl
                0x08006850      0x2e0 ./FATFS/Target/user_diskio_spi.o
                0x08006850                USER_SPI_ioctl
 .text.disk_status
                0x08006b30       0x34 ./Middlewares/Third_Party/FatFs/src/diskio.o
                0x08006b30                disk_status
 .text.disk_initialize
                0x08006b64       0x4c ./Middlewares/Third_Party/FatFs/src/diskio.o
                0x08006b64                disk_initialize
 .text.disk_read
                0x08006bb0       0x40 ./Middlewares/Third_Party/FatFs/src/diskio.o
                0x08006bb0                disk_read
 .text.disk_write
                0x08006bf0       0x40 ./Middlewares/Third_Party/FatFs/src/diskio.o
                0x08006bf0                disk_write
 .text.disk_ioctl
                0x08006c30       0x3c ./Middlewares/Third_Party/FatFs/src/diskio.o
                0x08006c30                disk_ioctl
 .text.ld_word  0x08006c6c       0x32 ./Middlewares/Third_Party/FatFs/src/ff.o
 .text.ld_dword
                0x08006c9e       0x46 ./Middlewares/Third_Party/FatFs/src/ff.o
 .text.st_word  0x08006ce4       0x36 ./Middlewares/Third_Party/FatFs/src/ff.o
 .text.st_dword
                0x08006d1a       0x58 ./Middlewares/Third_Party/FatFs/src/ff.o
 .text.mem_cpy  0x08006d72       0x42 ./Middlewares/Third_Party/FatFs/src/ff.o
 .text.mem_set  0x08006db4       0x36 ./Middlewares/Third_Party/FatFs/src/ff.o
 .text.mem_cmp  0x08006dea       0x4e ./Middlewares/Third_Party/FatFs/src/ff.o
 .text.chk_chr  0x08006e38       0x36 ./Middlewares/Third_Party/FatFs/src/ff.o
 *fill*         0x08006e6e        0x2 
 .text.chk_lock
                0x08006e70       0xb8 ./Middlewares/Third_Party/FatFs/src/ff.o
 .text.enq_lock
                0x08006f28       0x44 ./Middlewares/Third_Party/FatFs/src/ff.o
 .text.inc_lock
                0x08006f6c      0x11c ./Middlewares/Third_Party/FatFs/src/ff.o
 .text.dec_lock
                0x08007088       0x78 ./Middlewares/Third_Party/FatFs/src/ff.o
 .text.clear_lock
                0x08007100       0x48 ./Middlewares/Third_Party/FatFs/src/ff.o
 .text.sync_window
                0x08007148       0x88 ./Middlewares/Third_Party/FatFs/src/ff.o
 .text.move_window
                0x080071d0       0x5a ./Middlewares/Third_Party/FatFs/src/ff.o
 *fill*         0x0800722a        0x2 
 .text.sync_fs  0x0800722c       0xdc ./Middlewares/Third_Party/FatFs/src/ff.o
 .text.clust2sect
                0x08007308       0x3e ./Middlewares/Third_Party/FatFs/src/ff.o
 .text.get_fat  0x08007346      0x14e ./Middlewares/Third_Party/FatFs/src/ff.o
 .text.put_fat  0x08007494      0x1d4 ./Middlewares/Third_Party/FatFs/src/ff.o
 .text.remove_chain
                0x08007668       0xca ./Middlewares/Third_Party/FatFs/src/ff.o
 .text.create_chain
                0x08007732      0x130 ./Middlewares/Third_Party/FatFs/src/ff.o
 .text.clmt_clust
                0x08007862       0x68 ./Middlewares/Third_Party/FatFs/src/ff.o
 .text.dir_sdi  0x080078ca       0xf6 ./Middlewares/Third_Party/FatFs/src/ff.o
 .text.dir_next
                0x080079c0      0x18a ./Middlewares/Third_Party/FatFs/src/ff.o
 .text.dir_alloc
                0x08007b4a       0x8e ./Middlewares/Third_Party/FatFs/src/ff.o
 .text.ld_clust
                0x08007bd8       0x3e ./Middlewares/Third_Party/FatFs/src/ff.o
 .text.st_clust
                0x08007c16       0x40 ./Middlewares/Third_Party/FatFs/src/ff.o
 .text.dir_find
                0x08007c56       0xaa ./Middlewares/Third_Party/FatFs/src/ff.o
 .text.dir_register
                0x08007d00       0x64 ./Middlewares/Third_Party/FatFs/src/ff.o
 .text.create_name
                0x08007d64      0x128 ./Middlewares/Third_Party/FatFs/src/ff.o
 .text.follow_path
                0x08007e8c       0xe2 ./Middlewares/Third_Party/FatFs/src/ff.o
 .text.get_ldnumber
                0x08007f6e       0x88 ./Middlewares/Third_Party/FatFs/src/ff.o
 *fill*         0x08007ff6        0x2 
 .text.check_fs
                0x08007ff8       0xac ./Middlewares/Third_Party/FatFs/src/ff.o
 .text.find_volume
                0x080080a4      0x498 ./Middlewares/Third_Party/FatFs/src/ff.o
 .text.validate
                0x0800853c       0x6a ./Middlewares/Third_Party/FatFs/src/ff.o
 *fill*         0x080085a6        0x2 
 .text.f_mount  0x080085a8       0x8c ./Middlewares/Third_Party/FatFs/src/ff.o
                0x080085a8                f_mount
 .text.f_open   0x08008634      0x374 ./Middlewares/Third_Party/FatFs/src/ff.o
                0x08008634                f_open
 .text.f_read   0x080089a8      0x27e ./Middlewares/Third_Party/FatFs/src/ff.o
                0x080089a8                f_read
 .text.f_sync   0x08008c26       0xfc ./Middlewares/Third_Party/FatFs/src/ff.o
                0x08008c26                f_sync
 .text.f_close  0x08008d22       0x54 ./Middlewares/Third_Party/FatFs/src/ff.o
                0x08008d22                f_close
 .text.f_lseek  0x08008d76      0x412 ./Middlewares/Third_Party/FatFs/src/ff.o
                0x08008d76                f_lseek
 .text.FATFS_LinkDriverEx
                0x08009188       0x98 ./Middlewares/Third_Party/FatFs/src/ff_gen_drv.o
                0x08009188                FATFS_LinkDriverEx
 .text.FATFS_LinkDriver
                0x08009220       0x1e ./Middlewares/Third_Party/FatFs/src/ff_gen_drv.o
                0x08009220                FATFS_LinkDriver
 *fill*         0x0800923e        0x2 
 .text.malloc   0x08009240       0x10 /Applications/STM32CubeIDE.app/Contents/Eclipse/plugins/com.st.stm32cube.ide.mcu.externaltools.gnu-tools-for-stm32.13.3.rel1.macos64_1.0.100.202509120712/tools/bin/../lib/gcc/arm-none-eabi/13.3.1/../../../../arm-none-eabi/lib/thumb/v7e-m+fp/hard/libc_nano.a(libc_a-malloc.o)
                0x08009240                malloc
 .text.free     0x08009250       0x10 /Applications/STM32CubeIDE.app/Contents/Eclipse/plugins/com.st.stm32cube.ide.mcu.externaltools.gnu-tools-for-stm32.13.3.rel1.macos64_1.0.100.202509120712/tools/bin/../lib/gcc/arm-none-eabi/13.3.1/../../../../arm-none-eabi/lib/thumb/v7e-m+fp/hard/libc_nano.a(libc_a-malloc.o)
                0x08009250                free
 .text.sbrk_aligned
                0x08009260       0x44 /Applications/STM32CubeIDE.app/Contents/Eclipse/plugins/com.st.stm32cube.ide.mcu.externaltools.gnu-tools-for-stm32.13.3.rel1.macos64_1.0.100.202509120712/tools/bin/../lib/gcc/arm-none-eabi/13.3.1/../../../../arm-none-eabi/lib/thumb/v7e-m+fp/hard/libc_nano.a(libc_a-mallocr.o)
 .text._malloc_r
                0x080092a4      0x100 /Applications/STM32CubeIDE.app/Contents/Eclipse/plugins/com.st.stm32cube.ide.mcu.externaltools.gnu-tools-for-stm32.13.3.rel1.macos64_1.0.100.202509120712/tools/bin/../lib/gcc/arm-none-eabi/13.3.1/../../../../arm-none-eabi/lib/thumb/v7e-m+fp/hard/libc_nano.a(libc_a-mallocr.o)
                0x080092a4                _malloc_r
 .text.__malloc_lock
                0x080093a4        0xc /Applications/STM32CubeIDE.app/Contents/Eclipse/plugins/com.st.stm32cube.ide.mcu.externaltools.gnu-tools-for-stm32.13.3.rel1.macos64_1.0.100.202509120712/tools/bin/../lib/gcc/arm-none-eabi/13.3.1/../../../../arm-none-eabi/lib/thumb/v7e-m+fp/hard/libc_nano.a(libc_a-mlock.o)
                0x080093a4                __malloc_lock
 .text.__malloc_unlock
                0x080093b0        0xc /Applications/STM32CubeIDE.app/Contents/Eclipse/plugins/com.st.stm32cube.ide.mcu.externaltools.gnu-tools-for-stm32.13.3.rel1.macos64_1.0.100.202509120712/tools/bin/../lib/gcc/arm-none-eabi/13.3.1/../../../../arm-none-eabi/lib/thumb/v7e-m+fp/hard/libc_nano.a(libc_a-mlock.o)
                0x080093b0                __malloc_unlock
 .text.memcmp   0x080093bc       0x20 /Applications/STM32CubeIDE.app/Contents/Eclipse/plugins/com.st.stm32cube.ide.mcu.externaltools.gnu-tools-for-stm32.13.3.rel1.macos64_1.0.100.202509120712/tools/bin/../lib/gcc/arm-none-eabi/13.3.1/../../../../arm-none-eabi/lib/thumb/v7e-m+fp/hard/libc_nano.a(libc_a-memcmp.o)
                0x080093bc                memcmp
 .text.memset   0x080093dc       0x10 /Applications/STM32CubeIDE.app/Contents/Eclipse/plugins/com.st.stm32cube.ide.mcu.externaltools.gnu-tools-for-stm32.13.3.rel1.macos64_1.0.100.202509120712/tools/bin/../lib/gcc/arm-none-eabi/13.3.1/../../../../arm-none-eabi/lib/thumb/v7e-m+fp/hard/libc_nano.a(libc_a-memset.o)
                0x080093dc                memset
 .text._sbrk_r  0x080093ec       0x20 /Applications/STM32CubeIDE.app/Contents/Eclipse/plugins/com.st.stm32cube.ide.mcu.externaltools.gnu-tools-for-stm32.13.3.rel1.macos64_1.0.100.202509120712/tools/bin/../lib/gcc/arm-none-eabi/13.3.1/../../../../arm-none-eabi/lib/thumb/v7e-m+fp/hard/libc_nano.a(libc_a-sbrkr.o)
                0x080093ec                _sbrk_r
 .text.__errno  0x0800940c        0xc /Applications/STM32CubeIDE.app/Contents/Eclipse/plugins/com.st.stm32cube.ide.mcu.externaltools.gnu-tools-for-stm32.13.3.rel1.macos64_1.0.100.202509120712/tools/bin/../lib/gcc/arm-none-eabi/13.3.1/../../../../arm-none-eabi/lib/thumb/v7e-m+fp/hard/libc_nano.a(libc_a-errno.o)
                0x0800940c                __errno
 .text.__libc_init_array
                0x08009418       0x48 /Applications/STM32CubeIDE.app/Contents/Eclipse/plugins/com.st.stm32cube.ide.mcu.externaltools.gnu-tools-for-stm32.13.3.rel1.macos64_1.0.100.202509120712/tools/bin/../lib/gcc/arm-none-eabi/13.3.1/../../../../arm-none-eabi/lib/thumb/v7e-m+fp/hard/libc_nano.a(libc_a-init.o)
                0x08009418                __libc_init_array
 .text.__retarget_lock_acquire_recursive
                0x08009460        0x2 /Applications/STM32CubeIDE.app/Contents/Eclipse/plugins/com.st.stm32cube.ide.mcu.externaltools.gnu-tools-for-stm32.13.3.rel1.macos64_1.0.100.202509120712/tools/bin/../lib/gcc/arm-none-eabi/13.3.1/../../../../arm-none-eabi/lib/thumb/v7e-m+fp/hard/libc_nano.a(libc_a-lock.o)
                0x08009460                __retarget_lock_acquire_recursive
 .text.__retarget_lock_release_recursive
                0x08009462        0x2 /Applications/STM32CubeIDE.app/Contents/Eclipse/plugins/com.st.stm32cube.ide.mcu.externaltools.gnu-tools-for-stm32.13.3.rel1.macos64_1.0.100.202509120712/tools/bin/../lib/gcc/arm-none-eabi/13.3.1/../../../../arm-none-eabi/lib/thumb/v7e-m+fp/hard/libc_nano.a(libc_a-lock.o)
                0x08009462                __retarget_lock_release_recursive
 .text._free_r  0x08009464       0x94 /Applications/STM32CubeIDE.app/Contents/Eclipse/plugins/com.st.stm32cube.ide.mcu.externaltools.gnu-tools-for-stm32.13.3.rel1.macos64_1.0.100.202509120712/tools/bin/../lib/gcc/arm-none-eabi/13.3.1/../../../../arm-none-eabi/lib/thumb/v7e-m+fp/hard/libc_nano.a(libc_a-freer.o)
                0x08009464                _free_r
 *(.glue_7)
 .glue_7        0x080094f8        0x0 linker stubs
 *(.glue_7t)
 .glue_7t       0x080094f8        0x0 linker stubs
 *(.eh_frame)
 .eh_frame      0x080094f8        0x0 /Applications/STM32CubeIDE.app/Contents/Eclipse/plugins/com.st.stm32cube.ide.mcu.externaltools.gnu-tools-for-stm32.13.3.rel1.macos64_1.0.100.202509120712/tools/bin/../lib/gcc/arm-none-eabi/13.3.1/thumb/v7e-m+fp/hard/crtbegin.o
 *(.init)
 .init          0x080094f8        0x4 /Applications/STM32CubeIDE.app/Contents/Eclipse/plugins/com.st.stm32cube.ide.mcu.externaltools.gnu-tools-for-stm32.13.3.rel1.macos64_1.0.100.202509120712/tools/bin/../lib/gcc/arm-none-eabi/13.3.1/thumb/v7e-m+fp/hard/crti.o
                0x080094f8                _init
 .init          0x080094fc        0x8 /Applications/STM32CubeIDE.app/Contents/Eclipse/plugins/com.st.stm32cube.ide.mcu.externaltools.gnu-tools-for-stm32.13.3.rel1.macos64_1.0.100.202509120712/tools/bin/../lib/gcc/arm-none-eabi/13.3.1/thumb/v7e-m+fp/hard/crtn.o
 *(.fini)
 .fini          0x08009504        0x4 /Applications/STM32CubeIDE.app/Contents/Eclipse/plugins/com.st.stm32cube.ide.mcu.externaltools.gnu-tools-for-stm32.13.3.rel1.macos64_1.0.100.202509120712/tools/bin/../lib/gcc/arm-none-eabi/13.3.1/thumb/v7e-m+fp/hard/crti.o
                0x08009504                _fini
 .fini          0x08009508        0x8 /Applications/STM32CubeIDE.app/Contents/Eclipse/plugins/com.st.stm32cube.ide.mcu.externaltools.gnu-tools-for-stm32.13.3.rel1.macos64_1.0.100.202509120712/tools/bin/../lib/gcc/arm-none-eabi/13.3.1/thumb/v7e-m+fp/hard/crtn.o
                0x08009510                        . = ALIGN (0x4)
                0x08009510                        _etext = .

.vfp11_veneer   0x08009510        0x0
 .vfp11_veneer  0x08009510        0x0 linker stubs

.v4_bx          0x08009510        0x0
 .v4_bx         0x08009510        0x0 linker stubs

.iplt           0x08009510        0x0
 .iplt          0x08009510        0x0 /Applications/STM32CubeIDE.app/Contents/Eclipse/plugins/com.st.stm32cube.ide.mcu.externaltools.gnu-tools-for-stm32.13.3.rel1.macos64_1.0.100.202509120712/tools/bin/../lib/gcc/arm-none-eabi/13.3.1/thumb/v7e-m+fp/hard/crtbegin.o

.rodata         0x08009510      0x148
                0x08009510                        . = ALIGN (0x4)
 *(.rodata)
 .rodata        0x08009510       0x1c ./Core/Src/main.o
 .rodata        0x0800952c       0x1d ./Core/Src/wav.o
 *fill*         0x08009549        0x3 
 .rodata        0x0800954c       0x44 ./Middlewares/Third_Party/FatFs/src/ff.o
 *(.rodata*)
 .rodata.AHBPrescTable
                0x08009590       0x10 ./Core/Src/system_stm32l4xx.o
                0x08009590                AHBPrescTable
 .rodata.APBPrescTable
                0x080095a0        0x8 ./Core/Src/system_stm32l4xx.o
                0x080095a0                APBPrescTable
 .rodata.MSIRangeTable
                0x080095a8       0x30 ./Core/Src/system_stm32l4xx.o
                0x080095a8                MSIRangeTable
 .rodata.ExCvt  0x080095d8       0x80 ./Middlewares/Third_Party/FatFs/src/ff.o
                0x08009658                        . = ALIGN (0x4)

.ARM.extab      0x08009658        0x0
                0x08009658                        . = ALIGN (0x4)
 *(.ARM.extab* .gnu.linkonce.armextab.*)
                0x08009658                        . = ALIGN (0x4)

.ARM            0x08009658        0x8
                0x08009658                        . = ALIGN (0x4)
                0x08009658                        __exidx_start = .
 *(.ARM.exidx*)
 .ARM.exidx     0x08009658        0x8 /Applications/STM32CubeIDE.app/Contents/Eclipse/plugins/com.st.stm32cube.ide.mcu.externaltools.gnu-tools-for-stm32.13.3.rel1.macos64_1.0.100.202509120712/tools/bin/../lib/gcc/arm-none-eabi/13.3.1/thumb/v7e-m+fp/hard/libgcc.a(_udivmoddi4.o)
                0x08009660                        __exidx_end = .
                0x08009660                        . = ALIGN (0x4)

.preinit_array  0x08009660        0x0
                0x08009660                        . = ALIGN (0x4)
                0x08009660                        PROVIDE (__preinit_array_start = .)
 *(.preinit_array*)
                0x08009660                        PROVIDE (__preinit_array_end = .)
                0x08009660                        . = ALIGN (0x4)

.init_array     0x08009660        0x4
                0x08009660                        . = ALIGN (0x4)
                0x08009660                        PROVIDE (__init_array_start = .)
 *(SORT_BY_NAME(.init_array.*))
 *(.init_array*)
 .init_array    0x08009660        0x4 /Applications/STM32CubeIDE.app/Contents/Eclipse/plugins/com.st.stm32cube.ide.mcu.externaltools.gnu-tools-for-stm32.13.3.rel1.macos64_1.0.100.202509120712/tools/bin/../lib/gcc/arm-none-eabi/13.3.1/thumb/v7e-m+fp/hard/crtbegin.o
                0x08009664                        PROVIDE (__init_array_end = .)
                0x08009664                        . = ALIGN (0x4)

.fini_array     0x08009664        0x4
                0x08009664                        . = ALIGN (0x4)
                [!provide]                        PROVIDE (__fini_array_start = .)
 *(SORT_BY_NAME(.fini_array.*))
 *(.fini_array*)
 .fini_array    0x08009664        0x4 /Applications/STM32CubeIDE.app/Contents/Eclipse/plugins/com.st.stm32cube.ide.mcu.externaltools.gnu-tools-for-stm32.13.3.rel1.macos64_1.0.100.202509120712/tools/bin/../lib/gcc/arm-none-eabi/13.3.1/thumb/v7e-m+fp/hard/crtbegin.o
                [!provide]                        PROVIDE (__fini_array_end = .)
                0x08009668                        . = ALIGN (0x4)
                0x08009668                        _sidata = LOADADDR (.data)

.rel.dyn        0x08009668        0x0
 .rel.iplt      0x08009668        0x0 /Applications/STM32CubeIDE.app/Contents/Eclipse/plugins/com.st.stm32cube.ide.mcu.externaltools.gnu-tools-for-stm32.13.3.rel1.macos64_1.0.100.202509120712/tools/bin/../lib/gcc/arm-none-eabi/13.3.1/thumb/v7e-m+fp/hard/crtbegin.o

.data           0x20000000       0x74 load address 0x08009668
                0x20000000                        . = ALIGN (0x4)
                0x20000000                        _sdata = .
 *(.data)
 *(.data*)
 .data.SystemCoreClock
                0x20000000        0x4 ./Core/Src/system_stm32l4xx.o
                0x20000000                SystemCoreClock
 .data.uwTickPrio
                0x20000004        0x4 ./Drivers/STM32L4xx_HAL_Driver/Src/stm32l4xx_hal.o
                0x20000004                uwTickPrio
 .data.uwTickFreq
                0x20000008        0x1 ./Drivers/STM32L4xx_HAL_Driver/Src/stm32l4xx_hal.o
                0x20000008                uwTickFreq
 *fill*         0x20000009        0x3 
 .data.USER_Driver
                0x2000000c       0x14 ./FATFS/Target/user_diskio.o
                0x2000000c                USER_Driver
 .data.Stat     0x20000020        0x1 ./FATFS/Target/user_diskio_spi.o
 *fill*         0x20000021        0x3 
 .data._impure_ptr
                0x20000024        0x4 /Applications/STM32CubeIDE.app/Contents/Eclipse/plugins/com.st.stm32cube.ide.mcu.externaltools.gnu-tools-for-stm32.13.3.rel1.macos64_1.0.100.202509120712/tools/bin/../lib/gcc/arm-none-eabi/13.3.1/../../../../arm-none-eabi/lib/thumb/v7e-m+fp/hard/libc_nano.a(libc_a-impure.o)
                0x20000024                _impure_ptr
 .data._impure_data
                0x20000028       0x4c /Applications/STM32CubeIDE.app/Contents/Eclipse/plugins/com.st.stm32cube.ide.mcu.externaltools.gnu-tools-for-stm32.13.3.rel1.macos64_1.0.100.202509120712/tools/bin/../lib/gcc/arm-none-eabi/13.3.1/../../../../arm-none-eabi/lib/thumb/v7e-m+fp/hard/libc_nano.a(libc_a-impure.o)
                0x20000028                _impure_data
 *(.RamFunc)
 *(.RamFunc*)
                0x20000074                        . = ALIGN (0x4)
                0x20000074                        _edata = .

.igot.plt       0x20000074        0x0 load address 0x080096dc
 .igot.plt      0x20000074        0x0 /Applications/STM32CubeIDE.app/Contents/Eclipse/plugins/com.st.stm32cube.ide.mcu.externaltools.gnu-tools-for-stm32.13.3.rel1.macos64_1.0.100.202509120712/tools/bin/../lib/gcc/arm-none-eabi/13.3.1/thumb/v7e-m+fp/hard/crtbegin.o
                0x20000074                        . = ALIGN (0x4)

.bss            0x20000074     0x17ec load address 0x080096dc
                0x20000074                        _sbss = .
                0x20000074                        __bss_start__ = _sbss
 *(.bss)
 .bss           0x20000074       0x1c /Applications/STM32CubeIDE.app/Contents/Eclipse/plugins/com.st.stm32cube.ide.mcu.externaltools.gnu-tools-for-stm32.13.3.rel1.macos64_1.0.100.202509120712/tools/bin/../lib/gcc/arm-none-eabi/13.3.1/thumb/v7e-m+fp/hard/crtbegin.o
 *(.bss*)
 .bss.hsai_BlockA1
                0x20000090       0x84 ./Core/Src/main.o
                0x20000090                hsai_BlockA1
 .bss.hdma_sai1_a
                0x20000114       0x48 ./Core/Src/main.o
                0x20000114                hdma_sai1_a
 .bss.hspi1     0x2000015c       0x64 ./Core/Src/main.o
                0x2000015c                hspi1
 .bss.huart2    0x200001c0       0x88 ./Core/Src/main.o
                0x200001c0                huart2
 .bss.file_read_pos
                0x20000248        0x4 ./Core/Src/main.o
                0x20000248                file_read_pos
 .bss.bytes_remaining
                0x2000024c        0x4 ./Core/Src/main.o
                0x2000024c                bytes_remaining
 .bss.audio_buffer
                0x20000250     0x1000 ./Core/Src/main.o
 .bss.half_transfer_flag
                0x20001250        0x1 ./Core/Src/main.o
 .bss.full_transfer_flag
                0x20001251        0x1 ./Core/Src/main.o
 *fill*         0x20001252        0x2 
 .bss.wav_file  0x20001254      0x230 ./Core/Src/main.o
 .bss.wavinfo   0x20001484       0x10 ./Core/Src/main.o
 .bss.SAI1_client
                0x20001494        0x4 ./Core/Src/stm32l4xx_hal_msp.o
 .bss.__sbrk_heap_end
                0x20001498        0x4 ./Core/Src/sysmem.o
 .bss.uwTick    0x2000149c        0x4 ./Drivers/STM32L4xx_HAL_Driver/Src/stm32l4xx_hal.o
                0x2000149c                uwTick
 .bss.retUSER   0x200014a0        0x1 ./FATFS/App/fatfs.o
                0x200014a0                retUSER
 *fill*         0x200014a1        0x3 
 .bss.USERPath  0x200014a4        0x4 ./FATFS/App/fatfs.o
                0x200014a4                USERPath
 .bss.USERFatFS
                0x200014a8      0x230 ./FATFS/App/fatfs.o
                0x200014a8                USERFatFS
 .bss.CardType  0x200016d8        0x1 ./FATFS/Target/user_diskio_spi.o
 *fill*         0x200016d9        0x3 
 .bss.spiTimerTickStart
                0x200016dc        0x4 ./FATFS/Target/user_diskio_spi.o
                0x200016dc                spiTimerTickStart
 .bss.spiTimerTickDelay
                0x200016e0        0x4 ./FATFS/Target/user_diskio_spi.o
                0x200016e0                spiTimerTickDelay
 .bss.FatFs     0x200016e4        0x4 ./Middlewares/Third_Party/FatFs/src/ff.o
 .bss.Fsid      0x200016e8        0x2 ./Middlewares/Third_Party/FatFs/src/ff.o
 *fill*         0x200016ea        0x2 
 .bss.Files     0x200016ec       0x20 ./Middlewares/Third_Party/FatFs/src/ff.o
 .bss.disk      0x2000170c        0xc ./Middlewares/Third_Party/FatFs/src/ff_gen_drv.o
                0x2000170c                disk
 .bss.__malloc_sbrk_start
                0x20001718        0x4 /Applications/STM32CubeIDE.app/Contents/Eclipse/plugins/com.st.stm32cube.ide.mcu.externaltools.gnu-tools-for-stm32.13.3.rel1.macos64_1.0.100.202509120712/tools/bin/../lib/gcc/arm-none-eabi/13.3.1/../../../../arm-none-eabi/lib/thumb/v7e-m+fp/hard/libc_nano.a(libc_a-mallocr.o)
                0x20001718                __malloc_sbrk_start
 .bss.__malloc_free_list
                0x2000171c        0x4 /Applications/STM32CubeIDE.app/Contents/Eclipse/plugins/com.st.stm32cube.ide.mcu.externaltools.gnu-tools-for-stm32.13.3.rel1.macos64_1.0.100.202509120712/tools/bin/../lib/gcc/arm-none-eabi/13.3.1/../../../../arm-none-eabi/lib/thumb/v7e-m+fp/hard/libc_nano.a(libc_a-mallocr.o)
                0x2000171c                __malloc_free_list
 .bss.__sf      0x20001720      0x138 /Applications/STM32CubeIDE.app/Contents/Eclipse/plugins/com.st.stm32cube.ide.mcu.externaltools.gnu-tools-for-stm32.13.3.rel1.macos64_1.0.100.202509120712/tools/bin/../lib/gcc/arm-none-eabi/13.3.1/../../../../arm-none-eabi/lib/thumb/v7e-m+fp/hard/libc_nano.a(libc_a-findfp.o)
                0x20001720                __sf
 .bss.__lock___malloc_recursive_mutex
                0x20001858        0x1 /Applications/STM32CubeIDE.app/Contents/Eclipse/plugins/com.st.stm32cube.ide.mcu.externaltools.gnu-tools-for-stm32.13.3.rel1.macos64_1.0.100.202509120712/tools/bin/../lib/gcc/arm-none-eabi/13.3.1/../../../../arm-none-eabi/lib/thumb/v7e-m+fp/hard/libc_nano.a(libc_a-lock.o)
                0x20001858                __lock___malloc_recursive_mutex
 *fill*         0x20001859        0x3 
 .bss.errno     0x2000185c        0x4 /Applications/STM32CubeIDE.app/Contents/Eclipse/plugins/com.st.stm32cube.ide.mcu.externaltools.gnu-tools-for-stm32.13.3.rel1.macos64_1.0.100.202509120712/tools/bin/../lib/gcc/arm-none-eabi/13.3.1/../../../../arm-none-eabi/lib/thumb/v7e-m+fp/hard/libc_nano.a(libc_a-reent.o)
                0x2000185c                errno
 *(COMMON)
                0x20001860                        . = ALIGN (0x4)
                0x20001860                        _ebss = .
                0x20001860                        __bss_end__ = _ebss

._user_heap_stack
                0x20001860      0x600 load address 0x080096dc
                0x20001860                        . = ALIGN (0x8)
                [!provide]                        PROVIDE (end = .)
                0x20001860                        PROVIDE (_end = .)
                0x20001a60                        . = (. + _Min_Heap_Size)
 *fill*         0x20001860      0x200 
                0x20001e60                        . = (. + _Min_Stack_Size)
 *fill*         0x20001a60      0x400 
                0x20001e60                        . = ALIGN (0x8)

/DISCARD/
 libc.a(*)
 libm.a(*)
 libgcc.a(*)

.ARM.attributes
                0x00000000       0x30
 *(.ARM.attributes)
 .ARM.attributes
                0x00000000       0x22 /Applications/STM32CubeIDE.app/Contents/Eclipse/plugins/com.st.stm32cube.ide.mcu.externaltools.gnu-tools-for-stm32.13.3.rel1.macos64_1.0.100.202509120712/tools/bin/../lib/gcc/arm-none-eabi/13.3.1/thumb/v7e-m+fp/hard/crti.o
 .ARM.attributes
                0x00000022       0x34 /Applications/STM32CubeIDE.app/Contents/Eclipse/plugins/com.st.stm32cube.ide.mcu.externaltools.gnu-tools-for-stm32.13.3.rel1.macos64_1.0.100.202509120712/tools/bin/../lib/gcc/arm-none-eabi/13.3.1/thumb/v7e-m+fp/hard/crtbegin.o
 .ARM.attributes
                0x00000056       0x34 ./Core/Src/main.o
 .ARM.attributes
                0x0000008a       0x34 ./Core/Src/stm32l4xx_hal_msp.o
 .ARM.attributes
                0x000000be       0x34 ./Core/Src/stm32l4xx_it.o
 .ARM.attributes
                0x000000f2       0x34 ./Core/Src/sysmem.o
 .ARM.attributes
                0x00000126       0x34 ./Core/Src/system_stm32l4xx.o
 .ARM.attributes
                0x0000015a       0x34 ./Core/Src/wav.o
 .ARM.attributes
                0x0000018e       0x21 ./Core/Startup/startup_stm32l476rgtx.o
 .ARM.attributes
                0x000001af       0x34 ./Drivers/STM32L4xx_HAL_Driver/Src/stm32l4xx_hal.o
 .ARM.attributes
                0x000001e3       0x34 ./Drivers/STM32L4xx_HAL_Driver/Src/stm32l4xx_hal_cortex.o
 .ARM.attributes
                0x00000217       0x34 ./Drivers/STM32L4xx_HAL_Driver/Src/stm32l4xx_hal_dma.o
 .ARM.attributes
                0x0000024b       0x34 ./Drivers/STM32L4xx_HAL_Driver/Src/stm32l4xx_hal_gpio.o
 .ARM.attributes
                0x0000027f       0x34 ./Drivers/STM32L4xx_HAL_Driver/Src/stm32l4xx_hal_pwr_ex.o
 .ARM.attributes
                0x000002b3       0x34 ./Drivers/STM32L4xx_HAL_Driver/Src/stm32l4xx_hal_rcc.o
 .ARM.attributes
                0x000002e7       0x34 ./Drivers/STM32L4xx_HAL_Driver/Src/stm32l4xx_hal_rcc_ex.o
 .ARM.attributes
                0x0000031b       0x34 ./Drivers/STM32L4xx_HAL_Driver/Src/stm32l4xx_hal_sai.o
 .ARM.attributes
                0x0000034f       0x34 ./Drivers/STM32L4xx_HAL_Driver/Src/stm32l4xx_hal_spi.o
 .ARM.attributes
                0x00000383       0x34 ./Drivers/STM32L4xx_HAL_Driver/Src/stm32l4xx_hal_uart.o
 .ARM.attributes
                0x000003b7       0x34 ./FATFS/App/fatfs.o
 .ARM.attributes
                0x000003eb       0x34 ./FATFS/Target/user_diskio.o
 .ARM.attributes
                0x0000041f       0x34 ./FATFS/Target/user_diskio_spi.o
 .ARM.attributes
                0x00000453       0x34 ./Middlewares/Third_Party/FatFs/src/diskio.o
 .ARM.attributes
                0x00000487       0x34 ./Middlewares/Third_Party/FatFs/src/ff.o
 .ARM.attributes
                0x000004bb       0x34 ./Middlewares/Third_Party/FatFs/src/ff_gen_drv.o
 .ARM.attributes
                0x000004ef       0x34 /Applications/STM32CubeIDE.app/Contents/Eclipse/plugins/com.st.stm32cube.ide.mcu.externaltools.gnu-tools-for-stm32.13.3.rel1.macos64_1.0.100.202509120712/tools/bin/../lib/gcc/arm-none-eabi/13.3.1/../../../../arm-none-eabi/lib/thumb/v7e-m+fp/hard/libc_nano.a(libc_a-malloc.o)
 .ARM.attributes
                0x00000523       0x34 /Applications/STM32CubeIDE.app/Contents/Eclipse/plugins/com.st.stm32cube.ide.mcu.externaltools.gnu-tools-for-stm32.13.3.rel1.macos64_1.0.100.202509120712/tools/bin/../lib/gcc/arm-none-eabi/13.3.1/../../../../arm-none-eabi/lib/thumb/v7e-m+fp/hard/libc_nano.a(libc_a-mallocr.o)
 .ARM.attributes
                0x00000557       0x34 /Applications/STM32CubeIDE.app/Contents/Eclipse/plugins/com.st.stm32cube.ide.mcu.externaltools.gnu-tools-for-stm32.13.3.rel1.macos64_1.0.100.202509120712/tools/bin/../lib/gcc/arm-none-eabi/13.3.1/../../../../arm-none-eabi/lib/thumb/v7e-m+fp/hard/libc_nano.a(libc_a-mlock.o)
 .ARM.attributes
                0x0000058b       0x34 /Applications/STM32CubeIDE.app/Contents/Eclipse/plugins/com.st.stm32cube.ide.mcu.externaltools.gnu-tools-for-stm32.13.3.rel1.macos64_1.0.100.202509120712/tools/bin/../lib/gcc/arm-none-eabi/13.3.1/../../../../arm-none-eabi/lib/thumb/v7e-m+fp/hard/libc_nano.a(libc_a-findfp.o)
 .ARM.attributes
                0x000005bf       0x34 /Applications/STM32CubeIDE.app/Contents/Eclipse/plugins/com.st.stm32cube.ide.mcu.externaltools.gnu-tools-for-stm32.13.3.rel1.macos64_1.0.100.202509120712/tools/bin/../lib/gcc/arm-none-eabi/13.3.1/../../../../arm-none-eabi/lib/thumb/v7e-m+fp/hard/libc_nano.a(libc_a-memcmp.o)
 .ARM.attributes
                0x000005f3       0x34 /Applications/STM32CubeIDE.app/Contents/Eclipse/plugins/com.st.stm32cube.ide.mcu.externaltools.gnu-tools-for-stm32.13.3.rel1.macos64_1.0.100.202509120712/tools/bin/../lib/gcc/arm-none-eabi/13.3.1/../../../../arm-none-eabi/lib/thumb/v7e-m+fp/hard/libc_nano.a(libc_a-memset.o)
 .ARM.attributes
                0x00000627       0x34 /Applications/STM32CubeIDE.app/Contents/Eclipse/plugins/com.st.stm32cube.ide.mcu.externaltools.gnu-tools-for-stm32.13.3.rel1.macos64_1.0.100.202509120712/tools/bin/../lib/gcc/arm-none-eabi/13.3.1/../../../../arm-none-eabi/lib/thumb/v7e-m+fp/hard/libc_nano.a(libc_a-sbrkr.o)
 .ARM.attributes
                0x0000065b       0x34 /Applications/STM32CubeIDE.app/Contents/Eclipse/plugins/com.st.stm32cube.ide.mcu.externaltools.gnu-tools-for-stm32.13.3.rel1.macos64_1.0.100.202509120712/tools/bin/../lib/gcc/arm-none-eabi/13.3.1/../../../../arm-none-eabi/lib/thumb/v7e-m+fp/hard/libc_nano.a(libc_a-errno.o)
 .ARM.attributes
                0x0000068f       0x34 /Applications/STM32CubeIDE.app/Contents/Eclipse/plugins/com.st.stm32cube.ide.mcu.externaltools.gnu-tools-for-stm32.13.3.rel1.macos64_1.0.100.202509120712/tools/bin/../lib/gcc/arm-none-eabi/13.3.1/../../../../arm-none-eabi/lib/thumb/v7e-m+fp/hard/libc_nano.a(libc_a-init.o)
 .ARM.attributes
                0x000006c3       0x34 /Applications/STM32CubeIDE.app/Contents/Eclipse/plugins/com.st.stm32cube.ide.mcu.externaltools.gnu-tools-for-stm32.13.3.rel1.macos64_1.0.100.202509120712/tools/bin/../lib/gcc/arm-none-eabi/13.3.1/../../../../arm-none-eabi/lib/thumb/v7e-m+fp/hard/libc_nano.a(libc_a-lock.o)
 .ARM.attributes
                0x000006f7       0x34 /Applications/STM32CubeIDE.app/Contents/Eclipse/plugins/com.st.stm32cube.ide.mcu.externaltools.gnu-tools-for-stm32.13.3.rel1.macos64_1.0.100.202509120712/tools/bin/../lib/gcc/arm-none-eabi/13.3.1/../../../../arm-none-eabi/lib/thumb/v7e-m+fp/hard/libc_nano.a(libc_a-reent.o)
 .ARM.attributes
                0x0000072b       0x34 /Applications/STM32CubeIDE.app/Contents/Eclipse/plugins/com.st.stm32cube.ide.mcu.externaltools.gnu-tools-for-stm32.13.3.rel1.macos64_1.0.100.202509120712/tools/bin/../lib/gcc/arm-none-eabi/13.3.1/../../../../arm-none-eabi/lib/thumb/v7e-m+fp/hard/libc_nano.a(libc_a-impure.o)
 .ARM.attributes
                0x0000075f       0x34 /Applications/STM32CubeIDE.app/Contents/Eclipse/plugins/com.st.stm32cube.ide.mcu.externaltools.gnu-tools-for-stm32.13.3.rel1.macos64_1.0.100.202509120712/tools/bin/../lib/gcc/arm-none-eabi/13.3.1/../../../../arm-none-eabi/lib/thumb/v7e-m+fp/hard/libc_nano.a(libc_a-freer.o)
 .ARM.attributes
                0x00000793       0x22 /Applications/STM32CubeIDE.app/Contents/Eclipse/plugins/com.st.stm32cube.ide.mcu.externaltools.gnu-tools-for-stm32.13.3.rel1.macos64_1.0.100.202509120712/tools/bin/../lib/gcc/arm-none-eabi/13.3.1/thumb/v7e-m+fp/hard/libgcc.a(_aeabi_uldivmod.o)
 .ARM.attributes
                0x000007b5       0x34 /Applications/STM32CubeIDE.app/Contents/Eclipse/plugins/com.st.stm32cube.ide.mcu.externaltools.gnu-tools-for-stm32.13.3.rel1.macos64_1.0.100.202509120712/tools/bin/../lib/gcc/arm-none-eabi/13.3.1/thumb/v7e-m+fp/hard/libgcc.a(_udivmoddi4.o)
 .ARM.attributes
                0x000007e9       0x22 /Applications/STM32CubeIDE.app/Contents/Eclipse/plugins/com.st.stm32cube.ide.mcu.externaltools.gnu-tools-for-stm32.13.3.rel1.macos64_1.0.100.202509120712/tools/bin/../lib/gcc/arm-none-eabi/13.3.1/thumb/v7e-m+fp/hard/libgcc.a(_dvmd_tls.o)
 .ARM.attributes
                0x0000080b       0x22 /Applications/STM32CubeIDE.app/Contents/Eclipse/plugins/com.st.stm32cube.ide.mcu.externaltools.gnu-tools-for-stm32.13.3.rel1.macos64_1.0.100.202509120712/tools/bin/../lib/gcc/arm-none-eabi/13.3.1/thumb/v7e-m+fp/hard/crtn.o
OUTPUT(MP3.elf elf32-littlearm)
LOAD linker stubs
LOAD /Applications/STM32CubeIDE.app/Contents/Eclipse/plugins/com.st.stm32cube.ide.mcu.externaltools.gnu-tools-for-stm32.13.3.rel1.macos64_1.0.100.202509120712/tools/bin/../lib/gcc/arm-none-eabi/13.3.1/../../../../arm-none-eabi/lib/thumb/v7e-m+fp/hard/libc.a
LOAD /Applications/STM32CubeIDE.app/Contents/Eclipse/plugins/com.st.stm32cube.ide.mcu.externaltools.gnu-tools-for-stm32.13.3.rel1.macos64_1.0.100.202509120712/tools/bin/../lib/gcc/arm-none-eabi/13.3.1/../../../../arm-none-eabi/lib/thumb/v7e-m+fp/hard/libm.a
LOAD /Applications/STM32CubeIDE.app/Contents/Eclipse/plugins/com.st.stm32cube.ide.mcu.externaltools.gnu-tools-for-stm32.13.3.rel1.macos64_1.0.100.202509120712/tools/bin/../lib/gcc/arm-none-eabi/13.3.1/thumb/v7e-m+fp/hard/libgcc.a

.debug_info     0x00000000    0x12edc
 .debug_info    0x00000000     0x1f2b ./Core/Src/main.o
 .debug_info    0x00001f2b     0x1425 ./Core/Src/stm32l4xx_hal_msp.o
 .debug_info    0x00003350      0x36a ./Core/Src/stm32l4xx_it.o
 .debug_info    0x000036ba      0x168 ./Core/Src/sysmem.o
 .debug_info    0x00003822      0x5b1 ./Core/Src/system_stm32l4xx.o
 .debug_info    0x00003dd3      0x64f ./Core/Src/wav.o
 .debug_info    0x00004422       0x30 ./Core/Startup/startup_stm32l476rgtx.o
 .debug_info    0x00004452      0xaeb ./Drivers/STM32L4xx_HAL_Driver/Src/stm32l4xx_hal.o
 .debug_info    0x00004f3d      0xd81 ./Drivers/STM32L4xx_HAL_Driver/Src/stm32l4xx_hal_cortex.o
 .debug_info    0x00005cbe      0x6f4 ./Drivers/STM32L4xx_HAL_Driver/Src/stm32l4xx_hal_dma.o
 .debug_info    0x000063b2      0x757 ./Drivers/STM32L4xx_HAL_Driver/Src/stm32l4xx_hal_gpio.o
 .debug_info    0x00006b09      0x99e ./Drivers/STM32L4xx_HAL_Driver/Src/stm32l4xx_hal_pwr_ex.o
 .debug_info    0x000074a7      0xc14 ./Drivers/STM32L4xx_HAL_Driver/Src/stm32l4xx_hal_rcc.o
 .debug_info    0x000080bb      0xe11 ./Drivers/STM32L4xx_HAL_Driver/Src/stm32l4xx_hal_rcc_ex.o
 .debug_info    0x00008ecc     0x1192 ./Drivers/STM32L4xx_HAL_Driver/Src/stm32l4xx_hal_sai.o
 .debug_info    0x0000a05e     0x1549 ./Drivers/STM32L4xx_HAL_Driver/Src/stm32l4xx_hal_spi.o
 .debug_info    0x0000b5a7     0x3b69 ./Drivers/STM32L4xx_HAL_Driver/Src/stm32l4xx_hal_uart.o
 .debug_info    0x0000f110      0x4d9 ./FATFS/App/fatfs.o
 .debug_info    0x0000f5e9      0x3aa ./FATFS/Target/user_diskio.o
 .debug_info    0x0000f993      0xc0e ./FATFS/Target/user_diskio_spi.o
 .debug_info    0x000105a1      0x3df ./Middlewares/Third_Party/FatFs/src/diskio.o
 .debug_info    0x00010980     0x21dd ./Middlewares/Third_Party/FatFs/src/ff.o
 .debug_info    0x00012b5d      0x37f ./Middlewares/Third_Party/FatFs/src/ff_gen_drv.o

.debug_abbrev   0x00000000     0x2ec8
 .debug_abbrev  0x00000000      0x402 ./Core/Src/main.o
 .debug_abbrev  0x00000402      0x22b ./Core/Src/stm32l4xx_hal_msp.o
 .debug_abbrev  0x0000062d      0x16e ./Core/Src/stm32l4xx_it.o
 .debug_abbrev  0x0000079b       0xbc ./Core/Src/sysmem.o
 .debug_abbrev  0x00000857      0x11a ./Core/Src/system_stm32l4xx.o
 .debug_abbrev  0x00000971      0x1bf ./Core/Src/wav.o
 .debug_abbrev  0x00000b30       0x24 ./Core/Startup/startup_stm32l476rgtx.o
 .debug_abbrev  0x00000b54      0x242 ./Drivers/STM32L4xx_HAL_Driver/Src/stm32l4xx_hal.o
 .debug_abbrev  0x00000d96      0x31c ./Drivers/STM32L4xx_HAL_Driver/Src/stm32l4xx_hal_cortex.o
 .debug_abbrev  0x000010b2      0x1e4 ./Drivers/STM32L4xx_HAL_Driver/Src/stm32l4xx_hal_dma.o
 .debug_abbrev  0x00001296      0x1cb ./Drivers/STM32L4xx_HAL_Driver/Src/stm32l4xx_hal_gpio.o
 .debug_abbrev  0x00001461      0x1f9 ./Drivers/STM32L4xx_HAL_Driver/Src/stm32l4xx_hal_pwr_ex.o
 .debug_abbrev  0x0000165a      0x2cb ./Drivers/STM32L4xx_HAL_Driver/Src/stm32l4xx_hal_rcc.o
 .debug_abbrev  0x00001925      0x2a6 ./Drivers/STM32L4xx_HAL_Driver/Src/stm32l4xx_hal_rcc_ex.o
 .debug_abbrev  0x00001bcb      0x26d ./Drivers/STM32L4xx_HAL_Driver/Src/stm32l4xx_hal_sai.o
 .debug_abbrev  0x00001e38      0x260 ./Drivers/STM32L4xx_HAL_Driver/Src/stm32l4xx_hal_spi.o
 .debug_abbrev  0x00002098      0x2d0 ./Drivers/STM32L4xx_HAL_Driver/Src/stm32l4xx_hal_uart.o
 .debug_abbrev  0x00002368      0x160 ./FATFS/App/fatfs.o
 .debug_abbrev  0x000024c8      0x143 ./FATFS/Target/user_diskio.o
 .debug_abbrev  0x0000260b      0x31b ./FATFS/Target/user_diskio_spi.o
 .debug_abbrev  0x00002926      0x181 ./Middlewares/Third_Party/FatFs/src/diskio.o
 .debug_abbrev  0x00002aa7      0x282 ./Middlewares/Third_Party/FatFs/src/ff.o
 .debug_abbrev  0x00002d29      0x19f ./Middlewares/Third_Party/FatFs/src/ff_gen_drv.o

.debug_aranges  0x00000000     0x1100
 .debug_aranges
                0x00000000       0xc0 ./Core/Src/main.o
 .debug_aranges
                0x000000c0       0x50 ./Core/Src/stm32l4xx_hal_msp.o
 .debug_aranges
                0x00000110       0x68 ./Core/Src/stm32l4xx_it.o
 .debug_aranges
                0x00000178       0x20 ./Core/Src/sysmem.o
 .debug_aranges
                0x00000198       0x28 ./Core/Src/system_stm32l4xx.o
 .debug_aranges
                0x000001c0       0x30 ./Core/Src/wav.o
 .debug_aranges
                0x000001f0       0x28 ./Core/Startup/startup_stm32l476rgtx.o
 .debug_aranges
                0x00000218      0x130 ./Drivers/STM32L4xx_HAL_Driver/Src/stm32l4xx_hal.o
 .debug_aranges
                0x00000348      0x128 ./Drivers/STM32L4xx_HAL_Driver/Src/stm32l4xx_hal_cortex.o
 .debug_aranges
                0x00000470       0x80 ./Drivers/STM32L4xx_HAL_Driver/Src/stm32l4xx_hal_dma.o
 .debug_aranges
                0x000004f0       0x58 ./Drivers/STM32L4xx_HAL_Driver/Src/stm32l4xx_hal_gpio.o
 .debug_aranges
                0x00000548      0x160 ./Drivers/STM32L4xx_HAL_Driver/Src/stm32l4xx_hal_pwr_ex.o
 .debug_aranges
                0x000006a8       0x90 ./Drivers/STM32L4xx_HAL_Driver/Src/stm32l4xx_hal_rcc.o
 .debug_aranges
                0x00000738       0xc0 ./Drivers/STM32L4xx_HAL_Driver/Src/stm32l4xx_hal_rcc_ex.o
 .debug_aranges
                0x000007f8      0x178 ./Drivers/STM32L4xx_HAL_Driver/Src/stm32l4xx_hal_sai.o
 .debug_aranges
                0x00000970      0x1d8 ./Drivers/STM32L4xx_HAL_Driver/Src/stm32l4xx_hal_spi.o
 .debug_aranges
                0x00000b48      0x228 ./Drivers/STM32L4xx_HAL_Driver/Src/stm32l4xx_hal_uart.o
 .debug_aranges
                0x00000d70       0x28 ./FATFS/App/fatfs.o
 .debug_aranges
                0x00000d98       0x40 ./FATFS/Target/user_diskio.o
 .debug_aranges
                0x00000dd8       0x98 ./FATFS/Target/user_diskio_spi.o
 .debug_aranges
                0x00000e70       0x48 ./Middlewares/Third_Party/FatFs/src/diskio.o
 .debug_aranges
                0x00000eb8      0x208 ./Middlewares/Third_Party/FatFs/src/ff.o
 .debug_aranges
                0x000010c0       0x40 ./Middlewares/Third_Party/FatFs/src/ff_gen_drv.o

.debug_rnglists
                0x00000000      0xd2f
 .debug_rnglists
                0x00000000       0x92 ./Core/Src/main.o
 .debug_rnglists
                0x00000092       0x3a ./Core/Src/stm32l4xx_hal_msp.o
 .debug_rnglists
                0x000000cc       0x49 ./Core/Src/stm32l4xx_it.o
 .debug_rnglists
                0x00000115       0x13 ./Core/Src/sysmem.o
 .debug_rnglists
                0x00000128       0x1a ./Core/Src/system_stm32l4xx.o
 .debug_rnglists
                0x00000142       0x2f ./Core/Src/wav.o
 .debug_rnglists
                0x00000171       0x19 ./Core/Startup/startup_stm32l476rgtx.o
 .debug_rnglists
                0x0000018a       0xdf ./Drivers/STM32L4xx_HAL_Driver/Src/stm32l4xx_hal.o
 .debug_rnglists
                0x00000269       0xda ./Drivers/STM32L4xx_HAL_Driver/Src/stm32l4xx_hal_cortex.o
 .debug_rnglists
                0x00000343       0x64 ./Drivers/STM32L4xx_HAL_Driver/Src/stm32l4xx_hal_dma.o
 .debug_rnglists
                0x000003a7       0x3f ./Drivers/STM32L4xx_HAL_Driver/Src/stm32l4xx_hal_gpio.o
 .debug_rnglists
                0x000003e6      0x109 ./Drivers/STM32L4xx_HAL_Driver/Src/stm32l4xx_hal_pwr_ex.o
 .debug_rnglists
                0x000004ef       0x6d ./Drivers/STM32L4xx_HAL_Driver/Src/stm32l4xx_hal_rcc.o
 .debug_rnglists
                0x0000055c       0x95 ./Drivers/STM32L4xx_HAL_Driver/Src/stm32l4xx_hal_rcc_ex.o
 .debug_rnglists
                0x000005f1      0x136 ./Drivers/STM32L4xx_HAL_Driver/Src/stm32l4xx_hal_sai.o
 .debug_rnglists
                0x00000727      0x178 ./Drivers/STM32L4xx_HAL_Driver/Src/stm32l4xx_hal_spi.o
 .debug_rnglists
                0x0000089f      0x1db ./Drivers/STM32L4xx_HAL_Driver/Src/stm32l4xx_hal_uart.o
 .debug_rnglists
                0x00000a7a       0x19 ./FATFS/App/fatfs.o
 .debug_rnglists
                0x00000a93       0x2b ./FATFS/Target/user_diskio.o
 .debug_rnglists
                0x00000abe       0x72 ./FATFS/Target/user_diskio_spi.o
 .debug_rnglists
                0x00000b30       0x31 ./Middlewares/Third_Party/FatFs/src/diskio.o
 .debug_rnglists
                0x00000b61      0x1a2 ./Middlewares/Third_Party/FatFs/src/ff.o
 .debug_rnglists
                0x00000d03       0x2c ./Middlewares/Third_Party/FatFs/src/ff_gen_drv.o

.debug_macro    0x00000000    0x28845
 .debug_macro   0x00000000      0x3b1 ./Core/Src/main.o
 .debug_macro   0x000003b1      0xad8 ./Core/Src/main.o
 .debug_macro   0x00000e89      0x1ad ./Core/Src/main.o
 .debug_macro   0x00001036       0x2e ./Core/Src/main.o
 .debug_macro   0x00001064       0x28 ./Core/Src/main.o
 .debug_macro   0x0000108c       0x22 ./Core/Src/main.o
 .debug_macro   0x000010ae       0x8e ./Core/Src/main.o
 .debug_macro   0x0000113c       0x51 ./Core/Src/main.o
 .debug_macro   0x0000118d      0x103 ./Core/Src/main.o
 .debug_macro   0x00001290       0x6a ./Core/Src/main.o
 .debug_macro   0x000012fa      0x1df ./Core/Src/main.o
 .debug_macro   0x000014d9       0x1c ./Core/Src/main.o
 .debug_macro   0x000014f5       0x22 ./Core/Src/main.o
 .debug_macro   0x00001517       0xfb ./Core/Src/main.o
 .debug_macro   0x00001612     0x1011 ./Core/Src/main.o
 .debug_macro   0x00002623      0x11f ./Core/Src/main.o
 .debug_macro   0x00002742    0x1a17a ./Core/Src/main.o
 .debug_macro   0x0001c8bc       0x6d ./Core/Src/main.o
 .debug_macro   0x0001c929     0x38fb ./Core/Src/main.o
 .debug_macro   0x00020224      0x190 ./Core/Src/main.o
 .debug_macro   0x000203b4       0x5c ./Core/Src/main.o
 .debug_macro   0x00020410     0x159e ./Core/Src/main.o
 .debug_macro   0x000219ae      0x5a5 ./Core/Src/main.o
 .debug_macro   0x00021f53      0x1b9 ./Core/Src/main.o
 .debug_macro   0x0002210c      0x18b ./Core/Src/main.o
 .debug_macro   0x00022297      0x26b ./Core/Src/main.o
 .debug_macro   0x00022502      0x23d ./Core/Src/main.o
 .debug_macro   0x0002273f      0x241 ./Core/Src/main.o
 .debug_macro   0x00022980      0x37c ./Core/Src/main.o
 .debug_macro   0x00022cfc       0xd6 ./Core/Src/main.o
 .debug_macro   0x00022dd2      0x122 ./Core/Src/main.o
 .debug_macro   0x00022ef4      0x3ef ./Core/Src/main.o
 .debug_macro   0x000232e3      0x447 ./Core/Src/main.o
 .debug_macro   0x0002372a      0x2fe ./Core/Src/main.o
 .debug_macro   0x00023a28      0x5cf ./Core/Src/main.o
 .debug_macro   0x00023ff7       0x44 ./Core/Src/main.o
 .debug_macro   0x0002403b      0x330 ./Core/Src/main.o
 .debug_macro   0x0002436b       0x16 ./Core/Src/main.o
 .debug_macro   0x00024381       0xeb ./Core/Src/main.o
 .debug_macro   0x0002446c       0x2a ./Core/Src/main.o
 .debug_macro   0x00024496       0x61 ./Core/Src/main.o
 .debug_macro   0x000244f7       0x43 ./Core/Src/main.o
 .debug_macro   0x0002453a       0x34 ./Core/Src/main.o
 .debug_macro   0x0002456e       0x16 ./Core/Src/main.o
 .debug_macro   0x00024584       0x3c ./Core/Src/main.o
 .debug_macro   0x000245c0      0x370 ./Core/Src/main.o
 .debug_macro   0x00024930       0x16 ./Core/Src/main.o
 .debug_macro   0x00024946       0x4a ./Core/Src/main.o
 .debug_macro   0x00024990       0x34 ./Core/Src/main.o
 .debug_macro   0x000249c4       0x10 ./Core/Src/main.o
 .debug_macro   0x000249d4       0x58 ./Core/Src/main.o
 .debug_macro   0x00024a2c       0x8e ./Core/Src/main.o
 .debug_macro   0x00024aba       0x1c ./Core/Src/main.o
 .debug_macro   0x00024ad6      0x185 ./Core/Src/main.o
 .debug_macro   0x00024c5b       0x16 ./Core/Src/main.o
 .debug_macro   0x00024c71       0x29 ./Core/Src/main.o
 .debug_macro   0x00024c9a       0x12 ./Core/Src/main.o
 .debug_macro   0x00024cac       0xe2 ./Core/Src/main.o
 .debug_macro   0x00024d8e       0x8e ./Core/Src/main.o
 .debug_macro   0x00024e1c       0x1c ./Core/Src/main.o
 .debug_macro   0x00024e38       0x10 ./Core/Src/main.o
 .debug_macro   0x00024e48       0x1c ./Core/Src/main.o
 .debug_macro   0x00024e64       0x16 ./Core/Src/main.o
 .debug_macro   0x00024e7a      0x146 ./Core/Src/main.o
 .debug_macro   0x00024fc0       0x16 ./Core/Src/main.o
 .debug_macro   0x00024fd6       0x20 ./Core/Src/main.o
 .debug_macro   0x00024ff6       0x4c ./Core/Src/main.o
 .debug_macro   0x00025042      0x1da ./Core/Src/stm32l4xx_hal_msp.o
 .debug_macro   0x0002521c      0x1e4 ./Core/Src/stm32l4xx_it.o
 .debug_macro   0x00025400      0x112 ./Core/Src/sysmem.o
 .debug_macro   0x00025512      0x23c ./Core/Src/sysmem.o
 .debug_macro   0x0002574e      0x1cb ./Core/Src/system_stm32l4xx.o
 .debug_macro   0x00025919      0x30e ./Core/Src/wav.o
 .debug_macro   0x00025c27       0xe5 ./Core/Src/wav.o
 .debug_macro   0x00025d0c      0x219 ./Drivers/STM32L4xx_HAL_Driver/Src/stm32l4xx_hal.o
 .debug_macro   0x00025f25      0x1cb ./Drivers/STM32L4xx_HAL_Driver/Src/stm32l4xx_hal_cortex.o
 .debug_macro   0x000260f0      0x1cb ./Drivers/STM32L4xx_HAL_Driver/Src/stm32l4xx_hal_dma.o
 .debug_macro   0x000262bb      0x1d2 ./Drivers/STM32L4xx_HAL_Driver/Src/stm32l4xx_hal_gpio.o
 .debug_macro   0x0002648d      0x1ef ./Drivers/STM32L4xx_HAL_Driver/Src/stm32l4xx_hal_pwr_ex.o
 .debug_macro   0x0002667c      0x20d ./Drivers/STM32L4xx_HAL_Driver/Src/stm32l4xx_hal_rcc.o
 .debug_macro   0x00026889      0x201 ./Drivers/STM32L4xx_HAL_Driver/Src/stm32l4xx_hal_rcc_ex.o
 .debug_macro   0x00026a8a      0x1e8 ./Drivers/STM32L4xx_HAL_Driver/Src/stm32l4xx_hal_sai.o
 .debug_macro   0x00026c72      0x1d3 ./Drivers/STM32L4xx_HAL_Driver/Src/stm32l4xx_hal_spi.o
 .debug_macro   0x00026e45      0x1f6 ./Drivers/STM32L4xx_HAL_Driver/Src/stm32l4xx_hal_uart.o
 .debug_macro   0x0002703b      0x2ff ./FATFS/App/fatfs.o
 .debug_macro   0x0002733a      0x32e ./FATFS/Target/user_diskio.o
 .debug_macro   0x00027668       0x10 ./FATFS/Target/user_diskio.o
 .debug_macro   0x00027678       0x16 ./FATFS/Target/user_diskio.o
 .debug_macro   0x0002768e       0x7c ./FATFS/Target/user_diskio.o
 .debug_macro   0x0002770a       0x56 ./FATFS/Target/user_diskio.o
 .debug_macro   0x00027760      0x3a6 ./FATFS/Target/user_diskio_spi.o
 .debug_macro   0x00027b06       0x1c ./FATFS/Target/user_diskio_spi.o
 .debug_macro   0x00027b22      0x2ec ./Middlewares/Third_Party/FatFs/src/diskio.o
 .debug_macro   0x00027e0e      0x6f3 ./Middlewares/Third_Party/FatFs/src/ff.o
 .debug_macro   0x00028501       0x58 ./Middlewares/Third_Party/FatFs/src/ff.o
 .debug_macro   0x00028559      0x2ec ./Middlewares/Third_Party/FatFs/src/ff_gen_drv.o

.debug_line     0x00000000    0x16e8a
 .debug_line    0x00000000      0xdf5 ./Core/Src/main.o
 .debug_line    0x00000df5      0x8cb ./Core/Src/stm32l4xx_hal_msp.o
 .debug_line    0x000016c0      0x825 ./Core/Src/stm32l4xx_it.o
 .debug_line    0x00001ee5      0x588 ./Core/Src/sysmem.o
 .debug_line    0x0000246d      0x7fc ./Core/Src/system_stm32l4xx.o
 .debug_line    0x00002c69      0xab4 ./Core/Src/wav.o
 .debug_line    0x0000371d       0x7a ./Core/Startup/startup_stm32l476rgtx.o
 .debug_line    0x00003797      0xb64 ./Drivers/STM32L4xx_HAL_Driver/Src/stm32l4xx_hal.o
 .debug_line    0x000042fb      0xcff ./Drivers/STM32L4xx_HAL_Driver/Src/stm32l4xx_hal_cortex.o
 .debug_line    0x00004ffa      0xd3e ./Drivers/STM32L4xx_HAL_Driver/Src/stm32l4xx_hal_dma.o
 .debug_line    0x00005d38      0xbb8 ./Drivers/STM32L4xx_HAL_Driver/Src/stm32l4xx_hal_gpio.o
 .debug_line    0x000068f0      0xd46 ./Drivers/STM32L4xx_HAL_Driver/Src/stm32l4xx_hal_pwr_ex.o
 .debug_line    0x00007636     0x10b9 ./Drivers/STM32L4xx_HAL_Driver/Src/stm32l4xx_hal_rcc.o
 .debug_line    0x000086ef     0x1523 ./Drivers/STM32L4xx_HAL_Driver/Src/stm32l4xx_hal_rcc_ex.o
 .debug_line    0x00009c12     0x1a43 ./Drivers/STM32L4xx_HAL_Driver/Src/stm32l4xx_hal_sai.o
 .debug_line    0x0000b655     0x1fe1 ./Drivers/STM32L4xx_HAL_Driver/Src/stm32l4xx_hal_spi.o
 .debug_line    0x0000d636     0x2d24 ./Drivers/STM32L4xx_HAL_Driver/Src/stm32l4xx_hal_uart.o
 .debug_line    0x0001035a      0x8f4 ./FATFS/App/fatfs.o
 .debug_line    0x00010c4e      0x95b ./FATFS/Target/user_diskio.o
 .debug_line    0x000115a9     0x1030 ./FATFS/Target/user_diskio_spi.o
 .debug_line    0x000125d9      0x95f ./Middlewares/Third_Party/FatFs/src/diskio.o
 .debug_line    0x00012f38     0x35d5 ./Middlewares/Third_Party/FatFs/src/ff.o
 .debug_line    0x0001650d      0x97d ./Middlewares/Third_Party/FatFs/src/ff_gen_drv.o

.debug_str      0x00000000    0xee909
 .debug_str     0x00000000    0xee909 ./Core/Src/main.o
                              0xea1f6 (size before relaxing)
 .debug_str     0x000ee909        0x0 ./Core/Src/stm32l4xx_hal_msp.o
                              0xe5809 (size before relaxing)
 .debug_str     0x000ee909        0x0 ./Core/Src/stm32l4xx_it.o
                              0xe4d29 (size before relaxing)
 .debug_str     0x000ee909        0x0 ./Core/Src/sysmem.o
                               0x777a (size before relaxing)
 .debug_str     0x000ee909        0x0 ./Core/Src/system_stm32l4xx.o
                              0xe4c4d (size before relaxing)
 .debug_str     0x000ee909        0x0 ./Core/Src/wav.o
                              0xe853a (size before relaxing)
 .debug_str     0x000ee909        0x0 ./Core/Startup/startup_stm32l476rgtx.o
                                 0x7c (size before relaxing)
 .debug_str     0x000ee909        0x0 ./Drivers/STM32L4xx_HAL_Driver/Src/stm32l4xx_hal.o
                              0xe57e0 (size before relaxing)
 .debug_str     0x000ee909        0x0 ./Drivers/STM32L4xx_HAL_Driver/Src/stm32l4xx_hal_cortex.o
                              0xe54c6 (size before relaxing)
 .debug_str     0x000ee909        0x0 ./Drivers/STM32L4xx_HAL_Driver/Src/stm32l4xx_hal_dma.o
                              0xe4eb7 (size before relaxing)
 .debug_str     0x000ee909        0x0 ./Drivers/STM32L4xx_HAL_Driver/Src/stm32l4xx_hal_gpio.o
                              0xe4dc6 (size before relaxing)
 .debug_str     0x000ee909        0x0 ./Drivers/STM32L4xx_HAL_Driver/Src/stm32l4xx_hal_pwr_ex.o
                              0xe51a8 (size before relaxing)
 .debug_str     0x000ee909        0x0 ./Drivers/STM32L4xx_HAL_Driver/Src/stm32l4xx_hal_rcc.o
                              0xe5293 (size before relaxing)
 .debug_str     0x000ee909        0x0 ./Drivers/STM32L4xx_HAL_Driver/Src/stm32l4xx_hal_rcc_ex.o
                              0xe5435 (size before relaxing)
 .debug_str     0x000ee909        0x0 ./Drivers/STM32L4xx_HAL_Driver/Src/stm32l4xx_hal_sai.o
                              0xe5413 (size before relaxing)
 .debug_str     0x000ee909        0x0 ./Drivers/STM32L4xx_HAL_Driver/Src/stm32l4xx_hal_spi.o
                              0xe5491 (size before relaxing)
 .debug_str     0x000ee909        0x0 ./Drivers/STM32L4xx_HAL_Driver/Src/stm32l4xx_hal_uart.o
                              0xe59ce (size before relaxing)
 .debug_str     0x000ee909        0x0 ./FATFS/App/fatfs.o
                              0xe84da (size before relaxing)
 .debug_str     0x000ee909        0x0 ./FATFS/Target/user_diskio.o
                              0xe84bc (size before relaxing)
 .debug_str     0x000ee909        0x0 ./FATFS/Target/user_diskio_spi.o
                              0xe8c3e (size before relaxing)
 .debug_str     0x000ee909        0x0 ./Middlewares/Third_Party/FatFs/src/diskio.o
                              0xe83e9 (size before relaxing)
 .debug_str     0x000ee909        0x0 ./Middlewares/Third_Party/FatFs/src/ff.o
                              0xe964c (size before relaxing)
 .debug_str     0x000ee909        0x0 ./Middlewares/Third_Party/FatFs/src/ff_gen_drv.o
                              0xe843a (size before relaxing)

.comment        0x00000000       0x86
 .comment       0x00000000       0x86 ./Core/Src/main.o
                                 0x44 (size before relaxing)
 .comment       0x00000086        0x0 ./Core/Src/stm32l4xx_hal_msp.o
                                 0x44 (size before relaxing)
 .comment       0x00000086        0x0 ./Core/Src/stm32l4xx_it.o
                                 0x44 (size before relaxing)
 .comment       0x00000086        0x0 ./Core/Src/sysmem.o
                                 0x44 (size before relaxing)
 .comment       0x00000086        0x0 ./Core/Src/system_stm32l4xx.o
                                 0x44 (size before relaxing)
 .comment       0x00000086        0x0 ./Core/Src/wav.o
                                 0x44 (size before relaxing)
 .comment       0x00000086        0x0 ./Drivers/STM32L4xx_HAL_Driver/Src/stm32l4xx_hal.o
                                 0x44 (size before relaxing)
 .comment       0x00000086        0x0 ./Drivers/STM32L4xx_HAL_Driver/Src/stm32l4xx_hal_cortex.o
                                 0x44 (size before relaxing)
 .comment       0x00000086        0x0 ./Drivers/STM32L4xx_HAL_Driver/Src/stm32l4xx_hal_dma.o
                                 0x44 (size before relaxing)
 .comment       0x00000086        0x0 ./Drivers/STM32L4xx_HAL_Driver/Src/stm32l4xx_hal_gpio.o
                                 0x44 (size before relaxing)
 .comment       0x00000086        0x0 ./Drivers/STM32L4xx_HAL_Driver/Src/stm32l4xx_hal_pwr_ex.o
                                 0x44 (size before relaxing)
 .comment       0x00000086        0x0 ./Drivers/STM32L4xx_HAL_Driver/Src/stm32l4xx_hal_rcc.o
                                 0x44 (size before relaxing)
 .comment       0x00000086        0x0 ./Drivers/STM32L4xx_HAL_Driver/Src/stm32l4xx_hal_rcc_ex.o
                                 0x44 (size before relaxing)
 .comment       0x00000086        0x0 ./Drivers/STM32L4xx_HAL_Driver/Src/stm32l4xx_hal_sai.o
                                 0x44 (size before relaxing)
 .comment       0x00000086        0x0 ./Drivers/STM32L4xx_HAL_Driver/Src/stm32l4xx_hal_spi.o
                                 0x44 (size before relaxing)
 .comment       0x00000086        0x0 ./Drivers/STM32L4xx_HAL_Driver/Src/stm32l4xx_hal_uart.o
                                 0x44 (size before relaxing)
 .comment       0x00000086        0x0 ./FATFS/App/fatfs.o
                                 0x44 (size before relaxing)
 .comment       0x00000086        0x0 ./FATFS/Target/user_diskio.o
                                 0x44 (size before relaxing)
 .comment       0x00000086        0x0 ./FATFS/Target/user_diskio_spi.o
                                 0x44 (size before relaxing)
 .comment       0x00000086        0x0 ./Middlewares/Third_Party/FatFs/src/diskio.o
                                 0x44 (size before relaxing)
 .comment       0x00000086        0x0 ./Middlewares/Third_Party/FatFs/src/ff.o
                                 0x44 (size before relaxing)
 .comment       0x00000086        0x0 ./Middlewares/Third_Party/FatFs/src/ff_gen_drv.o
                                 0x44 (size before relaxing)

.debug_frame    0x00000000     0x491c
 .debug_frame   0x00000000      0x2e8 ./Core/Src/main.o
 .debug_frame   0x000002e8      0x118 ./Core/Src/stm32l4xx_hal_msp.o
 .debug_frame   0x00000400      0x120 ./Core/Src/stm32l4xx_it.o
 .debug_frame   0x00000520       0x34 ./Core/Src/sysmem.o
 .debug_frame   0x00000554       0x58 ./Core/Src/system_stm32l4xx.o
 .debug_frame   0x000005ac       0x88 ./Core/Src/wav.o
 .debug_frame   0x00000634      0x498 ./Drivers/STM32L4xx_HAL_Driver/Src/stm32l4xx_hal.o
 .debug_frame   0x00000acc      0x4e8 ./Drivers/STM32L4xx_HAL_Driver/Src/stm32l4xx_hal_cortex.o
 .debug_frame   0x00000fb4      0x204 ./Drivers/STM32L4xx_HAL_Driver/Src/stm32l4xx_hal_dma.o
 .debug_frame   0x000011b8      0x14c ./Drivers/STM32L4xx_HAL_Driver/Src/stm32l4xx_hal_gpio.o
 .debug_frame   0x00001304      0x584 ./Drivers/STM32L4xx_HAL_Driver/Src/stm32l4xx_hal_pwr_ex.o
 .debug_frame   0x00001888      0x21c ./Drivers/STM32L4xx_HAL_Driver/Src/stm32l4xx_hal_rcc.o
 .debug_frame   0x00001aa4      0x2fc ./Drivers/STM32L4xx_HAL_Driver/Src/stm32l4xx_hal_rcc_ex.o
 .debug_frame   0x00001da0      0x69c ./Drivers/STM32L4xx_HAL_Driver/Src/stm32l4xx_hal_sai.o
 .debug_frame   0x0000243c      0x860 ./Drivers/STM32L4xx_HAL_Driver/Src/stm32l4xx_hal_spi.o
 .debug_frame   0x00002c9c      0x9f4 ./Drivers/STM32L4xx_HAL_Driver/Src/stm32l4xx_hal_uart.o
 .debug_frame   0x00003690       0x4c ./FATFS/App/fatfs.o
 .debug_frame   0x000036dc       0xc4 ./FATFS/Target/user_diskio.o
 .debug_frame   0x000037a0      0x248 ./FATFS/Target/user_diskio_spi.o
 .debug_frame   0x000039e8       0xec ./Middlewares/Third_Party/FatFs/src/diskio.o
 .debug_frame   0x00003ad4      0x94c ./Middlewares/Third_Party/FatFs/src/ff.o
 .debug_frame   0x00004420       0xc8 ./Middlewares/Third_Party/FatFs/src/ff_gen_drv.o
 .debug_frame   0x000044e8       0x30 /Applications/STM32CubeIDE.app/Contents/Eclipse/plugins/com.st.stm32cube.ide.mcu.externaltools.gnu-tools-for-stm32.13.3.rel1.macos64_1.0.100.202509120712/tools/bin/../lib/gcc/arm-none-eabi/13.3.1/../../../../arm-none-eabi/lib/thumb/v7e-m+fp/hard/libc_nano.a(libc_a-malloc.o)
 .debug_frame   0x00004518       0x50 /Applications/STM32CubeIDE.app/Contents/Eclipse/plugins/com.st.stm32cube.ide.mcu.externaltools.gnu-tools-for-stm32.13.3.rel1.macos64_1.0.100.202509120712/tools/bin/../lib/gcc/arm-none-eabi/13.3.1/../../../../arm-none-eabi/lib/thumb/v7e-m+fp/hard/libc_nano.a(libc_a-mallocr.o)
 .debug_frame   0x00004568       0x30 /Applications/STM32CubeIDE.app/Contents/Eclipse/plugins/com.st.stm32cube.ide.mcu.externaltools.gnu-tools-for-stm32.13.3.rel1.macos64_1.0.100.202509120712/tools/bin/../lib/gcc/arm-none-eabi/13.3.1/../../../../arm-none-eabi/lib/thumb/v7e-m+fp/hard/libc_nano.a(libc_a-mlock.o)
 .debug_frame   0x00004598      0x144 /Applications/STM32CubeIDE.app/Contents/Eclipse/plugins/com.st.stm32cube.ide.mcu.externaltools.gnu-tools-for-stm32.13.3.rel1.macos64_1.0.100.202509120712/tools/bin/../lib/gcc/arm-none-eabi/13.3.1/../../../../arm-none-eabi/lib/thumb/v7e-m+fp/hard/libc_nano.a(libc_a-findfp.o)
 .debug_frame   0x000046dc       0x28 /Applications/STM32CubeIDE.app/Contents/Eclipse/plugins/com.st.stm32cube.ide.mcu.externaltools.gnu-tools-for-stm32.13.3.rel1.macos64_1.0.100.202509120712/tools/bin/../lib/gcc/arm-none-eabi/13.3.1/../../../../arm-none-eabi/lib/thumb/v7e-m+fp/hard/libc_nano.a(libc_a-memcmp.o)
 .debug_frame   0x00004704       0x20 /Applications/STM32CubeIDE.app/Contents/Eclipse/plugins/com.st.stm32cube.ide.mcu.externaltools.gnu-tools-for-stm32.13.3.rel1.macos64_1.0.100.202509120712/tools/bin/../lib/gcc/arm-none-eabi/13.3.1/../../../../arm-none-eabi/lib/thumb/v7e-m+fp/hard/libc_nano.a(libc_a-memset.o)
 .debug_frame   0x00004724       0x2c /Applications/STM32CubeIDE.app/Contents/Eclipse/plugins/com.st.stm32cube.ide.mcu.externaltools.gnu-tools-for-stm32.13.3.rel1.macos64_1.0.100.202509120712/tools/bin/../lib/gcc/arm-none-eabi/13.3.1/../../../../arm-none-eabi/lib/thumb/v7e-m+fp/hard/libc_nano.a(libc_a-sbrkr.o)
 .debug_frame   0x00004750       0x20 /Applications/STM32CubeIDE.app/Contents/Eclipse/plugins/com.st.stm32cube.ide.mcu.externaltools.gnu-tools-for-stm32.13.3.rel1.macos64_1.0.100.202509120712/tools/bin/../lib/gcc/arm-none-eabi/13.3.1/../../../../arm-none-eabi/lib/thumb/v7e-m+fp/hard/libc_nano.a(libc_a-errno.o)
 .debug_frame   0x00004770       0x2c /Applications/STM32CubeIDE.app/Contents/Eclipse/plugins/com.st.stm32cube.ide.mcu.externaltools.gnu-tools-for-stm32.13.3.rel1.macos64_1.0.100.202509120712/tools/bin/../lib/gcc/arm-none-eabi/13.3.1/../../../../arm-none-eabi/lib/thumb/v7e-m+fp/hard/libc_nano.a(libc_a-init.o)
 .debug_frame   0x0000479c       0xb0 /Applications/STM32CubeIDE.app/Contents/Eclipse/plugins/com.st.stm32cube.ide.mcu.externaltools.gnu-tools-for-stm32.13.3.rel1.macos64_1.0.100.202509120712/tools/bin/../lib/gcc/arm-none-eabi/13.3.1/../../../../arm-none-eabi/lib/thumb/v7e-m+fp/hard/libc_nano.a(libc_a-lock.o)
 .debug_frame   0x0000484c       0x38 /Applications/STM32CubeIDE.app/Contents/Eclipse/plugins/com.st.stm32cube.ide.mcu.externaltools.gnu-tools-for-stm32.13.3.rel1.macos64_1.0.100.202509120712/tools/bin/../lib/gcc/arm-none-eabi/13.3.1/../../../../arm-none-eabi/lib/thumb/v7e-m+fp/hard/libc_nano.a(libc_a-reent.o)
 .debug_frame   0x00004884       0x38 /Applications/STM32CubeIDE.app/Contents/Eclipse/plugins/com.st.stm32cube.ide.mcu.externaltools.gnu-tools-for-stm32.13.3.rel1.macos64_1.0.100.202509120712/tools/bin/../lib/gcc/arm-none-eabi/13.3.1/../../../../arm-none-eabi/lib/thumb/v7e-m+fp/hard/libc_nano.a(libc_a-freer.o)
 .debug_frame   0x000048bc       0x2c /Applications/STM32CubeIDE.app/Contents/Eclipse/plugins/com.st.stm32cube.ide.mcu.externaltools.gnu-tools-for-stm32.13.3.rel1.macos64_1.0.100.202509120712/tools/bin/../lib/gcc/arm-none-eabi/13.3.1/thumb/v7e-m+fp/hard/libgcc.a(_aeabi_uldivmod.o)
 .debug_frame   0x000048e8       0x34 /Applications/STM32CubeIDE.app/Contents/Eclipse/plugins/com.st.stm32cube.ide.mcu.externaltools.gnu-tools-for-stm32.13.3.rel1.macos64_1.0.100.202509120712/tools/bin/../lib/gcc/arm-none-eabi/13.3.1/thumb/v7e-m+fp/hard/libgcc.a(_udivmoddi4.o)

.debug_line_str
                0x00000000       0x60
 .debug_line_str
                0x00000000       0x60 ./Core/Startup/startup_stm32l476rgtx.o