Archive member included to satisfy reference by file (symbol)

/Applications/STM32CubeIDE.app/Contents/Eclipse/plugins/com.st.stm32cube.ide.mcu.externaltools.gnu-tools-for-stm32.13.3.rel1.macos64_1.0.100.202509120712/tools/bin/../lib/gcc/arm-none-eabi/13.3.1/../../../../arm-none-eabi/lib/thumb/v7e-m+fp/hard/libc_nano.a(libc_a-exit.o)
                              /Applications/STM32CubeIDE.app/Contents/Eclipse/plugins/com.st.stm32cube.ide.mcu.externaltools.gnu-tools-for-stm32.13.3.rel1.macos64_1.0.100.202509120712/tools/bin/../lib/gcc/arm-none-eabi/13.3.1/../../../../arm-none-eabi/lib/thumb/v7e-m+fp/hard/crt0.o (exit)
/Applications/STM32CubeIDE.app/Contents/Eclipse/plugins/com.st.stm32cube.ide.mcu.externaltools.gnu-tools-for-stm32.13.3.rel1.macos64_1.0.100.202509120712/tools/bin/../lib/gcc/arm-none-eabi/13.3.1/../../../../arm-none-eabi/lib/thumb/v7e-m+fp/hard/libc_nano.a(libc_a-malloc.o)
                              ./Core/Src/wav.o (malloc)
/Applications/STM32CubeIDE.app/Contents/Eclipse/plugins/com.st.stm32cube.ide.mcu.externaltools.gnu-tools-for-stm32.13.3.rel1.macos64_1.0.100.202509120712/tools/bin/../lib/gcc/arm-none-eabi/13.3.1/../../../../arm-none-eabi/lib/thumb/v7e-m+fp/hard/libc_nano.a(libc_a-mallocr.o)
                              /Applications/STM32CubeIDE.app/Contents/Eclipse/plugins/com.st.stm32cube.ide.mcu.externaltools.gnu-tools-for-stm32.13.3.rel1.macos64_1.0.100.202509120712/tools/bin/../lib/gcc/arm-none-eabi/13.3.1/../../../../arm-none-eabi/lib/thumb/v7e-m+fp/hard/libc_nano.a(libc_a-malloc.o) (_malloc_r)
/Applications/STM32CubeIDE.app/Contents/Eclipse/plugins/com.st.stm32cube.ide.mcu.externaltools.gnu-tools-for-stm32.13.3.rel1.macos64_1.0.100.202509120712/tools/bin/../lib/gcc/arm-none-eabi/13.3.1/../../../../arm-none-eabi/lib/thumb/v7e-m+fp/hard/libc_nano.a(libc_a-mlock.o)
                              /Applications/STM32CubeIDE.app/Contents/Eclipse/plugins/com.st.stm32cube.ide.mcu.externaltools.gnu-tools-for-stm32.13.3.rel1.macos64_1.0.100.202509120712/tools/bin/../lib/gcc/arm-none-eabi/13.3.1/../../../../arm-none-eabi/lib/thumb/v7e-m+fp/hard/libc_nano.a(libc_a-mallocr.o) (__malloc_lock)
/Applications/STM32CubeIDE.app/Contents/Eclipse/plugins/com.st.stm32cube.ide.mcu.externaltools.gnu-tools-for-stm32.13.3.rel1.macos64_1.0.100.202509120712/tools/bin/../lib/gcc/arm-none-eabi/13.3.1/../../../../arm-none-eabi/lib/thumb/v7e-m+fp/hard/libc_nano.a(libc_a-findfp.o)
                              /Applications/STM32CubeIDE.app/Contents/Eclipse/plugins/com.st.stm32cube.ide.mcu.externaltools.gnu-tools-for-stm32.13.3.rel1.macos64_1.0.100.202509120712/tools/bin/../lib/gcc/arm-none-eabi/13.3.1/../../../../arm-none-eabi/lib/thumb/v7e-m+fp/hard/libc_nano.a(libc_a-exit.o) (__stdio_exit_handler)
/Applications/STM32CubeIDE.app/Contents/Eclipse/plugins/com.st.stm32cube.ide.mcu.externaltools.gnu-tools-for-stm32.13.3.rel1.macos64_1.0.100.202509120712/tools/bin/../lib/gcc/arm-none-eabi/13.3.1/../../../../arm-none-eabi/lib/thumb/v7e-m+fp/hard/libc_nano.a(libc_a-vsnprintf.o)
                              ./Core/Src/main.o (vsnprintf)
/Applications/STM32CubeIDE.app/Contents/Eclipse/plugins/com.st.stm32cube.ide.mcu.externaltools.gnu-tools-for-stm32.13.3.rel1.macos64_1.0.100.202509120712/tools/bin/../lib/gcc/arm-none-eabi/13.3.1/../../../../arm-none-eabi/lib/thumb/v7e-m+fp/hard/libc_nano.a(libc_a-fwalk.o)
                              /Applications/STM32CubeIDE.app/Contents/Eclipse/plugins/com.st.stm32cube.ide.mcu.externaltools.gnu-tools-for-stm32.13.3.rel1.macos64_1.0.100.202509120712/tools/bin/../lib/gcc/arm-none-eabi/13.3.1/../../../../arm-none-eabi/lib/thumb/v7e-m+fp/hard/libc_nano.a(libc_a-findfp.o) (_fwalk_sglue)
/Applications/STM32CubeIDE.app/Contents/Eclipse/plugins/com.st.stm32cube.ide.mcu.externaltools.gnu-tools-for-stm32.13.3.rel1.macos64_1.0.100.202509120712/tools/bin/../lib/gcc/arm-none-eabi/13.3.1/../../../../arm-none-eabi/lib/thumb/v7e-m+fp/hard/libc_nano.a(libc_a-memcmp.o)
                              ./Core/Src/wav.o (memcmp)
/Applications/STM32CubeIDE.app/Contents/Eclipse/plugins/com.st.stm32cube.ide.mcu.externaltools.gnu-tools-for-stm32.13.3.rel1.macos64_1.0.100.202509120712/tools/bin/../lib/gcc/arm-none-eabi/13.3.1/../../../../arm-none-eabi/lib/thumb/v7e-m+fp/hard/libc_nano.a(libc_a-memset.o)
                              /Applications/STM32CubeIDE.app/Contents/Eclipse/plugins/com.st.stm32cube.ide.mcu.externaltools.gnu-tools-for-stm32.13.3.rel1.macos64_1.0.100.202509120712/tools/bin/../lib/gcc/arm-none-eabi/13.3.1/../../../../arm-none-eabi/lib/thumb/v7e-m+fp/hard/crt0.o (memset)
/Applications/STM32CubeIDE.app/Contents/Eclipse/plugins/com.st.stm32cube.ide.mcu.externaltools.gnu-tools-for-stm32.13.3.rel1.macos64_1.0.100.202509120712/tools/bin/../lib/gcc/arm-none-eabi/13.3.1/../../../../arm-none-eabi/lib/thumb/v7e-m+fp/hard/libc_nano.a(libc_a-sbrkr.o)
[...]
Memory Configuration

Name             Origin             Length             Attributes
RAM              0x20000000         0x00018000         xrw
RAM2             0x10000000         0x00008000         xrw
FLASH            0x08000000         0x00100000         xr
*default*        0x00000000         0xffffffff

Linker script and memory map

LOAD /Applications/STM32CubeIDE.app/Contents/Eclipse/plugins/com.st.stm32cube.ide.mcu.externaltools.gnu-tools-for-stm32.13.3.rel1.macos64_1.0.100.202509120712/tools/bin/../lib/gcc/arm-none-eabi/13.3.1/thumb/v7e-m+fp/hard/crti.o
LOAD /Applications/STM32CubeIDE.app/Contents/Eclipse/plugins/com.st.stm32cube.ide.mcu.externaltools.gnu-tools-for-stm32.13.3.rel1.macos64_1.0.100.202509120712/tools/bin/../lib/gcc/arm-none-eabi/13.3.1/thumb/v7e-m+fp/hard/crtbegin.o
LOAD /Applications/STM32CubeIDE.app/Contents/Eclipse/plugins/com.st.stm32cube.ide.mcu.externaltools.gnu-tools-for-stm32.13.3.rel1.macos64_1.0.100.202509120712/tools/bin/../lib/gcc/arm-none-eabi/13.3.1/../../../../arm-none-eabi/lib/thumb/v7e-m+fp/hard/crt0.o
LOAD ./Core/Src/main.o
LOAD ./Core/Src/stm32l4xx_hal_msp.o
LOAD ./Core/Src/stm32l4xx_it.o
LOAD ./Core/Src/syscalls.o
LOAD ./Core/Src/sysmem.o
LOAD ./Core/Src/system_stm32l4xx.o
LOAD ./Core/Src/wav.o
LOAD ./Core/Startup/startup_stm32l476rgtx.o
LOAD ./Drivers/STM32L4xx_HAL_Driver/Src/stm32l4xx_hal.o
LOAD ./Drivers/STM32L4xx_HAL_Driver/Src/stm32l4xx_hal_cortex.o
LOAD ./Drivers/STM32L4xx_HAL_Driver/Src/stm32l4xx_hal_dma.o
LOAD ./Drivers/STM32L4xx_HAL_Driver/Src/stm32l4xx_hal_dma_ex.o
LOAD ./Drivers/STM32L4xx_HAL_Driver/Src/stm32l4xx_hal_exti.o
LOAD ./Drivers/STM32L4xx_HAL_Driver/Src/stm32l4xx_hal_flash.o
LOAD ./Drivers/STM32L4xx_HAL_Driver/Src/stm32l4xx_hal_flash_ex.o
LOAD ./Drivers/STM32L4xx_HAL_Driver/Src/stm32l4xx_hal_flash_ramfunc.o
LOAD ./Drivers/STM32L4xx_HAL_Driver/Src/stm32l4xx_hal_gpio.o
LOAD ./Drivers/STM32L4xx_HAL_Driver/Src/stm32l4xx_hal_i2c.o
LOAD ./Drivers/STM32L4xx_HAL_Driver/Src/stm32l4xx_hal_i2c_ex.o
LOAD ./Drivers/STM32L4xx_HAL_Driver/Src/stm32l4xx_hal_pwr.o
LOAD ./Drivers/STM32L4xx_HAL_Driver/Src/stm32l4xx_hal_pwr_ex.o
LOAD ./Drivers/STM32L4xx_HAL_Driver/Src/stm32l4xx_hal_rcc.o
LOAD ./Drivers/STM32L4xx_HAL_Driver/Src/stm32l4xx_hal_rcc_ex.o
LOAD ./Drivers/STM32L4xx_HAL_Driver/Src/stm32l4xx_hal_sai.o
LOAD ./Drivers/STM32L4xx_HAL_Driver/Src/stm32l4xx_hal_sai_ex.o
LOAD ./Drivers/STM32L4xx_HAL_Driver/Src/stm32l4xx_hal_spi.o
LOAD ./Drivers/STM32L4xx_HAL_Driver/Src/stm32l4xx_hal_spi_ex.o
LOAD ./Drivers/STM32L4xx_HAL_Driver/Src/stm32l4xx_hal_uart.o
LOAD ./Drivers/STM32L4xx_HAL_Driver/Src/stm32l4xx_hal_uart_ex.o
LOAD ./FATFS/App/fatfs.o
LOAD ./FATFS/Target/user_diskio.o
LOAD ./FATFS/Target/user_diskio_spi.o
LOAD ./Middlewares/Third_Party/FatFs/src/diskio.o
LOAD ./Middlewares/Third_Party/FatFs/src/ff.o
LOAD ./Middlewares/Third_Party/FatFs/src/ff_gen_drv.o
LOAD ./Middlewares/Third_Party/FatFs/src/option/syscall.o
START GROUP
LOAD /Applications/STM32CubeIDE.app/Contents/Eclipse/plugins/com.st.stm32cube.ide.mcu.externaltools.gnu-tools-for-stm32.13.3.rel1.macos64_1.0.100.202509120712/tools/bin/../lib/gcc/arm-none-eabi/13.3.1/../../../../arm-none-eabi/lib/thumb/v7e-m+fp/hard/libc_nano.a
LOAD /Applications/STM32CubeIDE.app/Contents/Eclipse/plugins/com.st.stm32cube.ide.mcu.externaltools.gnu-tools-for-stm32.13.3.rel1.macos64_1.0.100.202509120712/tools/bin/../lib/gcc/arm-none-eabi/13.3.1/../../../../arm-none-eabi/lib/thumb/v7e-m+fp/hard/libm.a
END GROUP
START GROUP
LOAD /Applications/STM32CubeIDE.app/Contents/Eclipse/plugins/com.st.stm32cube.ide.mcu.externaltools.gnu-tools-for-stm32.13.3.rel1.macos64_1.0.100.202509120712/tools/bin/../lib/gcc/arm-none-eabi/13.3.1/thumb/v7e-m+fp/hard/libgcc.a
LOAD /Applications/STM32CubeIDE.app/Contents/Eclipse/plugins/com.st.stm32cube.ide.mcu.externaltools.gnu-tools-for-stm32.13.3.rel1.macos64_1.0.100.202509120712/tools/bin/../lib/gcc/arm-none-eabi/13.3.1/../../../../arm-none-eabi/lib/thumb/v7e-m+fp/hard/libc_nano.a
END GROUP
START GROUP
LOAD /Applications/STM32CubeIDE.app/Contents/Eclipse/plugins/com.st.stm32cube.ide.mcu.externaltools.gnu-tools-for-stm32.13.3.rel1.macos64_1.0.100.202509120712/tools/bin/../lib/gcc/arm-none-eabi/13.3.1/thumb/v7e-m+fp/hard/libgcc.a
LOAD /Applications/STM32CubeIDE.app/Contents/Eclipse/plugins/com.st.stm32cube.ide.mcu.externaltools.gnu-tools-for-stm32.13.3.rel1.macos64_1.0.100.202509120712/tools/bin/../lib/gcc/arm-none-eabi/13.3.1/../../../../arm-none-eabi/lib/thumb/v7e-m+fp/hard/libc_nano.a
LOAD /Applications/STM32CubeIDE.app/Contents/Eclipse/plugins/com.st.stm32cube.ide.mcu.externaltools.gnu-tools-for-stm32.13.3.rel1.macos64_1.0.100.202509120712/tools/bin/../lib/gcc/arm-none-eabi/13.3.1/../../../../arm-none-eabi/lib/thumb/v7e-m+fp/hard/libnosys.a
END GROUP
START GROUP
LOAD /Applications/STM32CubeIDE.app/Contents/Eclipse/plugins/com.st.stm32cube.ide.mcu.externaltools.gnu-tools-for-stm32.13.3.rel1.macos64_1.0.100.202509120712/tools/bin/../lib/gcc/arm-none-eabi/13.3.1/thumb/v7e-m+fp/hard/libgcc.a
LOAD /Applications/STM32CubeIDE.app/Contents/Eclipse/plugins/com.st.stm32cube.ide.mcu.externaltools.gnu-tools-for-stm32.13.3.rel1.macos64_1.0.100.202509120712/tools/bin/../lib/gcc/arm-none-eabi/13.3.1/../../../../arm-none-eabi/lib/thumb/v7e-m+fp/hard/libc_nano.a
LOAD /Applications/STM32CubeIDE.app/Contents/Eclipse/plugins/com.st.stm32cube.ide.mcu.externaltools.gnu-tools-for-stm32.13.3.rel1.macos64_1.0.100.202509120712/tools/bin/../lib/gcc/arm-none-eabi/13.3.1/../../../../arm-none-eabi/lib/thumb/v7e-m+fp/hard/libnosys.a
END GROUP
LOAD /Applications/STM32CubeIDE.app/Contents/Eclipse/plugins/com.st.stm32cube.ide.mcu.externaltools.gnu-tools-for-stm32.13.3.rel1.macos64_1.0.100.202509120712/tools/bin/../lib/gcc/arm-none-eabi/13.3.1/thumb/v7e-m+fp/hard/crtend.o
LOAD /Applications/STM32CubeIDE.app/Contents/Eclipse/plugins/com.st.stm32cube.ide.mcu.externaltools.gnu-tools-for-stm32.13.3.rel1.macos64_1.0.100.202509120712/tools/bin/../lib/gcc/arm-none-eabi/13.3.1/thumb/v7e-m+fp/hard/crtn.o
                0x20018000                        _estack = (ORIGIN (RAM) + LENGTH (RAM))
                0x00000200                        _Min_Heap_Size = 0x200
                0x00000400                        _Min_Stack_Size = 0x400

.isr_vector     0x08000000      0x188
                0x08000000                        . = ALIGN (0x4)
 *(.isr_vector)
 .isr_vector    0x08000000      0x188 ./Core/Startup/startup_stm32l476rgtx.o
                0x08000000                g_pfnVectors
                0x08000188                        . = ALIGN (0x4)

.text           0x08000188     0x90a4
                0x08000188                        . = ALIGN (0x4)
 *(.text)
 .text          0x08000188       0x40 /Applications/STM32CubeIDE.app/Contents/Eclipse/plugins/com.st.stm32cube.ide.mcu.externaltools.gnu-tools-for-stm32.13.3.rel1.macos64_1.0.100.202509120712/tools/bin/../lib/gcc/arm-none-eabi/13.3.1/thumb/v7e-m+fp/hard/crtbegin.o
 .text          0x080001c8       0x30 /Applications/STM32CubeIDE.app/Contents/Eclipse/plugins/com.st.stm32cube.ide.mcu.externaltools.gnu-tools-for-stm32.13.3.rel1.macos64_1.0.100.202509120712/tools/bin/../lib/gcc/arm-none-eabi/13.3.1/thumb/v7e-m+fp/hard/libgcc.a(_aeabi_uldivmod.o)
                0x080001c8                __aeabi_uldivmod
 .text          0x080001f8      0x2f8 /Applications/STM32CubeIDE.app/Contents/Eclipse/plugins/com.st.stm32cube.ide.mcu.externaltools.gnu-tools-for-stm32.13.3.rel1.macos64_1.0.100.202509120712/tools/bin/../lib/gcc/arm-none-eabi/13.3.1/thumb/v7e-m+fp/hard/libgcc.a(_udivmoddi4.o)
                0x080001f8                __udivmoddi4
 .text          0x080004f0        0x4 /Applications/STM32CubeIDE.app/Contents/Eclipse/plugins/com.st.stm32cube.ide.mcu.externaltools.gnu-tools-for-stm32.13.3.rel1.macos64_1.0.100.202509120712/tools/bin/../lib/gcc/arm-none-eabi/13.3.1/thumb/v7e-m+fp/hard/libgcc.a(_dvmd_tls.o)
                0x080004f0                __aeabi_ldiv0
                0x080004f0                __aeabi_idiv0
 *(.text*)
 .text.sd_read_bytes
                0x080004f4       0x2c ./Core/Src/main.o
                0x080004f4                sd_read_bytes
 .text.HAL_SAI_TxHalfCpltCallback
                0x08000520       0x20 ./Core/Src/main.o
                0x08000520                HAL_SAI_TxHalfCpltCallback
 .text.HAL_SAI_TxCpltCallback
                0x08000540       0x20 ./Core/Src/main.o
                0x08000540                HAL_SAI_TxCpltCallback
 .text.refill_half_buffer
                0x08000560      0x184 ./Core/Src/main.o
 .text.start_wav_playback
                0x080006e4       0x88 ./Core/Src/main.o
 .text.main     0x0800076c       0xac ./Core/Src/main.o
                0x0800076c                main
 .text.SystemClock_Config
                0x08000818       0x8c ./Core/Src/main.o
                0x08000818                SystemClock_Config
 .text.MX_SAI1_Init
                0x080008a4       0x6c ./Core/Src/main.o
 .text.MX_SPI1_Init
                0x08000910       0x7c ./Core/Src/main.o
 .text.MX_USART2_UART_Init
                0x0800098c       0x60 ./Core/Src/main.o
 .text.MX_DMA_Init
                0x080009ec       0x3c ./Core/Src/main.o
 .text.MX_GPIO_Init
                0x08000a28       0x94 ./Core/Src/main.o
 .text.Error_Handler
                0x08000abc        0xc ./Core/Src/main.o
                0x08000abc                Error_Handler
 .text.HAL_MspInit
                0x08000ac8       0x48 ./Core/Src/stm32l4xx_hal_msp.o
                0x08000ac8                HAL_MspInit
 .text.HAL_SPI_MspInit
                0x08000b10       0x84 ./Core/Src/stm32l4xx_hal_msp.o
                0x08000b10                HAL_SPI_MspInit
 .text.HAL_UART_MspInit
                0x08000b94       0xb8 ./Core/Src/stm32l4xx_hal_msp.o
                0x08000b94                HAL_UART_MspInit
 .text.HAL_SAI_MspInit
                0x08000c4c      0x168 ./Core/Src/stm32l4xx_hal_msp.o
                0x08000c4c                HAL_SAI_MspInit
 .text.NMI_Handler
                0x08000db4        0x8 ./Core/Src/stm32l4xx_it.o
                0x08000db4                NMI_Handler
 .text.HardFault_Handler
                0x08000dbc        0x8 ./Core/Src/stm32l4xx_it.o
                0x08000dbc                HardFault_Handler
 .text.MemManage_Handler
                0x08000dc4        0x8 ./Core/Src/stm32l4xx_it.o
                0x08000dc4                MemManage_Handler
 .text.BusFault_Handler
                0x08000dcc        0x8 ./Core/Src/stm32l4xx_it.o
                0x08000dcc                BusFault_Handler
 .text.UsageFault_Handler
                0x08000dd4        0x8 ./Core/Src/stm32l4xx_it.o
                0x08000dd4                UsageFault_Handler
 .text.SVC_Handler
                0x08000ddc        0xe ./Core/Src/stm32l4xx_it.o
                0x08000ddc                SVC_Handler
 .text.DebugMon_Handler
                0x08000dea        0xe ./Core/Src/stm32l4xx_it.o
                0x08000dea                DebugMon_Handler
 .text.PendSV_Handler
                0x08000df8        0xe ./Core/Src/stm32l4xx_it.o
                0x08000df8                PendSV_Handler
 .text.SysTick_Handler
                0x08000e06        0xc ./Core/Src/stm32l4xx_it.o
                0x08000e06                SysTick_Handler
 *fill*         0x08000e12        0x2 
 .text.DMA2_Channel1_IRQHandler
                0x08000e14       0x14 ./Core/Src/stm32l4xx_it.o
                0x08000e14                DMA2_Channel1_IRQHandler
 .text._sbrk    0x08000e28       0x6c ./Core/Src/sysmem.o
                0x08000e28                _sbrk
 .text.SystemInit
                0x08000e94       0x24 ./Core/Src/system_stm32l4xx.o
                0x08000e94                SystemInit
 .text.le32     0x08000eb8       0x38 ./Core/Src/wav.o
 .text.le16     0x08000ef0       0x2c ./Core/Src/wav.o
 .text.wav_parse_header
                0x08000f1c      0x280 ./Core/Src/wav.o
                0x08000f1c                wav_parse_header
 .text.Reset_Handler
                0x0800119c       0x50 ./Core/Startup/startup_stm32l476rgtx.o
                0x0800119c                Reset_Handler
 .text.Default_Handler
                0x080011ec        0x2 ./Core/Startup/startup_stm32l476rgtx.o
                0x080011ec                TIM1_BRK_TIM15_IRQHandler
                0x080011ec                EXTI2_IRQHandler
                0x080011ec                TIM8_TRG_COM_IRQHandler
                0x080011ec                TIM8_CC_IRQHandler
                0x080011ec                TIM1_CC_IRQHandler
                0x080011ec                TSC_IRQHandler
                0x080011ec                TAMP_STAMP_IRQHandler
                0x080011ec                EXTI3_IRQHandler
                0x080011ec                LPTIM2_IRQHandler
                0x080011ec                DFSDM1_FLT1_IRQHandler
                0x080011ec                I2C3_ER_IRQHandler
                0x080011ec                DFSDM1_FLT2_IRQHandler
                0x080011ec                EXTI0_IRQHandler
                0x080011ec                I2C2_EV_IRQHandler
                0x080011ec                CAN1_RX0_IRQHandler
                0x080011ec                FPU_IRQHandler
                0x080011ec                TIM1_UP_TIM16_IRQHandler
                0x080011ec                ADC1_2_IRQHandler
                0x080011ec                SPI1_IRQHandler
                0x080011ec                TIM6_DAC_IRQHandler
                0x080011ec                TIM8_UP_IRQHandler
                0x080011ec                DMA2_Channel2_IRQHandler
                0x080011ec                DMA1_Channel4_IRQHandler
                0x080011ec                SAI2_IRQHandler
                0x080011ec                DFSDM1_FLT3_IRQHandler
                0x080011ec                USART3_IRQHandler
                0x080011ec                DMA1_Channel7_IRQHandler
                0x080011ec                CAN1_RX1_IRQHandler
                0x080011ec                LCD_IRQHandler
                0x080011ec                UART5_IRQHandler
                0x080011ec                ADC3_IRQHandler
                0x080011ec                TIM4_IRQHandler
                0x080011ec                QUADSPI_IRQHandler
                0x080011ec                I2C1_EV_IRQHandler
                0x080011ec                DMA1_Channel6_IRQHandler
                0x080011ec                UART4_IRQHandler
                0x080011ec                DMA2_Channel4_IRQHandler
                0x080011ec                TIM3_IRQHandler
                0x080011ec                RCC_IRQHandler
                0x080011ec                DMA1_Channel1_IRQHandler
                0x080011ec                Default_Handler
                0x080011ec                DMA2_Channel7_IRQHandler
                0x080011ec                EXTI15_10_IRQHandler
                0x080011ec                TIM7_IRQHandler
                0x080011ec                SDMMC1_IRQHandler
                0x080011ec                TIM5_IRQHandler
                0x080011ec                I2C3_EV_IRQHandler
                0x080011ec                EXTI9_5_IRQHandler
                0x080011ec                RTC_WKUP_IRQHandler
                0x080011ec                PVD_PVM_IRQHandler
                0x080011ec                SPI2_IRQHandler
                0x080011ec                CAN1_TX_IRQHandler
                0x080011ec                DMA2_Channel5_IRQHandler
                0x080011ec                DMA1_Channel5_IRQHandler
                0x080011ec                EXTI4_IRQHandler
                0x080011ec                RNG_IRQHandler
                0x080011ec                TIM1_TRG_COM_TIM17_IRQHandler
                0x080011ec                DMA1_Channel3_IRQHandler
                0x080011ec                COMP_IRQHandler
                0x080011ec                WWDG_IRQHandler
                0x080011ec                LPUART1_IRQHandler
                0x080011ec                DMA2_Channel6_IRQHandler
                0x080011ec                TIM2_IRQHandler
                0x080011ec                EXTI1_IRQHandler
                0x080011ec                USART2_IRQHandler
                0x080011ec                DFSDM1_FLT0_IRQHandler
                0x080011ec                I2C2_ER_IRQHandler
                0x080011ec                DMA1_Channel2_IRQHandler
                0x080011ec                TIM8_BRK_IRQHandler
                0x080011ec                CAN1_SCE_IRQHandler
                0x080011ec                FLASH_IRQHandler
                0x080011ec                USART1_IRQHandler
                0x080011ec                OTG_FS_IRQHandler
                0x080011ec                SPI3_IRQHandler
                0x080011ec                I2C1_ER_IRQHandler
                0x080011ec                FMC_IRQHandler
                0x080011ec                SWPMI1_IRQHandler
                0x080011ec                LPTIM1_IRQHandler
                0x080011ec                SAI1_IRQHandler
                0x080011ec                DMA2_Channel3_IRQHandler
                0x080011ec                RTC_Alarm_IRQHandler
 .text.HAL_Init
                0x080011ee       0x30 ./Drivers/STM32L4xx_HAL_Driver/Src/stm32l4xx_hal.o
                0x080011ee                HAL_Init
 *fill*         0x0800121e        0x2 
 .text.HAL_InitTick
                0x08001220       0x78 ./Drivers/STM32L4xx_HAL_Driver/Src/stm32l4xx_hal.o
                0x08001220                HAL_InitTick
 .text.HAL_IncTick
                0x08001298       0x28 ./Drivers/STM32L4xx_HAL_Driver/Src/stm32l4xx_hal.o
                0x08001298                HAL_IncTick
 .text.HAL_GetTick
                0x080012c0       0x18 ./Drivers/STM32L4xx_HAL_Driver/Src/stm32l4xx_hal.o
                0x080012c0                HAL_GetTick
 .text.__NVIC_SetPriorityGrouping
                0x080012d8       0x48 ./Drivers/STM32L4xx_HAL_Driver/Src/stm32l4xx_hal_cortex.o
 .text.__NVIC_GetPriorityGrouping
                0x08001320       0x1c ./Drivers/STM32L4xx_HAL_Driver/Src/stm32l4xx_hal_cortex.o
 .text.__NVIC_EnableIRQ
                0x0800133c       0x3c ./Drivers/STM32L4xx_HAL_Driver/Src/stm32l4xx_hal_cortex.o
 .text.__NVIC_SetPriority
                0x08001378       0x54 ./Drivers/STM32L4xx_HAL_Driver/Src/stm32l4xx_hal_cortex.o
 .text.NVIC_EncodePriority
                0x080013cc       0x66 ./Drivers/STM32L4xx_HAL_Driver/Src/stm32l4xx_hal_cortex.o
 *fill*         0x08001432        0x2 
 .text.SysTick_Config
                0x08001434       0x44 ./Drivers/STM32L4xx_HAL_Driver/Src/stm32l4xx_hal_cortex.o
 .text.HAL_NVIC_SetPriorityGrouping
                0x08001478       0x16 ./Drivers/STM32L4xx_HAL_Driver/Src/stm32l4xx_hal_cortex.o
                0x08001478                HAL_NVIC_SetPriorityGrouping
 .text.HAL_NVIC_SetPriority
                0x0800148e       0x38 ./Drivers/STM32L4xx_HAL_Driver/Src/stm32l4xx_hal_cortex.o
                0x0800148e                HAL_NVIC_SetPriority
 .text.HAL_NVIC_EnableIRQ
                0x080014c6       0x1c ./Drivers/STM32L4xx_HAL_Driver/Src/stm32l4xx_hal_cortex.o
                0x080014c6                HAL_NVIC_EnableIRQ
 .text.HAL_SYSTICK_Config
                0x080014e2       0x18 ./Drivers/STM32L4xx_HAL_Driver/Src/stm32l4xx_hal_cortex.o
                0x080014e2                HAL_SYSTICK_Config
 *fill*         0x080014fa        0x2 
 .text.HAL_DMA_Init
                0x080014fc      0x170 ./Drivers/STM32L4xx_HAL_Driver/Src/stm32l4xx_hal_dma.o
                0x080014fc                HAL_DMA_Init
 .text.HAL_DMA_Start_IT
                0x0800166c       0xc0 ./Drivers/STM32L4xx_HAL_Driver/Src/stm32l4xx_hal_dma.o
                0x0800166c                HAL_DMA_Start_IT
 .text.HAL_DMA_IRQHandler
                0x0800172c      0x15e ./Drivers/STM32L4xx_HAL_Driver/Src/stm32l4xx_hal_dma.o
                0x0800172c                HAL_DMA_IRQHandler
 .text.DMA_SetConfig
                0x0800188a       0x60 ./Drivers/STM32L4xx_HAL_Driver/Src/stm32l4xx_hal_dma.o
 *fill*         0x080018ea        0x2 
 .text.HAL_GPIO_Init
                0x080018ec      0x354 ./Drivers/STM32L4xx_HAL_Driver/Src/stm32l4xx_hal_gpio.o
                0x080018ec                HAL_GPIO_Init
 .text.HAL_GPIO_WritePin
                0x08001c40       0x30 ./Drivers/STM32L4xx_HAL_Driver/Src/stm32l4xx_hal_gpio.o
                0x08001c40                HAL_GPIO_WritePin
 .text.HAL_PWREx_GetVoltageRange
                0x08001c70       0x1c ./Drivers/STM32L4xx_HAL_Driver/Src/stm32l4xx_hal_pwr_ex.o
                0x08001c70                HAL_PWREx_GetVoltageRange
 .text.HAL_PWREx_ControlVoltageScaling
                0x08001c8c       0xac ./Drivers/STM32L4xx_HAL_Driver/Src/stm32l4xx_hal_pwr_ex.o
                0x08001c8c                HAL_PWREx_ControlVoltageScaling
 .text.HAL_RCC_OscConfig
                0x08001d38      0x7b8 ./Drivers/STM32L4xx_HAL_Driver/Src/stm32l4xx_hal_rcc.o
                0x08001d38                HAL_RCC_OscConfig
 .text.HAL_RCC_ClockConfig
                0x080024f0      0x200 ./Drivers/STM32L4xx_HAL_Driver/Src/stm32l4xx_hal_rcc.o
                0x080024f0                HAL_RCC_ClockConfig
 .text.HAL_RCC_GetSysClockFreq
                0x080026f0      0x118 ./Drivers/STM32L4xx_HAL_Driver/Src/stm32l4xx_hal_rcc.o
                0x080026f0                HAL_RCC_GetSysClockFreq
 .text.HAL_RCC_GetHCLKFreq
                0x08002808       0x18 ./Drivers/STM32L4xx_HAL_Driver/Src/stm32l4xx_hal_rcc.o
                0x08002808                HAL_RCC_GetHCLKFreq
 .text.HAL_RCC_GetPCLK1Freq
                0x08002820       0x2c ./Drivers/STM32L4xx_HAL_Driver/Src/stm32l4xx_hal_rcc.o
                0x08002820                HAL_RCC_GetPCLK1Freq
 .text.HAL_RCC_GetPCLK2Freq
                0x0800284c       0x2c ./Drivers/STM32L4xx_HAL_Driver/Src/stm32l4xx_hal_rcc.o
                0x0800284c                HAL_RCC_GetPCLK2Freq
 .text.RCC_SetFlashLatencyFromMSIRange
                0x08002878       0xc0 ./Drivers/STM32L4xx_HAL_Driver/Src/stm32l4xx_hal_rcc.o
 .text.HAL_RCCEx_PeriphCLKConfig
                0x08002938      0x5d4 ./Drivers/STM32L4xx_HAL_Driver/Src/stm32l4xx_hal_rcc_ex.o
                0x08002938                HAL_RCCEx_PeriphCLKConfig
 .text.HAL_RCCEx_GetPeriphCLKFreq
                0x08002f0c      0xadc ./Drivers/STM32L4xx_HAL_Driver/Src/stm32l4xx_hal_rcc_ex.o
                0x08002f0c                HAL_RCCEx_GetPeriphCLKFreq
 .text.RCCEx_PLLSAI1_Config
                0x080039e8      0x1e8 ./Drivers/STM32L4xx_HAL_Driver/Src/stm32l4xx_hal_rcc_ex.o
 .text.RCCEx_PLLSAI2_Config
                0x08003bd0      0x1bc ./Drivers/STM32L4xx_HAL_Driver/Src/stm32l4xx_hal_rcc_ex.o
 .text.RCCEx_GetSAIxPeriphCLKFreq
                0x08003d8c      0x1e0 ./Drivers/STM32L4xx_HAL_Driver/Src/stm32l4xx_hal_rcc_ex.o
 .text.HAL_SAI_InitProtocol
                0x08003f6c       0x62 ./Drivers/STM32L4xx_HAL_Driver/Src/stm32l4xx_hal_sai.o
                0x08003f6c                HAL_SAI_InitProtocol
 *fill*         0x08003fce        0x2 
 .text.HAL_SAI_Init
                0x08003fd0      0x2e4 ./Drivers/STM32L4xx_HAL_Driver/Src/stm32l4xx_hal_sai.o
                0x08003fd0                HAL_SAI_Init
 .text.HAL_SAI_Transmit_DMA
                0x080042b4      0x160 ./Drivers/STM32L4xx_HAL_Driver/Src/stm32l4xx_hal_sai.o
                0x080042b4                HAL_SAI_Transmit_DMA
 .text.HAL_SAI_ErrorCallback
                0x08004414       0x14 ./Drivers/STM32L4xx_HAL_Driver/Src/stm32l4xx_hal_sai.o
                0x08004414                HAL_SAI_ErrorCallback
 .text.SAI_InitI2S
                0x08004428      0x164 ./Drivers/STM32L4xx_HAL_Driver/Src/stm32l4xx_hal_sai.o
 .text.SAI_InitPCM
                0x0800458c      0x104 ./Drivers/STM32L4xx_HAL_Driver/Src/stm32l4xx_hal_sai.o
 .text.SAI_InterruptFlag
                0x08004690       0x6e ./Drivers/STM32L4xx_HAL_Driver/Src/stm32l4xx_hal_sai.o
 *fill*         0x080046fe        0x2 
 .text.SAI_Disable
                0x08004700       0x74 ./Drivers/STM32L4xx_HAL_Driver/Src/stm32l4xx_hal_sai.o
 .text.SAI_DMATxCplt
                0x08004774       0x5e ./Drivers/STM32L4xx_HAL_Driver/Src/stm32l4xx_hal_sai.o
 .text.SAI_DMATxHalfCplt
                0x080047d2       0x1c ./Drivers/STM32L4xx_HAL_Driver/Src/stm32l4xx_hal_sai.o
 .text.SAI_DMAError
                0x080047ee       0x52 ./Drivers/STM32L4xx_HAL_Driver/Src/stm32l4xx_hal_sai.o
 .text.HAL_SPI_Init
                0x08004840      0x146 ./Drivers/STM32L4xx_HAL_Driver/Src/stm32l4xx_hal_spi.o
                0x08004840                HAL_SPI_Init
 .text.HAL_SPI_Transmit
                0x08004986      0x2ec ./Drivers/STM32L4xx_HAL_Driver/Src/stm32l4xx_hal_spi.o
                0x08004986                HAL_SPI_Transmit
 .text.HAL_SPI_TransmitReceive
                0x08004c72      0x43e ./Drivers/STM32L4xx_HAL_Driver/Src/stm32l4xx_hal_spi.o
                0x08004c72                HAL_SPI_TransmitReceive
 .text.SPI_WaitFlagStateUntilTimeout
                0x080050b0      0x110 ./Drivers/STM32L4xx_HAL_Driver/Src/stm32l4xx_hal_spi.o
 .text.SPI_WaitFifoStateUntilTimeout
                0x080051c0      0x12c ./Drivers/STM32L4xx_HAL_Driver/Src/stm32l4xx_hal_spi.o
 .text.SPI_EndRxTxTransaction
                0x080052ec       0x8c ./Drivers/STM32L4xx_HAL_Driver/Src/stm32l4xx_hal_spi.o
 .text.HAL_UART_Init
                0x08005378       0x9c ./Drivers/STM32L4xx_HAL_Driver/Src/stm32l4xx_hal_uart.o
                0x08005378                HAL_UART_Init
 .text.UART_SetConfig
                0x08005414      0x570 ./Drivers/STM32L4xx_HAL_Driver/Src/stm32l4xx_hal_uart.o
                0x08005414                UART_SetConfig
 .text.UART_AdvFeatureConfig
                0x08005984      0x144 ./Drivers/STM32L4xx_HAL_Driver/Src/stm32l4xx_hal_uart.o
                0x08005984                UART_AdvFeatureConfig
 .text.UART_CheckIdleState
                0x08005ac8      0x150 ./Drivers/STM32L4xx_HAL_Driver/Src/stm32l4xx_hal_uart.o
                0x08005ac8                UART_CheckIdleState
 .text.UART_WaitOnFlagUntilTimeout
                0x08005c18       0xda ./Drivers/STM32L4xx_HAL_Driver/Src/stm32l4xx_hal_uart.o
                0x08005c18                UART_WaitOnFlagUntilTimeout
 .text.UART_EndRxTransfer
                0x08005cf2       0xc8 ./Drivers/STM32L4xx_HAL_Driver/Src/stm32l4xx_hal_uart.o
 *fill*         0x08005dba        0x2 
 .text.MX_FATFS_Init
                0x08005dbc       0x24 ./FATFS/App/fatfs.o
                0x08005dbc                MX_FATFS_Init
 .text.get_fattime
                0x08005de0       0x10 ./FATFS/App/fatfs.o
                0x08005de0                get_fattime
 .text.USER_initialize
                0x08005df0       0x1c ./FATFS/Target/user_diskio.o
                0x08005df0                USER_initialize
 .text.USER_status
                0x08005e0c       0x1c ./FATFS/Target/user_diskio.o
                0x08005e0c                USER_status
 .text.USER_read
                0x08005e28       0x26 ./FATFS/Target/user_diskio.o
                0x08005e28                USER_read
 .text.USER_write
                0x08005e4e       0x26 ./FATFS/Target/user_diskio.o
                0x08005e4e                USER_write
 .text.USER_ioctl
                0x08005e74       0x26 ./FATFS/Target/user_diskio.o
                0x08005e74                USER_ioctl
 *fill*         0x08005e9a        0x2 
 .text.SPI_Timer_On
                0x08005e9c       0x28 ./FATFS/Target/user_diskio_spi.o
                0x08005e9c                SPI_Timer_On
 .text.SPI_Timer_Status
                0x08005ec4       0x2c ./FATFS/Target/user_diskio_spi.o
                0x08005ec4                SPI_Timer_Status
 .text.xchg_spi
                0x08005ef0       0x2c ./FATFS/Target/user_diskio_spi.o
 .text.rcvr_spi_multi
                0x08005f1c       0x38 ./FATFS/Target/user_diskio_spi.o
 .text.xmit_spi_multi
                0x08005f54       0x28 ./FATFS/Target/user_diskio_spi.o
 .text.wait_ready
                0x08005f7c       0x46 ./FATFS/Target/user_diskio_spi.o
 .text.despiselect
                0x08005fc2       0x1a ./FATFS/Target/user_diskio_spi.o
 .text.spiselect
                0x08005fdc       0x32 ./FATFS/Target/user_diskio_spi.o
 .text.rcvr_datablock
                0x0800600e       0x52 ./FATFS/Target/user_diskio_spi.o
 .text.xmit_datablock
                0x08006060       0x64 ./FATFS/Target/user_diskio_spi.o
 .text.send_cmd
                0x080060c4       0xde ./FATFS/Target/user_diskio_spi.o
 *fill*         0x080061a2        0x2 
 .text.USER_SPI_initialize
                0x080061a4      0x1d8 ./FATFS/Target/user_diskio_spi.o
                0x080061a4                USER_SPI_initialize
 .text.USER_SPI_status
                0x0800637c       0x2c ./FATFS/Target/user_diskio_spi.o
                0x0800637c                USER_SPI_status
 .text.USER_SPI_read
                0x080063a8       0xcc ./FATFS/Target/user_diskio_spi.o
                0x080063a8                USER_SPI_read
 .text.USER_SPI_write
                0x08006474       0xf8 ./FATFS/Target/user_diskio_spi.o
                0x08006474                USER_SPI_write
 .text.USER_SPI_ioctl
                0x0800656c      0x2e0 ./FATFS/Target/user_diskio_spi.o
                0x0800656c                USER_SPI_ioctl
 .text.disk_status
                0x0800684c       0x34 ./Middlewares/Third_Party/FatFs/src/diskio.o
                0x0800684c                disk_status
 .text.disk_initialize
                0x08006880       0x4c ./Middlewares/Third_Party/FatFs/src/diskio.o
                0x08006880                disk_initialize
 .text.disk_read
                0x080068cc       0x40 ./Middlewares/Third_Party/FatFs/src/diskio.o
                0x080068cc                disk_read
 .text.disk_write
                0x0800690c       0x40 ./Middlewares/Third_Party/FatFs/src/diskio.o
                0x0800690c                disk_write
 .text.disk_ioctl
                0x0800694c       0x3c ./Middlewares/Third_Party/FatFs/src/diskio.o
                0x0800694c                disk_ioctl
 .text.ld_word  0x08006988       0x32 ./Middlewares/Third_Party/FatFs/src/ff.o
 .text.ld_dword
                0x080069ba       0x46 ./Middlewares/Third_Party/FatFs/src/ff.o
 .text.st_word  0x08006a00       0x36 ./Middlewares/Third_Party/FatFs/src/ff.o
 .text.st_dword
                0x08006a36       0x58 ./Middlewares/Third_Party/FatFs/src/ff.o
 .text.mem_cpy  0x08006a8e       0x42 ./Middlewares/Third_Party/FatFs/src/ff.o
 .text.mem_set  0x08006ad0       0x36 ./Middlewares/Third_Party/FatFs/src/ff.o
 .text.mem_cmp  0x08006b06       0x4e ./Middlewares/Third_Party/FatFs/src/ff.o
 .text.chk_chr  0x08006b54       0x36 ./Middlewares/Third_Party/FatFs/src/ff.o
 *fill*         0x08006b8a        0x2 
 .text.chk_lock
                0x08006b8c       0xb8 ./Middlewares/Third_Party/FatFs/src/ff.o
 .text.enq_lock
                0x08006c44       0x44 ./Middlewares/Third_Party/FatFs/src/ff.o
 .text.inc_lock
                0x08006c88      0x11c ./Middlewares/Third_Party/FatFs/src/ff.o
 .text.dec_lock
                0x08006da4       0x78 ./Middlewares/Third_Party/FatFs/src/ff.o
 .text.clear_lock
                0x08006e1c       0x48 ./Middlewares/Third_Party/FatFs/src/ff.o
 .text.sync_window
                0x08006e64       0x88 ./Middlewares/Third_Party/FatFs/src/ff.o
 .text.move_window
                0x08006eec       0x5a ./Middlewares/Third_Party/FatFs/src/ff.o
 *fill*         0x08006f46        0x2 
 .text.sync_fs  0x08006f48       0xdc ./Middlewares/Third_Party/FatFs/src/ff.o
 .text.clust2sect
                0x08007024       0x3e ./Middlewares/Third_Party/FatFs/src/ff.o
 .text.get_fat  0x08007062      0x14e ./Middlewares/Third_Party/FatFs/src/ff.o
 .text.put_fat  0x080071b0      0x1d4 ./Middlewares/Third_Party/FatFs/src/ff.o
 .text.remove_chain
                0x08007384       0xca ./Middlewares/Third_Party/FatFs/src/ff.o
 .text.create_chain
                0x0800744e      0x130 ./Middlewares/Third_Party/FatFs/src/ff.o
 .text.clmt_clust
                0x0800757e       0x68 ./Middlewares/Third_Party/FatFs/src/ff.o
 .text.dir_sdi  0x080075e6       0xf6 ./Middlewares/Third_Party/FatFs/src/ff.o
 .text.dir_next
                0x080076dc      0x18a ./Middlewares/Third_Party/FatFs/src/ff.o
 .text.dir_alloc
                0x08007866       0x8e ./Middlewares/Third_Party/FatFs/src/ff.o
 .text.ld_clust
                0x080078f4       0x3e ./Middlewares/Third_Party/FatFs/src/ff.o
 .text.st_clust
                0x08007932       0x40 ./Middlewares/Third_Party/FatFs/src/ff.o
 .text.dir_find
                0x08007972       0xaa ./Middlewares/Third_Party/FatFs/src/ff.o
 .text.dir_register
                0x08007a1c       0x64 ./Middlewares/Third_Party/FatFs/src/ff.o
 .text.create_name
                0x08007a80      0x128 ./Middlewares/Third_Party/FatFs/src/ff.o
 .text.follow_path
                0x08007ba8       0xe2 ./Middlewares/Third_Party/FatFs/src/ff.o
 .text.get_ldnumber
                0x08007c8a       0x88 ./Middlewares/Third_Party/FatFs/src/ff.o
 *fill*         0x08007d12        0x2 
 .text.check_fs
                0x08007d14       0xac ./Middlewares/Third_Party/FatFs/src/ff.o
 .text.find_volume
                0x08007dc0      0x498 ./Middlewares/Third_Party/FatFs/src/ff.o
 .text.validate
                0x08008258       0x6a ./Middlewares/Third_Party/FatFs/src/ff.o
 *fill*         0x080082c2        0x2 
 .text.f_mount  0x080082c4       0x8c ./Middlewares/Third_Party/FatFs/src/ff.o
                0x080082c4                f_mount
 .text.f_open   0x08008350      0x374 ./Middlewares/Third_Party/FatFs/src/ff.o
                0x08008350                f_open
 .text.f_read   0x080086c4      0x27e ./Middlewares/Third_Party/FatFs/src/ff.o
                0x080086c4                f_read
 .text.f_sync   0x08008942       0xfc ./Middlewares/Third_Party/FatFs/src/ff.o
                0x08008942                f_sync
 .text.f_close  0x08008a3e       0x54 ./Middlewares/Third_Party/FatFs/src/ff.o
                0x08008a3e                f_close
 .text.f_lseek  0x08008a92      0x412 ./Middlewares/Third_Party/FatFs/src/ff.o
                0x08008a92                f_lseek
 .text.FATFS_LinkDriverEx
                0x08008ea4       0x98 ./Middlewares/Third_Party/FatFs/src/ff_gen_drv.o
                0x08008ea4                FATFS_LinkDriverEx
 .text.FATFS_LinkDriver
                0x08008f3c       0x1e ./Middlewares/Third_Party/FatFs/src/ff_gen_drv.o
                0x08008f3c                FATFS_LinkDriver
 *fill*         0x08008f5a        0x2 
 .text.malloc   0x08008f5c       0x10 /Applications/STM32CubeIDE.app/Contents/Eclipse/plugins/com.st.stm32cube.ide.mcu.externaltools.gnu-tools-for-stm32.13.3.rel1.macos64_1.0.100.202509120712/tools/bin/../lib/gcc/arm-none-eabi/13.3.1/../../../../arm-none-eabi/lib/thumb/v7e-m+fp/hard/libc_nano.a(libc_a-malloc.o)
                0x08008f5c                malloc
 .text.free     0x08008f6c       0x10 /Applications/STM32CubeIDE.app/Contents/Eclipse/plugins/com.st.stm32cube.ide.mcu.externaltools.gnu-tools-for-stm32.13.3.rel1.macos64_1.0.100.202509120712/tools/bin/../lib/gcc/arm-none-eabi/13.3.1/../../../../arm-none-eabi/lib/thumb/v7e-m+fp/hard/libc_nano.a(libc_a-malloc.o)
                0x08008f6c                free
 .text.sbrk_aligned
                0x08008f7c       0x44 /Applications/STM32CubeIDE.app/Contents/Eclipse/plugins/com.st.stm32cube.ide.mcu.externaltools.gnu-tools-for-stm32.13.3.rel1.macos64_1.0.100.202509120712/tools/bin/../lib/gcc/arm-none-eabi/13.3.1/../../../../arm-none-eabi/lib/thumb/v7e-m+fp/hard/libc_nano.a(libc_a-mallocr.o)
 .text._malloc_r
                0x08008fc0      0x100 /Applications/STM32CubeIDE.app/Contents/Eclipse/plugins/com.st.stm32cube.ide.mcu.externaltools.gnu-tools-for-stm32.13.3.rel1.macos64_1.0.100.202509120712/tools/bin/../lib/gcc/arm-none-eabi/13.3.1/../../../../arm-none-eabi/lib/thumb/v7e-m+fp/hard/libc_nano.a(libc_a-mallocr.o)
                0x08008fc0                _malloc_r
 .text.__malloc_lock
                0x080090c0        0xc /Applications/STM32CubeIDE.app/Contents/Eclipse/plugins/com.st.stm32cube.ide.mcu.externaltools.gnu-tools-for-stm32.13.3.rel1.macos64_1.0.100.202509120712/tools/bin/../lib/gcc/arm-none-eabi/13.3.1/../../../../arm-none-eabi/lib/thumb/v7e-m+fp/hard/libc_nano.a(libc_a-mlock.o)
                0x080090c0                __malloc_lock
 .text.__malloc_unlock
                0x080090cc        0xc /Applications/STM32CubeIDE.app/Contents/Eclipse/plugins/com.st.stm32cube.ide.mcu.externaltools.gnu-tools-for-stm32.13.3.rel1.macos64_1.0.100.202509120712/tools/bin/../lib/gcc/arm-none-eabi/13.3.1/../../../../arm-none-eabi/lib/thumb/v7e-m+fp/hard/libc_nano.a(libc_a-mlock.o)
                0x080090cc                __malloc_unlock
 .text.memcmp   0x080090d8       0x20 /Applications/STM32CubeIDE.app/Contents/Eclipse/plugins/com.st.stm32cube.ide.mcu.externaltools.gnu-tools-for-stm32.13.3.rel1.macos64_1.0.100.202509120712/tools/bin/../lib/gcc/arm-none-eabi/13.3.1/../../../../arm-none-eabi/lib/thumb/v7e-m+fp/hard/libc_nano.a(libc_a-memcmp.o)
                0x080090d8                memcmp
 .text.memset   0x080090f8       0x10 /Applications/STM32CubeIDE.app/Contents/Eclipse/plugins/com.st.stm32cube.ide.mcu.externaltools.gnu-tools-for-stm32.13.3.rel1.macos64_1.0.100.202509120712/tools/bin/../lib/gcc/arm-none-eabi/13.3.1/../../../../arm-none-eabi/lib/thumb/v7e-m+fp/hard/libc_nano.a(libc_a-memset.o)
                0x080090f8                memset
 .text._sbrk_r  0x08009108       0x20 /Applications/STM32CubeIDE.app/Contents/Eclipse/plugins/com.st.stm32cube.ide.mcu.externaltools.gnu-tools-for-stm32.13.3.rel1.macos64_1.0.100.202509120712/tools/bin/../lib/gcc/arm-none-eabi/13.3.1/../../../../arm-none-eabi/lib/thumb/v7e-m+fp/hard/libc_nano.a(libc_a-sbrkr.o)
                0x08009108                _sbrk_r
 .text.__errno  0x08009128        0xc /Applications/STM32CubeIDE.app/Contents/Eclipse/plugins/com.st.stm32cube.ide.mcu.externaltools.gnu-tools-for-stm32.13.3.rel1.macos64_1.0.100.202509120712/tools/bin/../lib/gcc/arm-none-eabi/13.3.1/../../../../arm-none-eabi/lib/thumb/v7e-m+fp/hard/libc_nano.a(libc_a-errno.o)
                0x08009128                __errno
 .text.__libc_init_array
                0x08009134       0x48 /Applications/STM32CubeIDE.app/Contents/Eclipse/plugins/com.st.stm32cube.ide.mcu.externaltools.gnu-tools-for-stm32.13.3.rel1.macos64_1.0.100.202509120712/tools/bin/../lib/gcc/arm-none-eabi/13.3.1/../../../../arm-none-eabi/lib/thumb/v7e-m+fp/hard/libc_nano.a(libc_a-init.o)
                0x08009134                __libc_init_array
 .text.__retarget_lock_acquire_recursive
                0x0800917c        0x2 /Applications/STM32CubeIDE.app/Contents/Eclipse/plugins/com.st.stm32cube.ide.mcu.externaltools.gnu-tools-for-stm32.13.3.rel1.macos64_1.0.100.202509120712/tools/bin/../lib/gcc/arm-none-eabi/13.3.1/../../../../arm-none-eabi/lib/thumb/v7e-m+fp/hard/libc_nano.a(libc_a-lock.o)
                0x0800917c                __retarget_lock_acquire_recursive
 .text.__retarget_lock_release_recursive
                0x0800917e        0x2 /Applications/STM32CubeIDE.app/Contents/Eclipse/plugins/com.st.stm32cube.ide.mcu.externaltools.gnu-tools-for-stm32.13.3.rel1.macos64_1.0.100.202509120712/tools/bin/../lib/gcc/arm-none-eabi/13.3.1/../../../../arm-none-eabi/lib/thumb/v7e-m+fp/hard/libc_nano.a(libc_a-lock.o)
                0x0800917e                __retarget_lock_release_recursive
 .text._free_r  0x08009180       0x94 /Applications/STM32CubeIDE.app/Contents/Eclipse/plugins/com.st.stm32cube.ide.mcu.externaltools.gnu-tools-for-stm32.13.3.rel1.macos64_1.0.100.202509120712/tools/bin/../lib/gcc/arm-none-eabi/13.3.1/../../../../arm-none-eabi/lib/thumb/v7e-m+fp/hard/libc_nano.a(libc_a-freer.o)
                0x08009180                _free_r
 *(.glue_7)
 .glue_7        0x08009214        0x0 linker stubs
 *(.glue_7t)
 .glue_7t       0x08009214        0x0 linker stubs
 *(.eh_frame)
 .eh_frame      0x08009214        0x0 /Applications/STM32CubeIDE.app/Contents/Eclipse/plugins/com.st.stm32cube.ide.mcu.externaltools.gnu-tools-for-stm32.13.3.rel1.macos64_1.0.100.202509120712/tools/bin/../lib/gcc/arm-none-eabi/13.3.1/thumb/v7e-m+fp/hard/crtbegin.o
 *(.init)
 .init          0x08009214        0x4 /Applications/STM32CubeIDE.app/Contents/Eclipse/plugins/com.st.stm32cube.ide.mcu.externaltools.gnu-tools-for-stm32.13.3.rel1.macos64_1.0.100.202509120712/tools/bin/../lib/gcc/arm-none-eabi/13.3.1/thumb/v7e-m+fp/hard/crti.o
                0x08009214                _init
 .init          0x08009218        0x8 /Applications/STM32CubeIDE.app/Contents/Eclipse/plugins/com.st.stm32cube.ide.mcu.externaltools.gnu-tools-for-stm32.13.3.rel1.macos64_1.0.100.202509120712/tools/bin/../lib/gcc/arm-none-eabi/13.3.1/thumb/v7e-m+fp/hard/crtn.o
 *(.fini)
 .fini          0x08009220        0x4 /Applications/STM32CubeIDE.app/Contents/Eclipse/plugins/com.st.stm32cube.ide.mcu.externaltools.gnu-tools-for-stm32.13.3.rel1.macos64_1.0.100.202509120712/tools/bin/../lib/gcc/arm-none-eabi/13.3.1/thumb/v7e-m+fp/hard/crti.o
                0x08009220                _fini
 .fini          0x08009224        0x8 /Applications/STM32CubeIDE.app/Contents/Eclipse/plugins/com.st.stm32cube.ide.mcu.externaltools.gnu-tools-for-stm32.13.3.rel1.macos64_1.0.100.202509120712/tools/bin/../lib/gcc/arm-none-eabi/13.3.1/thumb/v7e-m+fp/hard/crtn.o
                0x0800922c                        . = ALIGN (0x4)
                0x0800922c                        _etext = .

.vfp11_veneer   0x0800922c        0x0
 .vfp11_veneer  0x0800922c        0x0 linker stubs

.v4_bx          0x0800922c        0x0
 .v4_bx         0x0800922c        0x0 linker stubs

.iplt           0x0800922c        0x0
 .iplt          0x0800922c        0x0 /Applications/STM32CubeIDE.app/Contents/Eclipse/plugins/com.st.stm32cube.ide.mcu.externaltools.gnu-tools-for-stm32.13.3.rel1.macos64_1.0.100.202509120712/tools/bin/../lib/gcc/arm-none-eabi/13.3.1/thumb/v7e-m+fp/hard/crtbegin.o

.rodata         0x0800922c      0x138
                0x0800922c                        . = ALIGN (0x4)
 *(.rodata)
 .rodata        0x0800922c        0xc ./Core/Src/main.o
 .rodata        0x08009238       0x1d ./Core/Src/wav.o
 *fill*         0x08009255        0x3 
 .rodata        0x08009258       0x44 ./Middlewares/Third_Party/FatFs/src/ff.o
 *(.rodata*)
 .rodata.AHBPrescTable
                0x0800929c       0x10 ./Core/Src/system_stm32l4xx.o
                0x0800929c                AHBPrescTable
 .rodata.APBPrescTable
                0x080092ac        0x8 ./Core/Src/system_stm32l4xx.o
                0x080092ac                APBPrescTable
 .rodata.MSIRangeTable
                0x080092b4       0x30 ./Core/Src/system_stm32l4xx.o
                0x080092b4                MSIRangeTable
 .rodata.ExCvt  0x080092e4       0x80 ./Middlewares/Third_Party/FatFs/src/ff.o
                0x08009364                        . = ALIGN (0x4)

.ARM.extab      0x08009364        0x0
                0x08009364                        . = ALIGN (0x4)
 *(.ARM.extab* .gnu.linkonce.armextab.*)
                0x08009364                        . = ALIGN (0x4)

.ARM            0x08009364        0x8
                0x08009364                        . = ALIGN (0x4)
                0x08009364                        __exidx_start = .
 *(.ARM.exidx*)
 .ARM.exidx     0x08009364        0x8 /Applications/STM32CubeIDE.app/Contents/Eclipse/plugins/com.st.stm32cube.ide.mcu.externaltools.gnu-tools-for-stm32.13.3.rel1.macos64_1.0.100.202509120712/tools/bin/../lib/gcc/arm-none-eabi/13.3.1/thumb/v7e-m+fp/hard/libgcc.a(_udivmoddi4.o)
                0x0800936c                        __exidx_end = .
                0x0800936c                        . = ALIGN (0x4)

.preinit_array  0x0800936c        0x0
                0x0800936c                        . = ALIGN (0x4)
                0x0800936c                        PROVIDE (__preinit_array_start = .)
 *(.preinit_array*)
                0x0800936c                        PROVIDE (__preinit_array_end = .)
                0x0800936c                        . = ALIGN (0x4)

.init_array     0x0800936c        0x4
                0x0800936c                        . = ALIGN (0x4)
                0x0800936c                        PROVIDE (__init_array_start = .)
 *(SORT_BY_NAME(.init_array.*))
 *(.init_array*)
 .init_array    0x0800936c        0x4 /Applications/STM32CubeIDE.app/Contents/Eclipse/plugins/com.st.stm32cube.ide.mcu.externaltools.gnu-tools-for-stm32.13.3.rel1.macos64_1.0.100.202509120712/tools/bin/../lib/gcc/arm-none-eabi/13.3.1/thumb/v7e-m+fp/hard/crtbegin.o
                0x08009370                        PROVIDE (__init_array_end = .)
                0x08009370                        . = ALIGN (0x4)

.fini_array     0x08009370        0x4
                0x08009370                        . = ALIGN (0x4)
                [!provide]                        PROVIDE (__fini_array_start = .)
 *(SORT_BY_NAME(.fini_array.*))
 *(.fini_array*)
 .fini_array    0x08009370        0x4 /Applications/STM32CubeIDE.app/Contents/Eclipse/plugins/com.st.stm32cube.ide.mcu.externaltools.gnu-tools-for-stm32.13.3.rel1.macos64_1.0.100.202509120712/tools/bin/../lib/gcc/arm-none-eabi/13.3.1/thumb/v7e-m+fp/hard/crtbegin.o
                [!provide]                        PROVIDE (__fini_array_end = .)
                0x08009374                        . = ALIGN (0x4)
                0x08009374                        _sidata = LOADADDR (.data)

.rel.dyn        0x08009374        0x0
 .rel.iplt      0x08009374        0x0 /Applications/STM32CubeIDE.app/Contents/Eclipse/plugins/com.st.stm32cube.ide.mcu.externaltools.gnu-tools-for-stm32.13.3.rel1.macos64_1.0.100.202509120712/tools/bin/../lib/gcc/arm-none-eabi/13.3.1/thumb/v7e-m+fp/hard/crtbegin.o

.data           0x20000000       0x74 load address 0x08009374
                0x20000000                        . = ALIGN (0x4)
                0x20000000                        _sdata = .
 *(.data)
 *(.data*)
 .data.SystemCoreClock
                0x20000000        0x4 ./Core/Src/system_stm32l4xx.o
                0x20000000                SystemCoreClock
 .data.uwTickPrio
                0x20000004        0x4 ./Drivers/STM32L4xx_HAL_Driver/Src/stm32l4xx_hal.o
                0x20000004                uwTickPrio
 .data.uwTickFreq
                0x20000008        0x1 ./Drivers/STM32L4xx_HAL_Driver/Src/stm32l4xx_hal.o
                0x20000008                uwTickFreq
 *fill*         0x20000009        0x3 
 .data.USER_Driver
                0x2000000c       0x14 ./FATFS/Target/user_diskio.o
                0x2000000c                USER_Driver
 .data.Stat     0x20000020        0x1 ./FATFS/Target/user_diskio_spi.o
 *fill*         0x20000021        0x3 
 .data._impure_ptr
                0x20000024        0x4 /Applications/STM32CubeIDE.app/Contents/Eclipse/plugins/com.st.stm32cube.ide.mcu.externaltools.gnu-tools-for-stm32.13.3.rel1.macos64_1.0.100.202509120712/tools/bin/../lib/gcc/arm-none-eabi/13.3.1/../../../../arm-none-eabi/lib/thumb/v7e-m+fp/hard/libc_nano.a(libc_a-impure.o)
                0x20000024                _impure_ptr
 .data._impure_data
                0x20000028       0x4c /Applications/STM32CubeIDE.app/Contents/Eclipse/plugins/com.st.stm32cube.ide.mcu.externaltools.gnu-tools-for-stm32.13.3.rel1.macos64_1.0.100.202509120712/tools/bin/../lib/gcc/arm-none-eabi/13.3.1/../../../../arm-none-eabi/lib/thumb/v7e-m+fp/hard/libc_nano.a(libc_a-impure.o)
                0x20000028                _impure_data
 *(.RamFunc)
 *(.RamFunc*)
                0x20000074                        . = ALIGN (0x4)
                0x20000074                        _edata = .

.igot.plt       0x20000074        0x0 load address 0x080093e8
 .igot.plt      0x20000074        0x0 /Applications/STM32CubeIDE.app/Contents/Eclipse/plugins/com.st.stm32cube.ide.mcu.externaltools.gnu-tools-for-stm32.13.3.rel1.macos64_1.0.100.202509120712/tools/bin/../lib/gcc/arm-none-eabi/13.3.1/thumb/v7e-m+fp/hard/crtbegin.o
                0x20000074                        . = ALIGN (0x4)

.bss            0x20000074     0x1a1c load address 0x080093e8
                0x20000074                        _sbss = .
                0x20000074                        __bss_start__ = _sbss
 *(.bss)
 .bss           0x20000074       0x1c /Applications/STM32CubeIDE.app/Contents/Eclipse/plugins/com.st.stm32cube.ide.mcu.externaltools.gnu-tools-for-stm32.13.3.rel1.macos64_1.0.100.202509120712/tools/bin/../lib/gcc/arm-none-eabi/13.3.1/thumb/v7e-m+fp/hard/crtbegin.o
 *(.bss*)
 .bss.hsai_BlockA1
                0x20000090       0x84 ./Core/Src/main.o
                0x20000090                hsai_BlockA1
 .bss.hdma_sai1_a
                0x20000114       0x48 ./Core/Src/main.o
                0x20000114                hdma_sai1_a
 .bss.hspi1     0x2000015c       0x64 ./Core/Src/main.o
                0x2000015c                hspi1
 .bss.huart2    0x200001c0       0x88 ./Core/Src/main.o
                0x200001c0                huart2
 .bss.file      0x20000248      0x230 ./Core/Src/main.o
                0x20000248                file
 .bss.file_read_pos
                0x20000478        0x4 ./Core/Src/main.o
                0x20000478                file_read_pos
 .bss.bytes_remaining
                0x2000047c        0x4 ./Core/Src/main.o
                0x2000047c                bytes_remaining
 .bss.audio_buffer
                0x20000480     0x1000 ./Core/Src/main.o
 .bss.half_transfer_flag
                0x20001480        0x1 ./Core/Src/main.o
 .bss.full_transfer_flag
                0x20001481        0x1 ./Core/Src/main.o
 *fill*         0x20001482        0x2 
 .bss.wav_file  0x20001484      0x230 ./Core/Src/main.o
 .bss.wavinfo   0x200016b4       0x10 ./Core/Src/main.o
 .bss.SAI1_client
                0x200016c4        0x4 ./Core/Src/stm32l4xx_hal_msp.o
 .bss.__sbrk_heap_end
                0x200016c8        0x4 ./Core/Src/sysmem.o
 .bss.uwTick    0x200016cc        0x4 ./Drivers/STM32L4xx_HAL_Driver/Src/stm32l4xx_hal.o
                0x200016cc                uwTick
 .bss.retUSER   0x200016d0        0x1 ./FATFS/App/fatfs.o
                0x200016d0                retUSER
 *fill*         0x200016d1        0x3 
 .bss.USERPath  0x200016d4        0x4 ./FATFS/App/fatfs.o
                0x200016d4                USERPath
 .bss.USERFatFS
                0x200016d8      0x230 ./FATFS/App/fatfs.o
                0x200016d8                USERFatFS
 .bss.CardType  0x20001908        0x1 ./FATFS/Target/user_diskio_spi.o
 *fill*         0x20001909        0x3 
 .bss.spiTimerTickStart
                0x2000190c        0x4 ./FATFS/Target/user_diskio_spi.o
                0x2000190c                spiTimerTickStart
 .bss.spiTimerTickDelay
                0x20001910        0x4 ./FATFS/Target/user_diskio_spi.o
                0x20001910                spiTimerTickDelay
 .bss.FatFs     0x20001914        0x4 ./Middlewares/Third_Party/FatFs/src/ff.o
 .bss.Fsid      0x20001918        0x2 ./Middlewares/Third_Party/FatFs/src/ff.o
 *fill*         0x2000191a        0x2 
 .bss.Files     0x2000191c       0x20 ./Middlewares/Third_Party/FatFs/src/ff.o
 .bss.disk      0x2000193c        0xc ./Middlewares/Third_Party/FatFs/src/ff_gen_drv.o
                0x2000193c                disk
 .bss.__malloc_sbrk_start
                0x20001948        0x4 /Applications/STM32CubeIDE.app/Contents/Eclipse/plugins/com.st.stm32cube.ide.mcu.externaltools.gnu-tools-for-stm32.13.3.rel1.macos64_1.0.100.202509120712/tools/bin/../lib/gcc/arm-none-eabi/13.3.1/../../../../arm-none-eabi/lib/thumb/v7e-m+fp/hard/libc_nano.a(libc_a-mallocr.o)
                0x20001948                __malloc_sbrk_start
 .bss.__malloc_free_list
                0x2000194c        0x4 /Applications/STM32CubeIDE.app/Contents/Eclipse/plugins/com.st.stm32cube.ide.mcu.externaltools.gnu-tools-for-stm32.13.3.rel1.macos64_1.0.100.202509120712/tools/bin/../lib/gcc/arm-none-eabi/13.3.1/../../../../arm-none-eabi/lib/thumb/v7e-m+fp/hard/libc_nano.a(libc_a-mallocr.o)
                0x2000194c                __malloc_free_list
 .bss.__sf      0x20001950      0x138 /Applications/STM32CubeIDE.app/Contents/Eclipse/plugins/com.st.stm32cube.ide.mcu.externaltools.gnu-tools-for-stm32.13.3.rel1.macos64_1.0.100.202509120712/tools/bin/../lib/gcc/arm-none-eabi/13.3.1/../../../../arm-none-eabi/lib/thumb/v7e-m+fp/hard/libc_nano.a(libc_a-findfp.o)
                0x20001950                __sf
 .bss.__lock___malloc_recursive_mutex
                0x20001a88        0x1 /Applications/STM32CubeIDE.app/Contents/Eclipse/plugins/com.st.stm32cube.ide.mcu.externaltools.gnu-tools-for-stm32.13.3.rel1.macos64_1.0.100.202509120712/tools/bin/../lib/gcc/arm-none-eabi/13.3.1/../../../../arm-none-eabi/lib/thumb/v7e-m+fp/hard/libc_nano.a(libc_a-lock.o)
                0x20001a88                __lock___malloc_recursive_mutex
 *fill*         0x20001a89        0x3 
 .bss.errno     0x20001a8c        0x4 /Applications/STM32CubeIDE.app/Contents/Eclipse/plugins/com.st.stm32cube.ide.mcu.externaltools.gnu-tools-for-stm32.13.3.rel1.macos64_1.0.100.202509120712/tools/bin/../lib/gcc/arm-none-eabi/13.3.1/../../../../arm-none-eabi/lib/thumb/v7e-m+fp/hard/libc_nano.a(libc_a-reent.o)
                0x20001a8c                errno
 *(COMMON)
                0x20001a90                        . = ALIGN (0x4)
                0x20001a90                        _ebss = .
                0x20001a90                        __bss_end__ = _ebss

._user_heap_stack
                0x20001a90      0x600 load address 0x080093e8
                0x20001a90                        . = ALIGN (0x8)
                [!provide]                        PROVIDE (end = .)
                0x20001a90                        PROVIDE (_end = .)
                0x20001c90                        . = (. + _Min_Heap_Size)
 *fill*         0x20001a90      0x200 
                0x20002090                        . = (. + _Min_Stack_Size)
 *fill*         0x20001c90      0x400 
                0x20002090                        . = ALIGN (0x8)

/DISCARD/
 libc.a(*)
 libm.a(*)
 libgcc.a(*)

.ARM.attributes
                0x00000000       0x30
 *(.ARM.attributes)
 .ARM.attributes
                0x00000000       0x22 /Applications/STM32CubeIDE.app/Contents/Eclipse/plugins/com.st.stm32cube.ide.mcu.externaltools.gnu-tools-for-stm32.13.3.rel1.macos64_1.0.100.202509120712/tools/bin/../lib/gcc/arm-none-eabi/13.3.1/thumb/v7e-m+fp/hard/crti.o
 .ARM.attributes
                0x00000022       0x34 /Applications/STM32CubeIDE.app/Contents/Eclipse/plugins/com.st.stm32cube.ide.mcu.externaltools.gnu-tools-for-stm32.13.3.rel1.macos64_1.0.100.202509120712/tools/bin/../lib/gcc/arm-none-eabi/13.3.1/thumb/v7e-m+fp/hard/crtbegin.o
 .ARM.attributes
                0x00000056       0x34 ./Core/Src/main.o
 .ARM.attributes
                0x0000008a       0x34 ./Core/Src/stm32l4xx_hal_msp.o
 .ARM.attributes
                0x000000be       0x34 ./Core/Src/stm32l4xx_it.o
 .ARM.attributes
                0x000000f2       0x34 ./Core/Src/sysmem.o
 .ARM.attributes
                0x00000126       0x34 ./Core/Src/system_stm32l4xx.o
 .ARM.attributes
                0x0000015a       0x34 ./Core/Src/wav.o
 .ARM.attributes
                0x0000018e       0x21 ./Core/Startup/startup_stm32l476rgtx.o
 .ARM.attributes
                0x000001af       0x34 ./Drivers/STM32L4xx_HAL_Driver/Src/stm32l4xx_hal.o
 .ARM.attributes
                0x000001e3       0x34 ./Drivers/STM32L4xx_HAL_Driver/Src/stm32l4xx_hal_cortex.o
 .ARM.attributes
                0x00000217       0x34 ./Drivers/STM32L4xx_HAL_Driver/Src/stm32l4xx_hal_dma.o
 .ARM.attributes
                0x0000024b       0x34 ./Drivers/STM32L4xx_HAL_Driver/Src/stm32l4xx_hal_gpio.o
 .ARM.attributes
                0x0000027f       0x34 ./Drivers/STM32L4xx_HAL_Driver/Src/stm32l4xx_hal_pwr_ex.o
 .ARM.attributes
                0x000002b3       0x34 ./Drivers/STM32L4xx_HAL_Driver/Src/stm32l4xx_hal_rcc.o
 .ARM.attributes
                0x000002e7       0x34 ./Drivers/STM32L4xx_HAL_Driver/Src/stm32l4xx_hal_rcc_ex.o
 .ARM.attributes
                0x0000031b       0x34 ./Drivers/STM32L4xx_HAL_Driver/Src/stm32l4xx_hal_sai.o
 .ARM.attributes
                0x0000034f       0x34 ./Drivers/STM32L4xx_HAL_Driver/Src/stm32l4xx_hal_spi.o
 .ARM.attributes
                0x00000383       0x34 ./Drivers/STM32L4xx_HAL_Driver/Src/stm32l4xx_hal_uart.o
 .ARM.attributes
                0x000003b7       0x34 ./FATFS/App/fatfs.o
 .ARM.attributes
                0x000003eb       0x34 ./FATFS/Target/user_diskio.o
 .ARM.attributes
                0x0000041f       0x34 ./FATFS/Target/user_diskio_spi.o
 .ARM.attributes
                0x00000453       0x34 ./Middlewares/Third_Party/FatFs/src/diskio.o
 .ARM.attributes
                0x00000487       0x34 ./Middlewares/Third_Party/FatFs/src/ff.o
 .ARM.attributes
                0x000004bb       0x34 ./Middlewares/Third_Party/FatFs/src/ff_gen_drv.o
 .ARM.attributes
                0x000004ef       0x34 /Applications/STM32CubeIDE.app/Contents/Eclipse/plugins/com.st.stm32cube.ide.mcu.externaltools.gnu-tools-for-stm32.13.3.rel1.macos64_1.0.100.202509120712/tools/bin/../lib/gcc/arm-none-eabi/13.3.1/../../../../arm-none-eabi/lib/thumb/v7e-m+fp/hard/libc_nano.a(libc_a-malloc.o)
 .ARM.attributes
                0x00000523       0x34 /Applications/STM32CubeIDE.app/Contents/Eclipse/plugins/com.st.stm32cube.ide.mcu.externaltools.gnu-tools-for-stm32.13.3.rel1.macos64_1.0.100.202509120712/tools/bin/../lib/gcc/arm-none-eabi/13.3.1/../../../../arm-none-eabi/lib/thumb/v7e-m+fp/hard/libc_nano.a(libc_a-mallocr.o)
 .ARM.attributes
                0x00000557       0x34 /Applications/STM32CubeIDE.app/Contents/Eclipse/plugins/com.st.stm32cube.ide.mcu.externaltools.gnu-tools-for-stm32.13.3.rel1.macos64_1.0.100.202509120712/tools/bin/../lib/gcc/arm-none-eabi/13.3.1/../../../../arm-none-eabi/lib/thumb/v7e-m+fp/hard/libc_nano.a(libc_a-mlock.o)
 .ARM.attributes
                0x0000058b       0x34 /Applications/STM32CubeIDE.app/Contents/Eclipse/plugins/com.st.stm32cube.ide.mcu.externaltools.gnu-tools-for-stm32.13.3.rel1.macos64_1.0.100.202509120712/tools/bin/../lib/gcc/arm-none-eabi/13.3.1/../../../../arm-none-eabi/lib/thumb/v7e-m+fp/hard/libc_nano.a(libc_a-findfp.o)
 .ARM.attributes
                0x000005bf       0x34 /Applications/STM32CubeIDE.app/Contents/Eclipse/plugins/com.st.stm32cube.ide.mcu.externaltools.gnu-tools-for-stm32.13.3.rel1.macos64_1.0.100.202509120712/tools/bin/../lib/gcc/arm-none-eabi/13.3.1/../../../../arm-none-eabi/lib/thumb/v7e-m+fp/hard/libc_nano.a(libc_a-memcmp.o)
 .ARM.attributes
                0x000005f3       0x34 /Applications/STM32CubeIDE.app/Contents/Eclipse/plugins/com.st.stm32cube.ide.mcu.externaltools.gnu-tools-for-stm32.13.3.rel1.macos64_1.0.100.202509120712/tools/bin/../lib/gcc/arm-none-eabi/13.3.1/../../../../arm-none-eabi/lib/thumb/v7e-m+fp/hard/libc_nano.a(libc_a-memset.o)
 .ARM.attributes
                0x00000627       0x34 /Applications/STM32CubeIDE.app/Contents/Eclipse/plugins/com.st.stm32cube.ide.mcu.externaltools.gnu-tools-for-stm32.13.3.rel1.macos64_1.0.100.202509120712/tools/bin/../lib/gcc/arm-none-eabi/13.3.1/../../../../arm-none-eabi/lib/thumb/v7e-m+fp/hard/libc_nano.a(libc_a-sbrkr.o)
 .ARM.attributes
                0x0000065b       0x34 /Applications/STM32CubeIDE.app/Contents/Eclipse/plugins/com.st.stm32cube.ide.mcu.externaltools.gnu-tools-for-stm32.13.3.rel1.macos64_1.0.100.202509120712/tools/bin/../lib/gcc/arm-none-eabi/13.3.1/../../../../arm-none-eabi/lib/thumb/v7e-m+fp/hard/libc_nano.a(libc_a-errno.o)
 .ARM.attributes
                0x0000068f       0x34 /Applications/STM32CubeIDE.app/Contents/Eclipse/plugins/com.st.stm32cube.ide.mcu.externaltools.gnu-tools-for-stm32.13.3.rel1.macos64_1.0.100.202509120712/tools/bin/../lib/gcc/arm-none-eabi/13.3.1/../../../../arm-none-eabi/lib/thumb/v7e-m+fp/hard/libc_nano.a(libc_a-init.o)
 .ARM.attributes
                0x000006c3       0x34 /Applications/STM32CubeIDE.app/Contents/Eclipse/plugins/com.st.stm32cube.ide.mcu.externaltools.gnu-tools-for-stm32.13.3.rel1.macos64_1.0.100.202509120712/tools/bin/../lib/gcc/arm-none-eabi/13.3.1/../../../../arm-none-eabi/lib/thumb/v7e-m+fp/hard/libc_nano.a(libc_a-lock.o)
 .ARM.attributes
                0x000006f7       0x34 /Applications/STM32CubeIDE.app/Contents/Eclipse/plugins/com.st.stm32cube.ide.mcu.externaltools.gnu-tools-for-stm32.13.3.rel1.macos64_1.0.100.202509120712/tools/bin/../lib/gcc/arm-none-eabi/13.3.1/../../../../arm-none-eabi/lib/thumb/v7e-m+fp/hard/libc_nano.a(libc_a-reent.o)
 .ARM.attributes
                0x0000072b       0x34 /Applications/STM32CubeIDE.app/Contents/Eclipse/plugins/com.st.stm32cube.ide.mcu.externaltools.gnu-tools-for-stm32.13.3.rel1.macos64_1.0.100.202509120712/tools/bin/../lib/gcc/arm-none-eabi/13.3.1/../../../../arm-none-eabi/lib/thumb/v7e-m+fp/hard/libc_nano.a(libc_a-impure.o)
 .ARM.attributes
                0x0000075f       0x34 /Applications/STM32CubeIDE.app/Contents/Eclipse/plugins/com.st.stm32cube.ide.mcu.externaltools.gnu-tools-for-stm32.13.3.rel1.macos64_1.0.100.202509120712/tools/bin/../lib/gcc/arm-none-eabi/13.3.1/../../../../arm-none-eabi/lib/thumb/v7e-m+fp/hard/libc_nano.a(libc_a-freer.o)
 .ARM.attributes
                0x00000793       0x22 /Applications/STM32CubeIDE.app/Contents/Eclipse/plugins/com.st.stm32cube.ide.mcu.externaltools.gnu-tools-for-stm32.13.3.rel1.macos64_1.0.100.202509120712/tools/bin/../lib/gcc/arm-none-eabi/13.3.1/thumb/v7e-m+fp/hard/libgcc.a(_aeabi_uldivmod.o)
 .ARM.attributes
                0x000007b5       0x34 /Applications/STM32CubeIDE.app/Contents/Eclipse/plugins/com.st.stm32cube.ide.mcu.externaltools.gnu-tools-for-stm32.13.3.rel1.macos64_1.0.100.202509120712/tools/bin/../lib/gcc/arm-none-eabi/13.3.1/thumb/v7e-m+fp/hard/libgcc.a(_udivmoddi4.o)
 .ARM.attributes
                0x000007e9       0x22 /Applications/STM32CubeIDE.app/Contents/Eclipse/plugins/com.st.stm32cube.ide.mcu.externaltools.gnu-tools-for-stm32.13.3.rel1.macos64_1.0.100.202509120712/tools/bin/../lib/gcc/arm-none-eabi/13.3.1/thumb/v7e-m+fp/hard/libgcc.a(_dvmd_tls.o)
 .ARM.attributes
                0x0000080b       0x22 /Applications/STM32CubeIDE.app/Contents/Eclipse/plugins/com.st.stm32cube.ide.mcu.externaltools.gnu-tools-for-stm32.13.3.rel1.macos64_1.0.100.202509120712/tools/bin/../lib/gcc/arm-none-eabi/13.3.1/thumb/v7e-m+fp/hard/crtn.o
OUTPUT(MP3.elf elf32-littlearm)
LOAD linker stubs
LOAD /Applications/STM32CubeIDE.app/Contents/Eclipse/plugins/com.st.stm32cube.ide.mcu.externaltools.gnu-tools-for-stm32.13.3.rel1.macos64_1.0.100.202509120712/tools/bin/../lib/gcc/arm-none-eabi/13.3.1/../../../../arm-none-eabi/lib/thumb/v7e-m+fp/hard/libc.a
LOAD /Applications/STM32CubeIDE.app/Contents/Eclipse/plugins/com.st.stm32cube.ide.mcu.externaltools.gnu-tools-for-stm32.13.3.rel1.macos64_1.0.100.202509120712/tools/bin/../lib/gcc/arm-none-eabi/13.3.1/../../../../arm-none-eabi/lib/thumb/v7e-m+fp/hard/libm.a
LOAD /Applications/STM32CubeIDE.app/Contents/Eclipse/plugins/com.st.stm32cube.ide.mcu.externaltools.gnu-tools-for-stm32.13.3.rel1.macos64_1.0.100.202509120712/tools/bin/../lib/gcc/arm-none-eabi/13.3.1/thumb/v7e-m+fp/hard/libgcc.a

.debug_info     0x00000000    0x12dba
 .debug_info    0x00000000     0x1e09 ./Core/Src/main.o
 .debug_info    0x00001e09     0x1425 ./Core/Src/stm32l4xx_hal_msp.o
 .debug_info    0x0000322e      0x36a ./Core/Src/stm32l4xx_it.o
 .debug_info    0x00003598      0x168 ./Core/Src/sysmem.o
 .debug_info    0x00003700      0x5b1 ./Core/Src/system_stm32l4xx.o
 .debug_info    0x00003cb1      0x64f ./Core/Src/wav.o
 .debug_info    0x00004300       0x30 ./Core/Startup/startup_stm32l476rgtx.o
 .debug_info    0x00004330      0xaeb ./Drivers/STM32L4xx_HAL_Driver/Src/stm32l4xx_hal.o
 .debug_info    0x00004e1b      0xd81 ./Drivers/STM32L4xx_HAL_Driver/Src/stm32l4xx_hal_cortex.o
 .debug_info    0x00005b9c      0x6f4 ./Drivers/STM32L4xx_HAL_Driver/Src/stm32l4xx_hal_dma.o
 .debug_info    0x00006290      0x757 ./Drivers/STM32L4xx_HAL_Driver/Src/stm32l4xx_hal_gpio.o
 .debug_info    0x000069e7      0x99e ./Drivers/STM32L4xx_HAL_Driver/Src/stm32l4xx_hal_pwr_ex.o
 .debug_info    0x00007385      0xc14 ./Drivers/STM32L4xx_HAL_Driver/Src/stm32l4xx_hal_rcc.o
 .debug_info    0x00007f99      0xe11 ./Drivers/STM32L4xx_HAL_Driver/Src/stm32l4xx_hal_rcc_ex.o
 .debug_info    0x00008daa     0x1192 ./Drivers/STM32L4xx_HAL_Driver/Src/stm32l4xx_hal_sai.o
 .debug_info    0x00009f3c     0x1549 ./Drivers/STM32L4xx_HAL_Driver/Src/stm32l4xx_hal_spi.o
 .debug_info    0x0000b485     0x3b69 ./Drivers/STM32L4xx_HAL_Driver/Src/stm32l4xx_hal_uart.o
 .debug_info    0x0000efee      0x4d9 ./FATFS/App/fatfs.o
 .debug_info    0x0000f4c7      0x3aa ./FATFS/Target/user_diskio.o
 .debug_info    0x0000f871      0xc0e ./FATFS/Target/user_diskio_spi.o
 .debug_info    0x0001047f      0x3df ./Middlewares/Third_Party/FatFs/src/diskio.o
 .debug_info    0x0001085e     0x21dd ./Middlewares/Third_Party/FatFs/src/ff.o
 .debug_info    0x00012a3b      0x37f ./Middlewares/Third_Party/FatFs/src/ff_gen_drv.o

.debug_abbrev   0x00000000     0x2e84
 .debug_abbrev  0x00000000      0x3be ./Core/Src/main.o
 .debug_abbrev  0x000003be      0x22b ./Core/Src/stm32l4xx_hal_msp.o
 .debug_abbrev  0x000005e9      0x16e ./Core/Src/stm32l4xx_it.o
 .debug_abbrev  0x00000757       0xbc ./Core/Src/sysmem.o
 .debug_abbrev  0x00000813      0x11a ./Core/Src/system_stm32l4xx.o
 .debug_abbrev  0x0000092d      0x1bf ./Core/Src/wav.o
 .debug_abbrev  0x00000aec       0x24 ./Core/Startup/startup_stm32l476rgtx.o
 .debug_abbrev  0x00000b10      0x242 ./Drivers/STM32L4xx_HAL_Driver/Src/stm32l4xx_hal.o
 .debug_abbrev  0x00000d52      0x31c ./Drivers/STM32L4xx_HAL_Driver/Src/stm32l4xx_hal_cortex.o
 .debug_abbrev  0x0000106e      0x1e4 ./Drivers/STM32L4xx_HAL_Driver/Src/stm32l4xx_hal_dma.o
 .debug_abbrev  0x00001252      0x1cb ./Drivers/STM32L4xx_HAL_Driver/Src/stm32l4xx_hal_gpio.o
 .debug_abbrev  0x0000141d      0x1f9 ./Drivers/STM32L4xx_HAL_Driver/Src/stm32l4xx_hal_pwr_ex.o
 .debug_abbrev  0x00001616      0x2cb ./Drivers/STM32L4xx_HAL_Driver/Src/stm32l4xx_hal_rcc.o
 .debug_abbrev  0x000018e1      0x2a6 ./Drivers/STM32L4xx_HAL_Driver/Src/stm32l4xx_hal_rcc_ex.o
 .debug_abbrev  0x00001b87      0x26d ./Drivers/STM32L4xx_HAL_Driver/Src/stm32l4xx_hal_sai.o
 .debug_abbrev  0x00001df4      0x260 ./Drivers/STM32L4xx_HAL_Driver/Src/stm32l4xx_hal_spi.o
 .debug_abbrev  0x00002054      0x2d0 ./Drivers/STM32L4xx_HAL_Driver/Src/stm32l4xx_hal_uart.o
 .debug_abbrev  0x00002324      0x160 ./FATFS/App/fatfs.o
 .debug_abbrev  0x00002484      0x143 ./FATFS/Target/user_diskio.o
 .debug_abbrev  0x000025c7      0x31b ./FATFS/Target/user_diskio_spi.o
 .debug_abbrev  0x000028e2      0x181 ./Middlewares/Third_Party/FatFs/src/diskio.o
 .debug_abbrev  0x00002a63      0x282 ./Middlewares/Third_Party/FatFs/src/ff.o
 .debug_abbrev  0x00002ce5      0x19f ./Middlewares/Third_Party/FatFs/src/ff_gen_drv.o

.debug_aranges  0x00000000     0x10c8
 .debug_aranges
                0x00000000       0x88 ./Core/Src/main.o
 .debug_aranges
                0x00000088       0x50 ./Core/Src/stm32l4xx_hal_msp.o
 .debug_aranges
                0x000000d8       0x68 ./Core/Src/stm32l4xx_it.o
 .debug_aranges
                0x00000140       0x20 ./Core/Src/sysmem.o
 .debug_aranges
                0x00000160       0x28 ./Core/Src/system_stm32l4xx.o
 .debug_aranges
                0x00000188       0x30 ./Core/Src/wav.o
 .debug_aranges
                0x000001b8       0x28 ./Core/Startup/startup_stm32l476rgtx.o
 .debug_aranges
                0x000001e0      0x130 ./Drivers/STM32L4xx_HAL_Driver/Src/stm32l4xx_hal.o
 .debug_aranges
                0x00000310      0x128 ./Drivers/STM32L4xx_HAL_Driver/Src/stm32l4xx_hal_cortex.o
 .debug_aranges
                0x00000438       0x80 ./Drivers/STM32L4xx_HAL_Driver/Src/stm32l4xx_hal_dma.o
 .debug_aranges
                0x000004b8       0x58 ./Drivers/STM32L4xx_HAL_Driver/Src/stm32l4xx_hal_gpio.o
 .debug_aranges
                0x00000510      0x160 ./Drivers/STM32L4xx_HAL_Driver/Src/stm32l4xx_hal_pwr_ex.o
 .debug_aranges
                0x00000670       0x90 ./Drivers/STM32L4xx_HAL_Driver/Src/stm32l4xx_hal_rcc.o
 .debug_aranges
                0x00000700       0xc0 ./Drivers/STM32L4xx_HAL_Driver/Src/stm32l4xx_hal_rcc_ex.o
 .debug_aranges
                0x000007c0      0x178 ./Drivers/STM32L4xx_HAL_Driver/Src/stm32l4xx_hal_sai.o
 .debug_aranges
                0x00000938      0x1d8 ./Drivers/STM32L4xx_HAL_Driver/Src/stm32l4xx_hal_spi.o
 .debug_aranges
                0x00000b10      0x228 ./Drivers/STM32L4xx_HAL_Driver/Src/stm32l4xx_hal_uart.o
 .debug_aranges
                0x00000d38       0x28 ./FATFS/App/fatfs.o
 .debug_aranges
                0x00000d60       0x40 ./FATFS/Target/user_diskio.o
 .debug_aranges
                0x00000da0       0x98 ./FATFS/Target/user_diskio_spi.o
 .debug_aranges
                0x00000e38       0x48 ./Middlewares/Third_Party/FatFs/src/diskio.o
 .debug_aranges
                0x00000e80      0x208 ./Middlewares/Third_Party/FatFs/src/ff.o
 .debug_aranges
                0x00001088       0x40 ./Middlewares/Third_Party/FatFs/src/ff_gen_drv.o

.debug_rnglists
                0x00000000      0xd03
 .debug_rnglists
                0x00000000       0x66 ./Core/Src/main.o
 .debug_rnglists
                0x00000066       0x3a ./Core/Src/stm32l4xx_hal_msp.o
 .debug_rnglists
                0x000000a0       0x49 ./Core/Src/stm32l4xx_it.o
 .debug_rnglists
                0x000000e9       0x13 ./Core/Src/sysmem.o
 .debug_rnglists
                0x000000fc       0x1a ./Core/Src/system_stm32l4xx.o
 .debug_rnglists
                0x00000116       0x2f ./Core/Src/wav.o
 .debug_rnglists
                0x00000145       0x19 ./Core/Startup/startup_stm32l476rgtx.o
 .debug_rnglists
                0x0000015e       0xdf ./Drivers/STM32L4xx_HAL_Driver/Src/stm32l4xx_hal.o
 .debug_rnglists
                0x0000023d       0xda ./Drivers/STM32L4xx_HAL_Driver/Src/stm32l4xx_hal_cortex.o
 .debug_rnglists
                0x00000317       0x64 ./Drivers/STM32L4xx_HAL_Driver/Src/stm32l4xx_hal_dma.o
 .debug_rnglists
                0x0000037b       0x3f ./Drivers/STM32L4xx_HAL_Driver/Src/stm32l4xx_hal_gpio.o
 .debug_rnglists
                0x000003ba      0x109 ./Drivers/STM32L4xx_HAL_Driver/Src/stm32l4xx_hal_pwr_ex.o
 .debug_rnglists
                0x000004c3       0x6d ./Drivers/STM32L4xx_HAL_Driver/Src/stm32l4xx_hal_rcc.o
 .debug_rnglists
                0x00000530       0x95 ./Drivers/STM32L4xx_HAL_Driver/Src/stm32l4xx_hal_rcc_ex.o
 .debug_rnglists
                0x000005c5      0x136 ./Drivers/STM32L4xx_HAL_Driver/Src/stm32l4xx_hal_sai.o
 .debug_rnglists
                0x000006fb      0x178 ./Drivers/STM32L4xx_HAL_Driver/Src/stm32l4xx_hal_spi.o
 .debug_rnglists
                0x00000873      0x1db ./Drivers/STM32L4xx_HAL_Driver/Src/stm32l4xx_hal_uart.o
 .debug_rnglists
                0x00000a4e       0x19 ./FATFS/App/fatfs.o
 .debug_rnglists
                0x00000a67       0x2b ./FATFS/Target/user_diskio.o
 .debug_rnglists
                0x00000a92       0x72 ./FATFS/Target/user_diskio_spi.o
 .debug_rnglists
                0x00000b04       0x31 ./Middlewares/Third_Party/FatFs/src/diskio.o
 .debug_rnglists
                0x00000b35      0x1a2 ./Middlewares/Third_Party/FatFs/src/ff.o
 .debug_rnglists
                0x00000cd7       0x2c ./Middlewares/Third_Party/FatFs/src/ff_gen_drv.o

.debug_macro    0x00000000    0x28810
 .debug_macro   0x00000000      0x37c ./Core/Src/main.o
 .debug_macro   0x0000037c      0xad8 ./Core/Src/main.o
 .debug_macro   0x00000e54      0x1ad ./Core/Src/main.o
 .debug_macro   0x00001001       0x2e ./Core/Src/main.o
 .debug_macro   0x0000102f       0x28 ./Core/Src/main.o
 .debug_macro   0x00001057       0x22 ./Core/Src/main.o
 .debug_macro   0x00001079       0x8e ./Core/Src/main.o
 .debug_macro   0x00001107       0x51 ./Core/Src/main.o
 .debug_macro   0x00001158      0x103 ./Core/Src/main.o
 .debug_macro   0x0000125b       0x6a ./Core/Src/main.o
 .debug_macro   0x000012c5      0x1df ./Core/Src/main.o
 .debug_macro   0x000014a4       0x1c ./Core/Src/main.o
 .debug_macro   0x000014c0       0x22 ./Core/Src/main.o
 .debug_macro   0x000014e2       0xfb ./Core/Src/main.o
 .debug_macro   0x000015dd     0x1011 ./Core/Src/main.o
 .debug_macro   0x000025ee      0x11f ./Core/Src/main.o
 .debug_macro   0x0000270d    0x1a17a ./Core/Src/main.o
 .debug_macro   0x0001c887       0x6d ./Core/Src/main.o
 .debug_macro   0x0001c8f4     0x38fb ./Core/Src/main.o
 .debug_macro   0x000201ef      0x190 ./Core/Src/main.o
 .debug_macro   0x0002037f       0x5c ./Core/Src/main.o
 .debug_macro   0x000203db     0x159e ./Core/Src/main.o
 .debug_macro   0x00021979      0x5a5 ./Core/Src/main.o
 .debug_macro   0x00021f1e      0x1b9 ./Core/Src/main.o
 .debug_macro   0x000220d7      0x18b ./Core/Src/main.o
 .debug_macro   0x00022262      0x26b ./Core/Src/main.o
 .debug_macro   0x000224cd      0x23d ./Core/Src/main.o
 .debug_macro   0x0002270a      0x241 ./Core/Src/main.o
 .debug_macro   0x0002294b      0x37c ./Core/Src/main.o
 .debug_macro   0x00022cc7       0xd6 ./Core/Src/main.o
 .debug_macro   0x00022d9d      0x122 ./Core/Src/main.o
 .debug_macro   0x00022ebf      0x3ef ./Core/Src/main.o
 .debug_macro   0x000232ae      0x447 ./Core/Src/main.o
 .debug_macro   0x000236f5      0x2fe ./Core/Src/main.o
 .debug_macro   0x000239f3      0x5cf ./Core/Src/main.o
 .debug_macro   0x00023fc2       0x44 ./Core/Src/main.o
 .debug_macro   0x00024006      0x330 ./Core/Src/main.o
 .debug_macro   0x00024336       0x16 ./Core/Src/main.o
 .debug_macro   0x0002434c       0xeb ./Core/Src/main.o
 .debug_macro   0x00024437       0x2a ./Core/Src/main.o
 .debug_macro   0x00024461       0x61 ./Core/Src/main.o
 .debug_macro   0x000244c2       0x43 ./Core/Src/main.o
 .debug_macro   0x00024505       0x34 ./Core/Src/main.o
 .debug_macro   0x00024539       0x16 ./Core/Src/main.o
 .debug_macro   0x0002454f       0x3c ./Core/Src/main.o
 .debug_macro   0x0002458b      0x370 ./Core/Src/main.o
 .debug_macro   0x000248fb       0x16 ./Core/Src/main.o
 .debug_macro   0x00024911       0x4a ./Core/Src/main.o
 .debug_macro   0x0002495b       0x34 ./Core/Src/main.o
 .debug_macro   0x0002498f       0x10 ./Core/Src/main.o
 .debug_macro   0x0002499f       0x58 ./Core/Src/main.o
 .debug_macro   0x000249f7       0x8e ./Core/Src/main.o
 .debug_macro   0x00024a85       0x1c ./Core/Src/main.o
 .debug_macro   0x00024aa1      0x185 ./Core/Src/main.o
 .debug_macro   0x00024c26       0x16 ./Core/Src/main.o
 .debug_macro   0x00024c3c       0x29 ./Core/Src/main.o
 .debug_macro   0x00024c65       0x12 ./Core/Src/main.o
 .debug_macro   0x00024c77       0xe2 ./Core/Src/main.o
 .debug_macro   0x00024d59       0x8e ./Core/Src/main.o
 .debug_macro   0x00024de7       0x1c ./Core/Src/main.o
 .debug_macro   0x00024e03       0x10 ./Core/Src/main.o
 .debug_macro   0x00024e13       0x1c ./Core/Src/main.o
 .debug_macro   0x00024e2f       0x16 ./Core/Src/main.o
 .debug_macro   0x00024e45      0x146 ./Core/Src/main.o
 .debug_macro   0x00024f8b       0x16 ./Core/Src/main.o
 .debug_macro   0x00024fa1       0x20 ./Core/Src/main.o
 .debug_macro   0x00024fc1       0x4c ./Core/Src/main.o
 .debug_macro   0x0002500d      0x1da ./Core/Src/stm32l4xx_hal_msp.o
 .debug_macro   0x000251e7      0x1e4 ./Core/Src/stm32l4xx_it.o
 .debug_macro   0x000253cb      0x112 ./Core/Src/sysmem.o
 .debug_macro   0x000254dd      0x23c ./Core/Src/sysmem.o
 .debug_macro   0x00025719      0x1cb ./Core/Src/system_stm32l4xx.o
 .debug_macro   0x000258e4      0x30e ./Core/Src/wav.o
 .debug_macro   0x00025bf2       0xe5 ./Core/Src/wav.o
 .debug_macro   0x00025cd7      0x219 ./Drivers/STM32L4xx_HAL_Driver/Src/stm32l4xx_hal.o
 .debug_macro   0x00025ef0      0x1cb ./Drivers/STM32L4xx_HAL_Driver/Src/stm32l4xx_hal_cortex.o
 .debug_macro   0x000260bb      0x1cb ./Drivers/STM32L4xx_HAL_Driver/Src/stm32l4xx_hal_dma.o
 .debug_macro   0x00026286      0x1d2 ./Drivers/STM32L4xx_HAL_Driver/Src/stm32l4xx_hal_gpio.o
 .debug_macro   0x00026458      0x1ef ./Drivers/STM32L4xx_HAL_Driver/Src/stm32l4xx_hal_pwr_ex.o
 .debug_macro   0x00026647      0x20d ./Drivers/STM32L4xx_HAL_Driver/Src/stm32l4xx_hal_rcc.o
 .debug_macro   0x00026854      0x201 ./Drivers/STM32L4xx_HAL_Driver/Src/stm32l4xx_hal_rcc_ex.o
 .debug_macro   0x00026a55      0x1e8 ./Drivers/STM32L4xx_HAL_Driver/Src/stm32l4xx_hal_sai.o
 .debug_macro   0x00026c3d      0x1d3 ./Drivers/STM32L4xx_HAL_Driver/Src/stm32l4xx_hal_spi.o
 .debug_macro   0x00026e10      0x1f6 ./Drivers/STM32L4xx_HAL_Driver/Src/stm32l4xx_hal_uart.o
 .debug_macro   0x00027006      0x2ff ./FATFS/App/fatfs.o
 .debug_macro   0x00027305      0x32e ./FATFS/Target/user_diskio.o
 .debug_macro   0x00027633       0x10 ./FATFS/Target/user_diskio.o
 .debug_macro   0x00027643       0x16 ./FATFS/Target/user_diskio.o
 .debug_macro   0x00027659       0x7c ./FATFS/Target/user_diskio.o
 .debug_macro   0x000276d5       0x56 ./FATFS/Target/user_diskio.o
 .debug_macro   0x0002772b      0x3a6 ./FATFS/Target/user_diskio_spi.o
 .debug_macro   0x00027ad1       0x1c ./FATFS/Target/user_diskio_spi.o
 .debug_macro   0x00027aed      0x2ec ./Middlewares/Third_Party/FatFs/src/diskio.o
 .debug_macro   0x00027dd9      0x6f3 ./Middlewares/Third_Party/FatFs/src/ff.o
 .debug_macro   0x000284cc       0x58 ./Middlewares/Third_Party/FatFs/src/ff.o
 .debug_macro   0x00028524      0x2ec ./Middlewares/Third_Party/FatFs/src/ff_gen_drv.o

.debug_line     0x00000000    0x16d2c
 .debug_line    0x00000000      0xc97 ./Core/Src/main.o
 .debug_line    0x00000c97      0x8cb ./Core/Src/stm32l4xx_hal_msp.o
 .debug_line    0x00001562      0x825 ./Core/Src/stm32l4xx_it.o
 .debug_line    0x00001d87      0x588 ./Core/Src/sysmem.o
 .debug_line    0x0000230f      0x7fc ./Core/Src/system_stm32l4xx.o
 .debug_line    0x00002b0b      0xab4 ./Core/Src/wav.o
 .debug_line    0x000035bf       0x7a ./Core/Startup/startup_stm32l476rgtx.o
 .debug_line    0x00003639      0xb64 ./Drivers/STM32L4xx_HAL_Driver/Src/stm32l4xx_hal.o
 .debug_line    0x0000419d      0xcff ./Drivers/STM32L4xx_HAL_Driver/Src/stm32l4xx_hal_cortex.o
 .debug_line    0x00004e9c      0xd3e ./Drivers/STM32L4xx_HAL_Driver/Src/stm32l4xx_hal_dma.o
 .debug_line    0x00005bda      0xbb8 ./Drivers/STM32L4xx_HAL_Driver/Src/stm32l4xx_hal_gpio.o
 .debug_line    0x00006792      0xd46 ./Drivers/STM32L4xx_HAL_Driver/Src/stm32l4xx_hal_pwr_ex.o
 .debug_line    0x000074d8     0x10b9 ./Drivers/STM32L4xx_HAL_Driver/Src/stm32l4xx_hal_rcc.o
 .debug_line    0x00008591     0x1523 ./Drivers/STM32L4xx_HAL_Driver/Src/stm32l4xx_hal_rcc_ex.o
 .debug_line    0x00009ab4     0x1a43 ./Drivers/STM32L4xx_HAL_Driver/Src/stm32l4xx_hal_sai.o
 .debug_line    0x0000b4f7     0x1fe1 ./Drivers/STM32L4xx_HAL_Driver/Src/stm32l4xx_hal_spi.o
 .debug_line    0x0000d4d8     0x2d24 ./Drivers/STM32L4xx_HAL_Driver/Src/stm32l4xx_hal_uart.o
 .debug_line    0x000101fc      0x8f4 ./FATFS/App/fatfs.o
 .debug_line    0x00010af0      0x95b ./FATFS/Target/user_diskio.o
 .debug_line    0x0001144b     0x1030 ./FATFS/Target/user_diskio_spi.o
 .debug_line    0x0001247b      0x95f ./Middlewares/Third_Party/FatFs/src/diskio.o
 .debug_line    0x00012dda     0x35d5 ./Middlewares/Third_Party/FatFs/src/ff.o
 .debug_line    0x000163af      0x97d ./Middlewares/Third_Party/FatFs/src/ff_gen_drv.o

.debug_str      0x00000000    0xee825
 .debug_str     0x00000000    0xee825 ./Core/Src/main.o
                              0xea0f9 (size before relaxing)
 .debug_str     0x000ee825        0x0 ./Core/Src/stm32l4xx_hal_msp.o
                              0xe5809 (size before relaxing)
 .debug_str     0x000ee825        0x0 ./Core/Src/stm32l4xx_it.o
                              0xe4d29 (size before relaxing)
 .debug_str     0x000ee825        0x0 ./Core/Src/sysmem.o
                               0x777a (size before relaxing)
 .debug_str     0x000ee825        0x0 ./Core/Src/system_stm32l4xx.o
                              0xe4c4d (size before relaxing)
 .debug_str     0x000ee825        0x0 ./Core/Src/wav.o
                              0xe853a (size before relaxing)
 .debug_str     0x000ee825        0x0 ./Core/Startup/startup_stm32l476rgtx.o
                                 0x7c (size before relaxing)
 .debug_str     0x000ee825        0x0 ./Drivers/STM32L4xx_HAL_Driver/Src/stm32l4xx_hal.o
                              0xe57e0 (size before relaxing)
 .debug_str     0x000ee825        0x0 ./Drivers/STM32L4xx_HAL_Driver/Src/stm32l4xx_hal_cortex.o
                              0xe54c6 (size before relaxing)
 .debug_str     0x000ee825        0x0 ./Drivers/STM32L4xx_HAL_Driver/Src/stm32l4xx_hal_dma.o
                              0xe4eb7 (size before relaxing)
 .debug_str     0x000ee825        0x0 ./Drivers/STM32L4xx_HAL_Driver/Src/stm32l4xx_hal_gpio.o
                              0xe4dc6 (size before relaxing)
 .debug_str     0x000ee825        0x0 ./Drivers/STM32L4xx_HAL_Driver/Src/stm32l4xx_hal_pwr_ex.o
                              0xe51a8 (size before relaxing)
 .debug_str     0x000ee825        0x0 ./Drivers/STM32L4xx_HAL_Driver/Src/stm32l4xx_hal_rcc.o
                              0xe5293 (size before relaxing)
 .debug_str     0x000ee825        0x0 ./Drivers/STM32L4xx_HAL_Driver/Src/stm32l4xx_hal_rcc_ex.o
                              0xe5435 (size before relaxing)
 .debug_str     0x000ee825        0x0 ./Drivers/STM32L4xx_HAL_Driver/Src/stm32l4xx_hal_sai.o
                              0xe5413 (size before relaxing)
 .debug_str     0x000ee825        0x0 ./Drivers/STM32L4xx_HAL_Driver/Src/stm32l4xx_hal_spi.o
                              0xe5491 (size before relaxing)
 .debug_str     0x000ee825        0x0 ./Drivers/STM32L4xx_HAL_Driver/Src/stm32l4xx_hal_uart.o
                              0xe59ce (size before relaxing)
 .debug_str     0x000ee825        0x0 ./FATFS/App/fatfs.o
                              0xe84da (size before relaxing)
 .debug_str     0x000ee825        0x0 ./FATFS/Target/user_diskio.o
                              0xe84bc (size before relaxing)
 .debug_str     0x000ee825        0x0 ./FATFS/Target/user_diskio_spi.o
                              0xe8c3e (size before relaxing)
 .debug_str     0x000ee825        0x0 ./Middlewares/Third_Party/FatFs/src/diskio.o
                              0xe83e9 (size before relaxing)
 .debug_str     0x000ee825        0x0 ./Middlewares/Third_Party/FatFs/src/ff.o
                              0xe964c (size before relaxing)
 .debug_str     0x000ee825        0x0 ./Middlewares/Third_Party/FatFs/src/ff_gen_drv.o
                              0xe843a (size before relaxing)

.comment        0x00000000       0x86
 .comment       0x00000000       0x86 ./Core/Src/main.o
                                 0x44 (size before relaxing)
 .comment       0x00000086        0x0 ./Core/Src/stm32l4xx_hal_msp.o
                                 0x44 (size before relaxing)
 .comment       0x00000086        0x0 ./Core/Src/stm32l4xx_it.o
                                 0x44 (size before relaxing)
 .comment       0x00000086        0x0 ./Core/Src/sysmem.o
                                 0x44 (size before relaxing)
 .comment       0x00000086        0x0 ./Core/Src/system_stm32l4xx.o
                                 0x44 (size before relaxing)
 .comment       0x00000086        0x0 ./Core/Src/wav.o
                                 0x44 (size before relaxing)
 .comment       0x00000086        0x0 ./Drivers/STM32L4xx_HAL_Driver/Src/stm32l4xx_hal.o
                                 0x44 (size before relaxing)
 .comment       0x00000086        0x0 ./Drivers/STM32L4xx_HAL_Driver/Src/stm32l4xx_hal_cortex.o
                                 0x44 (size before relaxing)
 .comment       0x00000086        0x0 ./Drivers/STM32L4xx_HAL_Driver/Src/stm32l4xx_hal_dma.o
                                 0x44 (size before relaxing)
 .comment       0x00000086        0x0 ./Drivers/STM32L4xx_HAL_Driver/Src/stm32l4xx_hal_gpio.o
                                 0x44 (size before relaxing)
 .comment       0x00000086        0x0 ./Drivers/STM32L4xx_HAL_Driver/Src/stm32l4xx_hal_pwr_ex.o
                                 0x44 (size before relaxing)
 .comment       0x00000086        0x0 ./Drivers/STM32L4xx_HAL_Driver/Src/stm32l4xx_hal_rcc.o
                                 0x44 (size before relaxing)
 .comment       0x00000086        0x0 ./Drivers/STM32L4xx_HAL_Driver/Src/stm32l4xx_hal_rcc_ex.o
                                 0x44 (size before relaxing)
 .comment       0x00000086        0x0 ./Drivers/STM32L4xx_HAL_Driver/Src/stm32l4xx_hal_sai.o
                                 0x44 (size before relaxing)
 .comment       0x00000086        0x0 ./Drivers/STM32L4xx_HAL_Driver/Src/stm32l4xx_hal_spi.o
                                 0x44 (size before relaxing)
 .comment       0x00000086        0x0 ./Drivers/STM32L4xx_HAL_Driver/Src/stm32l4xx_hal_uart.o
                                 0x44 (size before relaxing)
 .comment       0x00000086        0x0 ./FATFS/App/fatfs.o
                                 0x44 (size before relaxing)
 .comment       0x00000086        0x0 ./FATFS/Target/user_diskio.o
                                 0x44 (size before relaxing)
 .comment       0x00000086        0x0 ./FATFS/Target/user_diskio_spi.o
                                 0x44 (size before relaxing)
 .comment       0x00000086        0x0 ./Middlewares/Third_Party/FatFs/src/diskio.o
                                 0x44 (size before relaxing)
 .comment       0x00000086        0x0 ./Middlewares/Third_Party/FatFs/src/ff.o
                                 0x44 (size before relaxing)
 .comment       0x00000086        0x0 ./Middlewares/Third_Party/FatFs/src/ff_gen_drv.o
                                 0x44 (size before relaxing)

.debug_frame    0x00000000     0x4834
 .debug_frame   0x00000000      0x200 ./Core/Src/main.o
 .debug_frame   0x00000200      0x118 ./Core/Src/stm32l4xx_hal_msp.o
 .debug_frame   0x00000318      0x120 ./Core/Src/stm32l4xx_it.o
 .debug_frame   0x00000438       0x34 ./Core/Src/sysmem.o
 .debug_frame   0x0000046c       0x58 ./Core/Src/system_stm32l4xx.o
 .debug_frame   0x000004c4       0x88 ./Core/Src/wav.o
 .debug_frame   0x0000054c      0x498 ./Drivers/STM32L4xx_HAL_Driver/Src/stm32l4xx_hal.o
 .debug_frame   0x000009e4      0x4e8 ./Drivers/STM32L4xx_HAL_Driver/Src/stm32l4xx_hal_cortex.o
 .debug_frame   0x00000ecc      0x204 ./Drivers/STM32L4xx_HAL_Driver/Src/stm32l4xx_hal_dma.o
 .debug_frame   0x000010d0      0x14c ./Drivers/STM32L4xx_HAL_Driver/Src/stm32l4xx_hal_gpio.o
 .debug_frame   0x0000121c      0x584 ./Drivers/STM32L4xx_HAL_Driver/Src/stm32l4xx_hal_pwr_ex.o
 .debug_frame   0x000017a0      0x21c ./Drivers/STM32L4xx_HAL_Driver/Src/stm32l4xx_hal_rcc.o
 .debug_frame   0x000019bc      0x2fc ./Drivers/STM32L4xx_HAL_Driver/Src/stm32l4xx_hal_rcc_ex.o
 .debug_frame   0x00001cb8      0x69c ./Drivers/STM32L4xx_HAL_Driver/Src/stm32l4xx_hal_sai.o
 .debug_frame   0x00002354      0x860 ./Drivers/STM32L4xx_HAL_Driver/Src/stm32l4xx_hal_spi.o
 .debug_frame   0x00002bb4      0x9f4 ./Drivers/STM32L4xx_HAL_Driver/Src/stm32l4xx_hal_uart.o
 .debug_frame   0x000035a8       0x4c ./FATFS/App/fatfs.o
 .debug_frame   0x000035f4       0xc4 ./FATFS/Target/user_diskio.o
 .debug_frame   0x000036b8      0x248 ./FATFS/Target/user_diskio_spi.o
 .debug_frame   0x00003900       0xec ./Middlewares/Third_Party/FatFs/src/diskio.o
 .debug_frame   0x000039ec      0x94c ./Middlewares/Third_Party/FatFs/src/ff.o
 .debug_frame   0x00004338       0xc8 ./Middlewares/Third_Party/FatFs/src/ff_gen_drv.o
 .debug_frame   0x00004400       0x30 /Applications/STM32CubeIDE.app/Contents/Eclipse/plugins/com.st.stm32cube.ide.mcu.externaltools.gnu-tools-for-stm32.13.3.rel1.macos64_1.0.100.202509120712/tools/bin/../lib/gcc/arm-none-eabi/13.3.1/../../../../arm-none-eabi/lib/thumb/v7e-m+fp/hard/libc_nano.a(libc_a-malloc.o)
 .debug_frame   0x00004430       0x50 /Applications/STM32CubeIDE.app/Contents/Eclipse/plugins/com.st.stm32cube.ide.mcu.externaltools.gnu-tools-for-stm32.13.3.rel1.macos64_1.0.100.202509120712/tools/bin/../lib/gcc/arm-none-eabi/13.3.1/../../../../arm-none-eabi/lib/thumb/v7e-m+fp/hard/libc_nano.a(libc_a-mallocr.o)
 .debug_frame   0x00004480       0x30 /Applications/STM32CubeIDE.app/Contents/Eclipse/plugins/com.st.stm32cube.ide.mcu.externaltools.gnu-tools-for-stm32.13.3.rel1.macos64_1.0.100.202509120712/tools/bin/../lib/gcc/arm-none-eabi/13.3.1/../../../../arm-none-eabi/lib/thumb/v7e-m+fp/hard/libc_nano.a(libc_a-mlock.o)
 .debug_frame   0x000044b0      0x144 /Applications/STM32CubeIDE.app/Contents/Eclipse/plugins/com.st.stm32cube.ide.mcu.externaltools.gnu-tools-for-stm32.13.3.rel1.macos64_1.0.100.202509120712/tools/bin/../lib/gcc/arm-none-eabi/13.3.1/../../../../arm-none-eabi/lib/thumb/v7e-m+fp/hard/libc_nano.a(libc_a-findfp.o)
 .debug_frame   0x000045f4       0x28 /Applications/STM32CubeIDE.app/Contents/Eclipse/plugins/com.st.stm32cube.ide.mcu.externaltools.gnu-tools-for-stm32.13.3.rel1.macos64_1.0.100.202509120712/tools/bin/../lib/gcc/arm-none-eabi/13.3.1/../../../../arm-none-eabi/lib/thumb/v7e-m+fp/hard/libc_nano.a(libc_a-memcmp.o)
 .debug_frame   0x0000461c       0x20 /Applications/STM32CubeIDE.app/Contents/Eclipse/plugins/com.st.stm32cube.ide.mcu.externaltools.gnu-tools-for-stm32.13.3.rel1.macos64_1.0.100.202509120712/tools/bin/../lib/gcc/arm-none-eabi/13.3.1/../../../../arm-none-eabi/lib/thumb/v7e-m+fp/hard/libc_nano.a(libc_a-memset.o)
 .debug_frame   0x0000463c       0x2c /Applications/STM32CubeIDE.app/Contents/Eclipse/plugins/com.st.stm32cube.ide.mcu.externaltools.gnu-tools-for-stm32.13.3.rel1.macos64_1.0.100.202509120712/tools/bin/../lib/gcc/arm-none-eabi/13.3.1/../../../../arm-none-eabi/lib/thumb/v7e-m+fp/hard/libc_nano.a(libc_a-sbrkr.o)
 .debug_frame   0x00004668       0x20 /Applications/STM32CubeIDE.app/Contents/Eclipse/plugins/com.st.stm32cube.ide.mcu.externaltools.gnu-tools-for-stm32.13.3.rel1.macos64_1.0.100.202509120712/tools/bin/../lib/gcc/arm-none-eabi/13.3.1/../../../../arm-none-eabi/lib/thumb/v7e-m+fp/hard/libc_nano.a(libc_a-errno.o)
 .debug_frame   0x00004688       0x2c /Applications/STM32CubeIDE.app/Contents/Eclipse/plugins/com.st.stm32cube.ide.mcu.externaltools.gnu-tools-for-stm32.13.3.rel1.macos64_1.0.100.202509120712/tools/bin/../lib/gcc/arm-none-eabi/13.3.1/../../../../arm-none-eabi/lib/thumb/v7e-m+fp/hard/libc_nano.a(libc_a-init.o)
 .debug_frame   0x000046b4       0xb0 /Applications/STM32CubeIDE.app/Contents/Eclipse/plugins/com.st.stm32cube.ide.mcu.externaltools.gnu-tools-for-stm32.13.3.rel1.macos64_1.0.100.202509120712/tools/bin/../lib/gcc/arm-none-eabi/13.3.1/../../../../arm-none-eabi/lib/thumb/v7e-m+fp/hard/libc_nano.a(libc_a-lock.o)
 .debug_frame   0x00004764       0x38 /Applications/STM32CubeIDE.app/Contents/Eclipse/plugins/com.st.stm32cube.ide.mcu.externaltools.gnu-tools-for-stm32.13.3.rel1.macos64_1.0.100.202509120712/tools/bin/../lib/gcc/arm-none-eabi/13.3.1/../../../../arm-none-eabi/lib/thumb/v7e-m+fp/hard/libc_nano.a(libc_a-reent.o)
 .debug_frame   0x0000479c       0x38 /Applications/STM32CubeIDE.app/Contents/Eclipse/plugins/com.st.stm32cube.ide.mcu.externaltools.gnu-tools-for-stm32.13.3.rel1.macos64_1.0.100.202509120712/tools/bin/../lib/gcc/arm-none-eabi/13.3.1/../../../../arm-none-eabi/lib/thumb/v7e-m+fp/hard/libc_nano.a(libc_a-freer.o)
 .debug_frame   0x000047d4       0x2c /Applications/STM32CubeIDE.app/Contents/Eclipse/plugins/com.st.stm32cube.ide.mcu.externaltools.gnu-tools-for-stm32.13.3.rel1.macos64_1.0.100.202509120712/tools/bin/../lib/gcc/arm-none-eabi/13.3.1/thumb/v7e-m+fp/hard/libgcc.a(_aeabi_uldivmod.o)
 .debug_frame   0x00004800       0x34 /Applications/STM32CubeIDE.app/Contents/Eclipse/plugins/com.st.stm32cube.ide.mcu.externaltools.gnu-tools-for-stm32.13.3.rel1.macos64_1.0.100.202509120712/tools/bin/../lib/gcc/arm-none-eabi/13.3.1/thumb/v7e-m+fp/hard/libgcc.a(_udivmoddi4.o)

.debug_line_str
                0x00000000       0x60
 .debug_line_str
                0x00000000       0x60 ./Core/Startup/startup_stm32l476rgtx.o
