../Core/Src/main.c:87:6:sd_read_bytes	24	static
../Core/Src/main.c:96:6:myprintf	16	static
../Core/Src/main.c:119:6:LCD_putNibble	16	static
../Core/Src/main.c:129:6:LCD_Pulse	8	static
../Core/Src/main.c:136:6:LCD_WriteCom	24	static
../Core/Src/main.c:150:6:LCD_WriteData	24	static
../Core/Src/main.c:164:6:LCD_Init	8	static
../Core/Src/main.c:192:6:LCD_Clear	8	static
../Core/Src/main.c:197:6:LCD_DisplayString	24	static
../Core/Src/main.c:210:6:HAL_SAI_TxHalfCpltCallback	16	static
../Core/Src/main.c:215:6:HAL_SAI_TxCpltCallback	16	static
../Core/Src/main.c:227:13:refill_half_buffer	1072	static
../Core/Src/main.c:267:12:start_wav_playback	32	static
../Core/Src/main.c:324:5:main	8	static
../Core/Src/main.c:406:6:SystemClock_Config	96	static
../Core/Src/main.c:451:13:MX_SAI1_Init	8	static
../Core/Src/main.c:476:13:MX_SPI1_Init	8	static
../Core/Src/main.c:503:13:MX_USART2_UART_Init	8	static
../Core/Src/main.c:524:13:MX_DMA_Init	16	static
../Core/Src/main.c:538:13:MX_GPIO_Init	40	static
../Core/Src/main.c:562:6:Error_Handler	4	static,ignoring_inline_asm
