../Core/Src/main.c:84:6:sd_read_bytes	24	static
../Core/Src/main.c:93:6:myprintf	16	static
../Core/Src/main.c:116:6:LCD_putNibble	16	static
../Core/Src/main.c:141:6:LCD_Pulse	8	static
../Core/Src/main.c:148:6:LCD_WriteCom	24	static
../Core/Src/main.c:163:6:LCD_WriteData	24	static
../Core/Src/main.c:178:6:LCD_Init	8	static
../Core/Src/main.c:207:6:LCD_Clear	8	static
../Core/Src/main.c:212:6:LCD_DisplayString	24	static
../Core/Src/main.c:226:6:HAL_SAI_TxHalfCpltCallback	16	static
../Core/Src/main.c:231:6:HAL_SAI_TxCpltCallback	16	static
../Core/Src/main.c:243:13:refill_half_buffer	1072	static
../Core/Src/main.c:282:12:start_wav_playback	24	static
../Core/Src/main.c:314:5:main	8	static
../Core/Src/main.c:390:6:SystemClock_Config	96	static
../Core/Src/main.c:435:13:MX_SAI1_Init	8	static
../Core/Src/main.c:467:13:MX_SPI1_Init	8	static
../Core/Src/main.c:502:13:MX_USART2_UART_Init	8	static
../Core/Src/main.c:530:13:MX_DMA_Init	16	static
../Core/Src/main.c:546:13:MX_GPIO_Init	40	static
../Core/Src/main.c:575:6:Error_Handler	4	static,ignoring_inline_asm
