../Core/Src/main.c:84:6:sd_read_bytes	24	static
../Core/Src/main.c:91:6:myprintf	16	static
../Core/Src/main.c:103:6:HAL_SAI_TxHalfCpltCallback	16	static
../Core/Src/main.c:108:6:HAL_SAI_TxCpltCallback	16	static
../Core/Src/main.c:119:13:refill_half_buffer	1072	static
../Core/Src/main.c:161:12:start_wav_playback	24	static
../Core/Src/main.c:198:5:main	8	static
../Core/Src/main.c:348:6:SystemClock_Config	96	static
../Core/Src/main.c:393:13:MX_SAI1_Init	8	static
../Core/Src/main.c:429:13:MX_SPI1_Init	8	static
../Core/Src/main.c:469:13:MX_USART2_UART_Init	8	static
../Core/Src/main.c:502:13:MX_DMA_Init	16	static
../Core/Src/main.c:520:13:MX_GPIO_Init	40	static
../Core/Src/main.c:555:6:Error_Handler	4	static,ignoring_inline_asm
