../Core/Src/main.c:88:6:myprintf	1
../Core/Src/main.c:99:6:sd_read_bytes	5
../Core/Src/main.c:144:6:LCD_putNibble	5
../Core/Src/main.c:151:6:LCD_Pulse	1
../Core/Src/main.c:158:6:LCD_WriteCom	1
../Core/Src/main.c:168:6:LCD_WriteData	1
../Core/Src/main.c:178:6:LCD_Init	1
../Core/Src/main.c:196:6:LCD_Clear	1
../Core/Src/main.c:201:6:LCD_DisplayString	4
../Core/Src/main.c:210:6:HAL_SAI_TxHalfCpltCallback	1
../Core/Src/main.c:214:6:HAL_SAI_TxCpltCallback	1
../Core/Src/main.c:221:13:refill_half_buffer	11
../Core/Src/main.c:270:12:start_wav_playback	16
../Core/Src/main.c:331:5:main	5
../Core/Src/main.c:397:6:SystemClock_Config	4
../Core/Src/main.c:446:13:MX_SAI1_Init	2
../Core/Src/main.c:474:13:MX_SPI1_Init	2
../Core/Src/main.c:504:13:MX_USART2_UART_Init	2
../Core/Src/main.c:525:13:MX_DMA_Init	1
../Core/Src/main.c:539:13:MX_GPIO_Init	1
../Core/Src/main.c:560:6:Error_Handler	1
