../Core/Src/main.c:87:6:myprintf	16	static
../Core/Src/main.c:98:6:sd_read_bytes	32	static
../Core/Src/main.c:143:6:LCD_putNibble	16	static
../Core/Src/main.c:150:6:LCD_Pulse	8	static
../Core/Src/main.c:157:6:LCD_WriteCom	16	static
../Core/Src/main.c:167:6:LCD_WriteData	16	static
../Core/Src/main.c:177:6:LCD_Init	8	static
../Core/Src/main.c:195:6:LCD_Clear	8	static
../Core/Src/main.c:200:6:LCD_DisplayString	24	static
../Core/Src/main.c:209:6:HAL_SAI_TxHalfCpltCallback	16	static
../Core/Src/main.c:213:6:HAL_SAI_TxCpltCallback	16	static
../Core/Src/main.c:220:13:refill_half_buffer	64	static
../Core/Src/main.c:271:12:start_wav_playback	32	static
../Core/Src/main.c:325:5:main	24	static
../Core/Src/main.c:397:6:SystemClock_Config	96	static
../Core/Src/main.c:446:13:MX_SAI1_Init	8	static
../Core/Src/main.c:474:13:MX_SPI1_Init	8	static
../Core/Src/main.c:504:13:MX_USART2_UART_Init	8	static
../Core/Src/main.c:525:13:MX_DMA_Init	16	static
../Core/Src/main.c:539:13:MX_GPIO_Init	40	static
../Core/Src/main.c:560:6:Error_Handler	4	static,ignoring_inline_asm
