../Core/Src/main.c:63:6:myprintf	16	static
../Core/Src/main.c:74:6:sd_read_bytes	24	static
../Core/Src/main.c:99:6:LCD_putNibble	16	static
../Core/Src/main.c:106:6:LCD_Pulse	8	static
../Core/Src/main.c:113:6:LCD_WriteCom	16	static
../Core/Src/main.c:123:6:LCD_WriteData	16	static
../Core/Src/main.c:133:6:LCD_Init	8	static
../Core/Src/main.c:151:6:LCD_Clear	8	static
../Core/Src/main.c:156:6:LCD_DisplayString	24	static
../Core/Src/main.c:165:6:HAL_SAI_TxHalfCpltCallback	16	static
../Core/Src/main.c:169:6:HAL_SAI_TxCpltCallback	16	static
../Core/Src/main.c:176:13:refill_half_buffer	1072	static
../Core/Src/main.c:216:12:start_wav_playback	32	static
../Core/Src/main.c:263:5:main	24	static
../Core/Src/main.c:335:6:SystemClock_Config	96	static
../Core/Src/main.c:373:13:MX_SAI1_Init	8	static
../Core/Src/main.c:398:13:MX_SPI1_Init	8	static
../Core/Src/main.c:425:13:MX_USART2_UART_Init	8	static
../Core/Src/main.c:446:13:MX_DMA_Init	16	static
../Core/Src/main.c:460:13:MX_GPIO_Init	40	static
../Core/Src/main.c:484:6:Error_Handler	4	static,ignoring_inline_asm
