Archive member included to satisfy reference by file (symbol)

C:/ST/STM32CubeIDE_1.19.0/STM32CubeIDE/plugins/com.st.stm32cube.ide.mcu.externaltools.gnu-tools-for-stm32.13.3.rel1.win32_1.0.0.202411081344/tools/bin/../lib/gcc/arm-none-eabi/13.3.1/../../../../arm-none-eabi/lib/thumb/v7e-m+fp/hard\libc_nano.a(libc_a-exit.o)
                              C:/ST/STM32CubeIDE_1.19.0/STM32CubeIDE/plugins/com.st.stm32cube.ide.mcu.externaltools.gnu-tools-for-stm32.13.3.rel1.win32_1.0.0.202411081344/tools/bin/../lib/gcc/arm-none-eabi/13.3.1/../../../../arm-none-eabi/lib/thumb/v7e-m+fp/hard/crt0.o (exit)
C:/ST/STM32CubeIDE_1.19.0/STM32CubeIDE/plugins/com.st.stm32cube.ide.mcu.externaltools.gnu-tools-for-stm32.13.3.rel1.win32_1.0.0.202411081344/tools/bin/../lib/gcc/arm-none-eabi/13.3.1/../../../../arm-none-eabi/lib/thumb/v7e-m+fp/hard\libc_nano.a(libc_a-malloc.o)
                              ./Core/Src/helix_mp3.o (malloc)
C:/ST/STM32CubeIDE_1.19.0/STM32CubeIDE/plugins/com.st.stm32cube.ide.mcu.externaltools.gnu-tools-for-stm32.13.3.rel1.win32_1.0.0.202411081344/tools/bin/../lib/gcc/arm-none-eabi/13.3.1/../../../../arm-none-eabi/lib/thumb/v7e-m+fp/hard\libc_nano.a(libc_a-mallocr.o)
                              C:/ST/STM32CubeIDE_1.19.0/STM32CubeIDE/plugins/com.st.stm32cube.ide.mcu.externaltools.gnu-tools-for-stm32.13.3.rel1.win32_1.0.0.202411081344/tools/bin/../lib/gcc/arm-none-eabi/13.3.1/../../../../arm-none-eabi/lib/thumb/v7e-m+fp/hard\libc_nano.a(libc_a-malloc.o) (_malloc_r)
C:/ST/STM32CubeIDE_1.19.0/STM32CubeIDE/plugins/com.st.stm32cube.ide.mcu.externaltools.gnu-tools-for-stm32.13.3.rel1.win32_1.0.0.202411081344/tools/bin/../lib/gcc/arm-none-eabi/13.3.1/../../../../arm-none-eabi/lib/thumb/v7e-m+fp/hard\libc_nano.a(libc_a-mlock.o)
                              C:/ST/STM32CubeIDE_1.19.0/STM32CubeIDE/plugins/com.st.stm32cube.ide.mcu.externaltools.gnu-tools-for-stm32.13.3.rel1.win32_1.0.0.202411081344/tools/bin/../lib/gcc/arm-none-eabi/13.3.1/../../../../arm-none-eabi/lib/thumb/v7e-m+fp/hard\libc_nano.a(libc_a-mallocr.o) (__malloc_lock)
C:/ST/STM32CubeIDE_1.19.0/STM32CubeIDE/plugins/com.st.stm32cube.ide.mcu.externaltools.gnu-tools-for-stm32.13.3.rel1.win32_1.0.0.202411081344/tools/bin/../lib/gcc/arm-none-eabi/13.3.1/../../../../arm-none-eabi/lib/thumb/v7e-m+fp/hard\libc_nano.a(libc_a-fclose.o)
                              ./Core/Src/helix_mp3.o (fclose)
C:/ST/STM32CubeIDE_1.19.0/STM32CubeIDE/plugins/com.st.stm32cube.ide.mcu.externaltools.gnu-tools-for-stm32.13.3.rel1.win32_1.0.0.202411081344/tools/bin/../lib/gcc/arm-none-eabi/13.3.1/../../../../arm-none-eabi/lib/thumb/v7e-m+fp/hard\libc_nano.a(libc_a-fflush.o)
                              C:/ST/STM32CubeIDE_1.19.0/STM32CubeIDE/plugins/com.st.stm32cube.ide.mcu.externaltools.gnu-tools-for-stm32.13.3.rel1.win32_1.0.0.202411081344/tools/bin/../lib/gcc/arm-none-eabi/13.3.1/../../../../arm-none-eabi/lib/thumb/v7e-m+fp/hard\libc_nano.a(libc_a-fclose.o) (__sflush_r)
C:/ST/STM32CubeIDE_1.19.0/STM32CubeIDE/plugins/com.st.stm32cube.ide.mcu.externaltools.gnu-tools-for-stm32.13.3.rel1.win32_1.0.0.202411081344/tools/bin/../lib/gcc/arm-none-eabi/13.3.1/../../../../arm-none-eabi/lib/thumb/v7e-m+fp/hard\libc_nano.a(libc_a-findfp.o)
                              C:/ST/STM32CubeIDE_1.19.0/STM32CubeIDE/plugins/com.st.stm32cube.ide.mcu.externaltools.gnu-tools-for-stm32.13.3.rel1.win32_1.0.0.202411081344/tools/bin/../lib/gcc/arm-none-eabi/13.3.1/../../../../arm-none-eabi/lib/thumb/v7e-m+fp/hard\libc_nano.a(libc_a-fflush.o) (__sglue)
C:/ST/STM32CubeIDE_1.19.0/STM32CubeIDE/plugins/com.st.stm32cube.ide.mcu.externaltools.gnu-tools-for-stm32.13.3.rel1.win32_1.0.0.202411081344/tools/bin/../lib/gcc/arm-none-eabi/13.3.1/../../../../arm-none-eabi/lib/thumb/v7e-m+fp/hard\libc_nano.a(libc_a-fopen.o)
                              ./Core/Src/helix_mp3.o (fopen)
C:/ST/STM32CubeIDE_1.19.0/STM32CubeIDE/plugins/com.st.stm32cube.ide.mcu.externaltools.gnu-tools-for-stm32.13.3.rel1.win32_1.0.0.202411081344/tools/bin/../lib/gcc/arm-none-eabi/13.3.1/../../../../arm-none-eabi/lib/thumb/v7e-m+fp/hard\libc_nano.a(libc_a-fread.o)
                              ./Core/Src/helix_mp3.o (fread)
C:/ST/STM32CubeIDE_1.19.0/STM32CubeIDE/plugins/com.st.stm32cube.ide.mcu.externaltools.gnu-tools-for-stm32.13.3.rel1.win32_1.0.0.202411081344/tools/bin/../lib/gcc/arm-none-eabi/13.3.1/../../../../arm-none-eabi/lib/thumb/v7e-m+fp/hard\libc_nano.a(libc_a-fseek.o)
                              C:/ST/STM32CubeIDE_1.19.0/STM32CubeIDE/plugins/com.st.stm32cube.ide.mcu.externaltools.gnu-tools-for-stm32.13.3.rel1.win32_1.0.0.202411081344/tools/bin/../lib/gcc/arm-none-eabi/13.3.1/../../../../arm-none-eabi/lib/thumb/v7e-m+fp/hard\libc_nano.a(libc_a-fopen.o) (_fseek_r)
[...]
Memory Configuration

Name             Origin             Length             Attributes
RAM              0x20000000         0x00018000         xrw
RAM2             0x10000000         0x00008000         xrw
FLASH            0x08000000         0x00100000         xr
*default*        0x00000000         0xffffffff

Linker script and memory map

LOAD C:/ST/STM32CubeIDE_1.19.0/STM32CubeIDE/plugins/com.st.stm32cube.ide.mcu.externaltools.gnu-tools-for-stm32.13.3.rel1.win32_1.0.0.202411081344/tools/bin/../lib/gcc/arm-none-eabi/13.3.1/thumb/v7e-m+fp/hard/crti.o
LOAD C:/ST/STM32CubeIDE_1.19.0/STM32CubeIDE/plugins/com.st.stm32cube.ide.mcu.externaltools.gnu-tools-for-stm32.13.3.rel1.win32_1.0.0.202411081344/tools/bin/../lib/gcc/arm-none-eabi/13.3.1/thumb/v7e-m+fp/hard/crtbegin.o
LOAD C:/ST/STM32CubeIDE_1.19.0/STM32CubeIDE/plugins/com.st.stm32cube.ide.mcu.externaltools.gnu-tools-for-stm32.13.3.rel1.win32_1.0.0.202411081344/tools/bin/../lib/gcc/arm-none-eabi/13.3.1/../../../../arm-none-eabi/lib/thumb/v7e-m+fp/hard/crt0.o
LOAD ./Core/Src/audio_player.o
LOAD ./Core/Src/bitstream.o
LOAD ./Core/Src/dct32.o
LOAD ./Core/Src/dequant.o
LOAD ./Core/Src/helix_mp3.o
LOAD ./Core/Src/huffman.o
LOAD ./Core/Src/hufftabs.o
LOAD ./Core/Src/imdct.o
LOAD ./Core/Src/main.o
LOAD ./Core/Src/mp3dec.o
LOAD ./Core/Src/stm32l4xx_hal_msp.o
LOAD ./Core/Src/stm32l4xx_it.o
LOAD ./Core/Src/syscalls.o
LOAD ./Core/Src/sysmem.o
LOAD ./Core/Src/system_stm32l4xx.o
LOAD ./Core/Src/trigtabs.o
LOAD ./Core/Startup/startup_stm32l476rgtx.o
LOAD ./Drivers/STM32L4xx_HAL_Driver/Src/stm32l4xx_hal.o
LOAD ./Drivers/STM32L4xx_HAL_Driver/Src/stm32l4xx_hal_cortex.o
LOAD ./Drivers/STM32L4xx_HAL_Driver/Src/stm32l4xx_hal_dma.o
LOAD ./Drivers/STM32L4xx_HAL_Driver/Src/stm32l4xx_hal_dma_ex.o
LOAD ./Drivers/STM32L4xx_HAL_Driver/Src/stm32l4xx_hal_exti.o
LOAD ./Drivers/STM32L4xx_HAL_Driver/Src/stm32l4xx_hal_flash.o
LOAD ./Drivers/STM32L4xx_HAL_Driver/Src/stm32l4xx_hal_flash_ex.o
LOAD ./Drivers/STM32L4xx_HAL_Driver/Src/stm32l4xx_hal_flash_ramfunc.o
LOAD ./Drivers/STM32L4xx_HAL_Driver/Src/stm32l4xx_hal_gpio.o
LOAD ./Drivers/STM32L4xx_HAL_Driver/Src/stm32l4xx_hal_i2c.o
LOAD ./Drivers/STM32L4xx_HAL_Driver/Src/stm32l4xx_hal_i2c_ex.o
LOAD ./Drivers/STM32L4xx_HAL_Driver/Src/stm32l4xx_hal_pwr.o
LOAD ./Drivers/STM32L4xx_HAL_Driver/Src/stm32l4xx_hal_pwr_ex.o
LOAD ./Drivers/STM32L4xx_HAL_Driver/Src/stm32l4xx_hal_rcc.o
LOAD ./Drivers/STM32L4xx_HAL_Driver/Src/stm32l4xx_hal_rcc_ex.o
LOAD ./Drivers/STM32L4xx_HAL_Driver/Src/stm32l4xx_hal_sai.o
LOAD ./Drivers/STM32L4xx_HAL_Driver/Src/stm32l4xx_hal_sai_ex.o
LOAD ./Drivers/STM32L4xx_HAL_Driver/Src/stm32l4xx_hal_spi.o
LOAD ./Drivers/STM32L4xx_HAL_Driver/Src/stm32l4xx_hal_spi_ex.o
LOAD ./Drivers/STM32L4xx_HAL_Driver/Src/stm32l4xx_hal_uart.o
LOAD ./Drivers/STM32L4xx_HAL_Driver/Src/stm32l4xx_hal_uart_ex.o
LOAD ./FATFS/App/fatfs.o
LOAD ./FATFS/Target/user_diskio.o
LOAD ./FATFS/Target/user_diskio_spi.o
LOAD ./Middlewares/Third_Party/FatFs/src/diskio.o
LOAD ./Middlewares/Third_Party/FatFs/src/ff.o
LOAD ./Middlewares/Third_Party/FatFs/src/ff_gen_drv.o
LOAD ./Middlewares/Third_Party/FatFs/src/option/syscall.o
START GROUP
LOAD C:/ST/STM32CubeIDE_1.19.0/STM32CubeIDE/plugins/com.st.stm32cube.ide.mcu.externaltools.gnu-tools-for-stm32.13.3.rel1.win32_1.0.0.202411081344/tools/bin/../lib/gcc/arm-none-eabi/13.3.1/../../../../arm-none-eabi/lib/thumb/v7e-m+fp/hard\libc_nano.a
LOAD C:/ST/STM32CubeIDE_1.19.0/STM32CubeIDE/plugins/com.st.stm32cube.ide.mcu.externaltools.gnu-tools-for-stm32.13.3.rel1.win32_1.0.0.202411081344/tools/bin/../lib/gcc/arm-none-eabi/13.3.1/../../../../arm-none-eabi/lib/thumb/v7e-m+fp/hard\libm.a
END GROUP
START GROUP
LOAD C:/ST/STM32CubeIDE_1.19.0/STM32CubeIDE/plugins/com.st.stm32cube.ide.mcu.externaltools.gnu-tools-for-stm32.13.3.rel1.win32_1.0.0.202411081344/tools/bin/../lib/gcc/arm-none-eabi/13.3.1/thumb/v7e-m+fp/hard\libgcc.a
LOAD C:/ST/STM32CubeIDE_1.19.0/STM32CubeIDE/plugins/com.st.stm32cube.ide.mcu.externaltools.gnu-tools-for-stm32.13.3.rel1.win32_1.0.0.202411081344/tools/bin/../lib/gcc/arm-none-eabi/13.3.1/../../../../arm-none-eabi/lib/thumb/v7e-m+fp/hard\libc_nano.a
END GROUP
START GROUP
LOAD C:/ST/STM32CubeIDE_1.19.0/STM32CubeIDE/plugins/com.st.stm32cube.ide.mcu.externaltools.gnu-tools-for-stm32.13.3.rel1.win32_1.0.0.202411081344/tools/bin/../lib/gcc/arm-none-eabi/13.3.1/thumb/v7e-m+fp/hard\libgcc.a
LOAD C:/ST/STM32CubeIDE_1.19.0/STM32CubeIDE/plugins/com.st.stm32cube.ide.mcu.externaltools.gnu-tools-for-stm32.13.3.rel1.win32_1.0.0.202411081344/tools/bin/../lib/gcc/arm-none-eabi/13.3.1/../../../../arm-none-eabi/lib/thumb/v7e-m+fp/hard\libc_nano.a
LOAD C:/ST/STM32CubeIDE_1.19.0/STM32CubeIDE/plugins/com.st.stm32cube.ide.mcu.externaltools.gnu-tools-for-stm32.13.3.rel1.win32_1.0.0.202411081344/tools/bin/../lib/gcc/arm-none-eabi/13.3.1/../../../../arm-none-eabi/lib/thumb/v7e-m+fp/hard\libnosys.a
END GROUP
START GROUP
LOAD C:/ST/STM32CubeIDE_1.19.0/STM32CubeIDE/plugins/com.st.stm32cube.ide.mcu.externaltools.gnu-tools-for-stm32.13.3.rel1.win32_1.0.0.202411081344/tools/bin/../lib/gcc/arm-none-eabi/13.3.1/thumb/v7e-m+fp/hard\libgcc.a
LOAD C:/ST/STM32CubeIDE_1.19.0/STM32CubeIDE/plugins/com.st.stm32cube.ide.mcu.externaltools.gnu-tools-for-stm32.13.3.rel1.win32_1.0.0.202411081344/tools/bin/../lib/gcc/arm-none-eabi/13.3.1/../../../../arm-none-eabi/lib/thumb/v7e-m+fp/hard\libc_nano.a
LOAD C:/ST/STM32CubeIDE_1.19.0/STM32CubeIDE/plugins/com.st.stm32cube.ide.mcu.externaltools.gnu-tools-for-stm32.13.3.rel1.win32_1.0.0.202411081344/tools/bin/../lib/gcc/arm-none-eabi/13.3.1/../../../../arm-none-eabi/lib/thumb/v7e-m+fp/hard\libnosys.a
END GROUP
LOAD C:/ST/STM32CubeIDE_1.19.0/STM32CubeIDE/plugins/com.st.stm32cube.ide.mcu.externaltools.gnu-tools-for-stm32.13.3.rel1.win32_1.0.0.202411081344/tools/bin/../lib/gcc/arm-none-eabi/13.3.1/thumb/v7e-m+fp/hard/crtend.o
LOAD C:/ST/STM32CubeIDE_1.19.0/STM32CubeIDE/plugins/com.st.stm32cube.ide.mcu.externaltools.gnu-tools-for-stm32.13.3.rel1.win32_1.0.0.202411081344/tools/bin/../lib/gcc/arm-none-eabi/13.3.1/thumb/v7e-m+fp/hard/crtn.o
                0x20018000                        _estack = (ORIGIN (RAM) + LENGTH (RAM))
                0x00000200                        _Min_Heap_Size = 0x200
                0x00000400                        _Min_Stack_Size = 0x400

.isr_vector     0x08000000      0x188
                0x08000000                        . = ALIGN (0x4)
 *(.isr_vector)
 .isr_vector    0x08000000      0x188 ./Core/Startup/startup_stm32l476rgtx.o
                0x08000000                g_pfnVectors
                0x08000188                        . = ALIGN (0x4)

.text           0x08000188     0xcea0
                0x08000188                        . = ALIGN (0x4)
 *(.text)
 .text          0x08000188       0x40 C:/ST/STM32CubeIDE_1.19.0/STM32CubeIDE/plugins/com.st.stm32cube.ide.mcu.externaltools.gnu-tools-for-stm32.13.3.rel1.win32_1.0.0.202411081344/tools/bin/../lib/gcc/arm-none-eabi/13.3.1/thumb/v7e-m+fp/hard/crtbegin.o
 .text          0x080001c8       0x30 C:/ST/STM32CubeIDE_1.19.0/STM32CubeIDE/plugins/com.st.stm32cube.ide.mcu.externaltools.gnu-tools-for-stm32.13.3.rel1.win32_1.0.0.202411081344/tools/bin/../lib/gcc/arm-none-eabi/13.3.1/thumb/v7e-m+fp/hard\libgcc.a(_aeabi_uldivmod.o)
                0x080001c8                __aeabi_uldivmod
 .text          0x080001f8      0x2f8 C:/ST/STM32CubeIDE_1.19.0/STM32CubeIDE/plugins/com.st.stm32cube.ide.mcu.externaltools.gnu-tools-for-stm32.13.3.rel1.win32_1.0.0.202411081344/tools/bin/../lib/gcc/arm-none-eabi/13.3.1/thumb/v7e-m+fp/hard\libgcc.a(_udivmoddi4.o)
                0x080001f8                __udivmoddi4
 .text          0x080004f0        0x4 C:/ST/STM32CubeIDE_1.19.0/STM32CubeIDE/plugins/com.st.stm32cube.ide.mcu.externaltools.gnu-tools-for-stm32.13.3.rel1.win32_1.0.0.202411081344/tools/bin/../lib/gcc/arm-none-eabi/13.3.1/thumb/v7e-m+fp/hard\libgcc.a(_dvmd_tls.o)
                0x080004f0                __aeabi_idiv0
                0x080004f0                __aeabi_ldiv0
 *(.text*)
 .text.audio_init
                0x080004f4       0x28 ./Core/Src/audio_player.o
                0x080004f4                audio_init
 .text.audio_start
                0x0800051c       0x48 ./Core/Src/audio_player.o
                0x0800051c                audio_start
 .text.audio_feed
                0x08000564      0x160 ./Core/Src/audio_player.o
                0x08000564                audio_feed
 .text.HAL_SAI_TxHalfCpltCallback
                0x080006c4       0x20 ./Core/Src/audio_player.o
                0x080006c4                HAL_SAI_TxHalfCpltCallback
 .text.HAL_SAI_TxCpltCallback
                0x080006e4       0x20 ./Core/Src/audio_player.o
                0x080006e4                HAL_SAI_TxCpltCallback
 .text.xmp3_SetBitstreamPointer
                0x08000704       0x30 ./Core/Src/bitstream.o
                0x08000704                xmp3_SetBitstreamPointer
 .text.RefillBitstreamCache
                0x08000734       0xe0 ./Core/Src/bitstream.o
 .text.xmp3_GetBits
                0x08000814       0x90 ./Core/Src/bitstream.o
                0x08000814                xmp3_GetBits
 .text.xmp3_CheckPadBit
                0x080008a4       0x3c ./Core/Src/bitstream.o
                0x080008a4                xmp3_CheckPadBit
 .text.xmp3_UnpackFrameHeader
                0x080008e0      0x304 ./Core/Src/bitstream.o
                0x080008e0                xmp3_UnpackFrameHeader
 .text.xmp3_UnpackSideInfo
                0x08000be4      0x33c ./Core/Src/bitstream.o
                0x08000be4                xmp3_UnpackSideInfo
 .text.xmp3_Dequantize
                0x08000f20      0x398 ./Core/Src/dequant.o
                0x08000f20                xmp3_Dequantize
 .text.DecodeHuffmanPairs
                0x080012b8      0x5d8 ./Core/Src/huffman.o
 .text.DecodeHuffmanQuads
                0x08001890      0x27c ./Core/Src/huffman.o
 .text.xmp3_DecodeHuffman
                0x08001b0c      0x2d0 ./Core/Src/huffman.o
                0x08001b0c                xmp3_DecodeHuffman
 .text.AntiAlias
                0x08001ddc      0xb04 ./Core/Src/imdct.o
 .text.WinPrevious
                0x080028e0      0x638 ./Core/Src/imdct.o
 .text.FreqInvertRescale
                0x08002f18      0x38c ./Core/Src/imdct.o
 .text.idct9    0x080032a4      0x58c ./Core/Src/imdct.o
 .text.IMDCT36  0x08003830      0x670 ./Core/Src/imdct.o
 .text.imdct12  0x08003ea0      0x1d0 ./Core/Src/imdct.o
 .text.IMDCT12x3
                0x08004070      0x650 ./Core/Src/imdct.o
 .text.HybridTransform
                0x080046c0      0x2e0 ./Core/Src/imdct.o
 .text.xmp3_IMDCT
                0x080049a0      0x2b8 ./Core/Src/imdct.o
                0x080049a0                xmp3_IMDCT
 .text.main     0x08004c58       0x4c ./Core/Src/main.o
                0x08004c58                main
 .text.SystemClock_Config
                0x08004ca4       0x8c ./Core/Src/main.o
                0x08004ca4                SystemClock_Config
 .text.MX_SAI1_Init
                0x08004d30       0x6c ./Core/Src/main.o
 .text.MX_SPI1_Init
                0x08004d9c       0x7c ./Core/Src/main.o
 .text.MX_USART2_UART_Init
                0x08004e18       0x60 ./Core/Src/main.o
 .text.MX_DMA_Init
                0x08004e78       0x3c ./Core/Src/main.o
 .text.MX_GPIO_Init
                0x08004eb4       0x94 ./Core/Src/main.o
 .text.Error_Handler
                0x08004f48        0xc ./Core/Src/main.o
                0x08004f48                Error_Handler
 .text.MP3InitDecoder
                0x08004f54       0x16 ./Core/Src/mp3dec.o
                0x08004f54                MP3InitDecoder
 .text.MP3FindSyncWord
                0x08004f6a       0x52 ./Core/Src/mp3dec.o
                0x08004f6a                MP3FindSyncWord
 .text.MP3FindFreeSync
                0x08004fbc       0xa0 ./Core/Src/mp3dec.o
 .text.MP3GetLastFrameInfo
                0x0800505c       0xc0 ./Core/Src/mp3dec.o
                0x0800505c                MP3GetLastFrameInfo
 .text.MP3ClearBadFrame
                0x0800511c       0x56 ./Core/Src/mp3dec.o
 .text.MP3Decode
                0x08005172      0x430 ./Core/Src/mp3dec.o
                0x08005172                MP3Decode
 *fill*         0x080055a2        0x2 
 .text.HAL_MspInit
                0x080055a4       0x48 ./Core/Src/stm32l4xx_hal_msp.o
                0x080055a4                HAL_MspInit
 .text.HAL_SPI_MspInit
                0x080055ec       0x84 ./Core/Src/stm32l4xx_hal_msp.o
                0x080055ec                HAL_SPI_MspInit
 .text.HAL_UART_MspInit
                0x08005670       0xb8 ./Core/Src/stm32l4xx_hal_msp.o
                0x08005670                HAL_UART_MspInit
 .text.HAL_SAI_MspInit
                0x08005728      0x168 ./Core/Src/stm32l4xx_hal_msp.o
                0x08005728                HAL_SAI_MspInit
 .text.NMI_Handler
                0x08005890        0x8 ./Core/Src/stm32l4xx_it.o
                0x08005890                NMI_Handler
 .text.HardFault_Handler
                0x08005898        0x8 ./Core/Src/stm32l4xx_it.o
                0x08005898                HardFault_Handler
 .text.MemManage_Handler
                0x080058a0        0x8 ./Core/Src/stm32l4xx_it.o
                0x080058a0                MemManage_Handler
 .text.BusFault_Handler
                0x080058a8        0x8 ./Core/Src/stm32l4xx_it.o
                0x080058a8                BusFault_Handler
 .text.UsageFault_Handler
                0x080058b0        0x8 ./Core/Src/stm32l4xx_it.o
                0x080058b0                UsageFault_Handler
 .text.SVC_Handler
                0x080058b8        0xe ./Core/Src/stm32l4xx_it.o
                0x080058b8                SVC_Handler
 .text.DebugMon_Handler
                0x080058c6        0xe ./Core/Src/stm32l4xx_it.o
                0x080058c6                DebugMon_Handler
 .text.PendSV_Handler
                0x080058d4        0xe ./Core/Src/stm32l4xx_it.o
                0x080058d4                PendSV_Handler
 .text.SysTick_Handler
                0x080058e2        0xc ./Core/Src/stm32l4xx_it.o
                0x080058e2                SysTick_Handler
 *fill*         0x080058ee        0x2 
 .text.DMA2_Channel1_IRQHandler
                0x080058f0       0x14 ./Core/Src/stm32l4xx_it.o
                0x080058f0                DMA2_Channel1_IRQHandler
 .text.SystemInit
                0x08005904       0x24 ./Core/Src/system_stm32l4xx.o
                0x08005904                SystemInit
 .text.Reset_Handler
                0x08005928       0x50 ./Core/Startup/startup_stm32l476rgtx.o
                0x08005928                Reset_Handler
 .text.Default_Handler
                0x08005978        0x2 ./Core/Startup/startup_stm32l476rgtx.o
                0x08005978                RTC_Alarm_IRQHandler
                0x08005978                EXTI2_IRQHandler
                0x08005978                TIM8_TRG_COM_IRQHandler
                0x08005978                TIM8_CC_IRQHandler
                0x08005978                TIM1_CC_IRQHandler
                0x08005978                TSC_IRQHandler
                0x08005978                TAMP_STAMP_IRQHandler
                0x08005978                EXTI3_IRQHandler
                0x08005978                LPTIM2_IRQHandler
                0x08005978                DFSDM1_FLT1_IRQHandler
                0x08005978                I2C3_ER_IRQHandler
                0x08005978                DFSDM1_FLT2_IRQHandler
                0x08005978                EXTI0_IRQHandler
                0x08005978                I2C2_EV_IRQHandler
                0x08005978                CAN1_RX0_IRQHandler
                0x08005978                FPU_IRQHandler
                0x08005978                TIM1_UP_TIM16_IRQHandler
                0x08005978                ADC1_2_IRQHandler
                0x08005978                SPI1_IRQHandler
                0x08005978                TIM6_DAC_IRQHandler
                0x08005978                TIM8_UP_IRQHandler
                0x08005978                DMA2_Channel2_IRQHandler
                0x08005978                DMA1_Channel4_IRQHandler
                0x08005978                SAI2_IRQHandler
                0x08005978                DFSDM1_FLT3_IRQHandler
                0x08005978                USART3_IRQHandler
                0x08005978                DMA1_Channel7_IRQHandler
                0x08005978                CAN1_RX1_IRQHandler
                0x08005978                LCD_IRQHandler
                0x08005978                UART5_IRQHandler
                0x08005978                ADC3_IRQHandler
                0x08005978                TIM4_IRQHandler
                0x08005978                QUADSPI_IRQHandler
                0x08005978                I2C1_EV_IRQHandler
                0x08005978                DMA1_Channel6_IRQHandler
                0x08005978                UART4_IRQHandler
                0x08005978                DMA2_Channel4_IRQHandler
                0x08005978                TIM3_IRQHandler
                0x08005978                RCC_IRQHandler
                0x08005978                DMA1_Channel1_IRQHandler
                0x08005978                Default_Handler
                0x08005978                DMA2_Channel7_IRQHandler
                0x08005978                EXTI15_10_IRQHandler
                0x08005978                TIM7_IRQHandler
                0x08005978                SDMMC1_IRQHandler
                0x08005978                TIM5_IRQHandler
                0x08005978                I2C3_EV_IRQHandler
                0x08005978                EXTI9_5_IRQHandler
                0x08005978                RTC_WKUP_IRQHandler
                0x08005978                PVD_PVM_IRQHandler
                0x08005978                SPI2_IRQHandler
                0x08005978                CAN1_TX_IRQHandler
                0x08005978                DMA2_Channel5_IRQHandler
                0x08005978                DMA1_Channel5_IRQHandler
                0x08005978                EXTI4_IRQHandler
                0x08005978                RNG_IRQHandler
                0x08005978                TIM1_TRG_COM_TIM17_IRQHandler
                0x08005978                DMA1_Channel3_IRQHandler
                0x08005978                COMP_IRQHandler
                0x08005978                WWDG_IRQHandler
                0x08005978                LPUART1_IRQHandler
                0x08005978                DMA2_Channel6_IRQHandler
                0x08005978                TIM2_IRQHandler
                0x08005978                EXTI1_IRQHandler
                0x08005978                USART2_IRQHandler
                0x08005978                DFSDM1_FLT0_IRQHandler
                0x08005978                I2C2_ER_IRQHandler
                0x08005978                DMA1_Channel2_IRQHandler
                0x08005978                TIM8_BRK_IRQHandler
                0x08005978                CAN1_SCE_IRQHandler
                0x08005978                FLASH_IRQHandler
                0x08005978                USART1_IRQHandler
                0x08005978                OTG_FS_IRQHandler
                0x08005978                SPI3_IRQHandler
                0x08005978                I2C1_ER_IRQHandler
                0x08005978                FMC_IRQHandler
                0x08005978                SWPMI1_IRQHandler
                0x08005978                LPTIM1_IRQHandler
                0x08005978                SAI1_IRQHandler
                0x08005978                DMA2_Channel3_IRQHandler
                0x08005978                TIM1_BRK_TIM15_IRQHandler
 .text.HAL_Init
                0x0800597a       0x30 ./Drivers/STM32L4xx_HAL_Driver/Src/stm32l4xx_hal.o
                0x0800597a                HAL_Init
 *fill*         0x080059aa        0x2 
 .text.HAL_InitTick
                0x080059ac       0x78 ./Drivers/STM32L4xx_HAL_Driver/Src/stm32l4xx_hal.o
                0x080059ac                HAL_InitTick
 .text.HAL_IncTick
                0x08005a24       0x28 ./Drivers/STM32L4xx_HAL_Driver/Src/stm32l4xx_hal.o
                0x08005a24                HAL_IncTick
 .text.HAL_GetTick
                0x08005a4c       0x18 ./Drivers/STM32L4xx_HAL_Driver/Src/stm32l4xx_hal.o
                0x08005a4c                HAL_GetTick
 .text.__NVIC_SetPriorityGrouping
                0x08005a64       0x48 ./Drivers/STM32L4xx_HAL_Driver/Src/stm32l4xx_hal_cortex.o
 .text.__NVIC_GetPriorityGrouping
                0x08005aac       0x1c ./Drivers/STM32L4xx_HAL_Driver/Src/stm32l4xx_hal_cortex.o
 .text.__NVIC_EnableIRQ
                0x08005ac8       0x3c ./Drivers/STM32L4xx_HAL_Driver/Src/stm32l4xx_hal_cortex.o
 .text.__NVIC_SetPriority
                0x08005b04       0x54 ./Drivers/STM32L4xx_HAL_Driver/Src/stm32l4xx_hal_cortex.o
 .text.NVIC_EncodePriority
                0x08005b58       0x66 ./Drivers/STM32L4xx_HAL_Driver/Src/stm32l4xx_hal_cortex.o
 *fill*         0x08005bbe        0x2 
 .text.SysTick_Config
                0x08005bc0       0x44 ./Drivers/STM32L4xx_HAL_Driver/Src/stm32l4xx_hal_cortex.o
 .text.HAL_NVIC_SetPriorityGrouping
                0x08005c04       0x16 ./Drivers/STM32L4xx_HAL_Driver/Src/stm32l4xx_hal_cortex.o
                0x08005c04                HAL_NVIC_SetPriorityGrouping
 .text.HAL_NVIC_SetPriority
                0x08005c1a       0x38 ./Drivers/STM32L4xx_HAL_Driver/Src/stm32l4xx_hal_cortex.o
                0x08005c1a                HAL_NVIC_SetPriority
 .text.HAL_NVIC_EnableIRQ
                0x08005c52       0x1c ./Drivers/STM32L4xx_HAL_Driver/Src/stm32l4xx_hal_cortex.o
                0x08005c52                HAL_NVIC_EnableIRQ
 .text.HAL_SYSTICK_Config
                0x08005c6e       0x18 ./Drivers/STM32L4xx_HAL_Driver/Src/stm32l4xx_hal_cortex.o
                0x08005c6e                HAL_SYSTICK_Config
 *fill*         0x08005c86        0x2 
 .text.HAL_DMA_Init
                0x08005c88      0x170 ./Drivers/STM32L4xx_HAL_Driver/Src/stm32l4xx_hal_dma.o
                0x08005c88                HAL_DMA_Init
 .text.HAL_DMA_Start_IT
                0x08005df8       0xc0 ./Drivers/STM32L4xx_HAL_Driver/Src/stm32l4xx_hal_dma.o
                0x08005df8                HAL_DMA_Start_IT
 .text.HAL_DMA_IRQHandler
                0x08005eb8      0x15e ./Drivers/STM32L4xx_HAL_Driver/Src/stm32l4xx_hal_dma.o
                0x08005eb8                HAL_DMA_IRQHandler
 .text.DMA_SetConfig
                0x08006016       0x60 ./Drivers/STM32L4xx_HAL_Driver/Src/stm32l4xx_hal_dma.o
 *fill*         0x08006076        0x2 
 .text.HAL_GPIO_Init
                0x08006078      0x354 ./Drivers/STM32L4xx_HAL_Driver/Src/stm32l4xx_hal_gpio.o
                0x08006078                HAL_GPIO_Init
 .text.HAL_GPIO_WritePin
                0x080063cc       0x30 ./Drivers/STM32L4xx_HAL_Driver/Src/stm32l4xx_hal_gpio.o
                0x080063cc                HAL_GPIO_WritePin
 .text.HAL_PWREx_GetVoltageRange
                0x080063fc       0x1c ./Drivers/STM32L4xx_HAL_Driver/Src/stm32l4xx_hal_pwr_ex.o
                0x080063fc                HAL_PWREx_GetVoltageRange
 .text.HAL_PWREx_ControlVoltageScaling
                0x08006418       0xac ./Drivers/STM32L4xx_HAL_Driver/Src/stm32l4xx_hal_pwr_ex.o
                0x08006418                HAL_PWREx_ControlVoltageScaling
 .text.HAL_RCC_OscConfig
                0x080064c4      0x7b8 ./Drivers/STM32L4xx_HAL_Driver/Src/stm32l4xx_hal_rcc.o
                0x080064c4                HAL_RCC_OscConfig
 .text.HAL_RCC_ClockConfig
                0x08006c7c      0x200 ./Drivers/STM32L4xx_HAL_Driver/Src/stm32l4xx_hal_rcc.o
                0x08006c7c                HAL_RCC_ClockConfig
 .text.HAL_RCC_GetSysClockFreq
                0x08006e7c      0x118 ./Drivers/STM32L4xx_HAL_Driver/Src/stm32l4xx_hal_rcc.o
                0x08006e7c                HAL_RCC_GetSysClockFreq
 .text.HAL_RCC_GetHCLKFreq
                0x08006f94       0x18 ./Drivers/STM32L4xx_HAL_Driver/Src/stm32l4xx_hal_rcc.o
                0x08006f94                HAL_RCC_GetHCLKFreq
 .text.HAL_RCC_GetPCLK1Freq
                0x08006fac       0x2c ./Drivers/STM32L4xx_HAL_Driver/Src/stm32l4xx_hal_rcc.o
                0x08006fac                HAL_RCC_GetPCLK1Freq
 .text.HAL_RCC_GetPCLK2Freq
                0x08006fd8       0x2c ./Drivers/STM32L4xx_HAL_Driver/Src/stm32l4xx_hal_rcc.o
                0x08006fd8                HAL_RCC_GetPCLK2Freq
 .text.RCC_SetFlashLatencyFromMSIRange
                0x08007004       0xc0 ./Drivers/STM32L4xx_HAL_Driver/Src/stm32l4xx_hal_rcc.o
 .text.HAL_RCCEx_PeriphCLKConfig
                0x080070c4      0x5d4 ./Drivers/STM32L4xx_HAL_Driver/Src/stm32l4xx_hal_rcc_ex.o
                0x080070c4                HAL_RCCEx_PeriphCLKConfig
 .text.HAL_RCCEx_GetPeriphCLKFreq
                0x08007698      0xadc ./Drivers/STM32L4xx_HAL_Driver/Src/stm32l4xx_hal_rcc_ex.o
                0x08007698                HAL_RCCEx_GetPeriphCLKFreq
 .text.RCCEx_PLLSAI1_Config
                0x08008174      0x1e8 ./Drivers/STM32L4xx_HAL_Driver/Src/stm32l4xx_hal_rcc_ex.o
 .text.RCCEx_PLLSAI2_Config
                0x0800835c      0x1bc ./Drivers/STM32L4xx_HAL_Driver/Src/stm32l4xx_hal_rcc_ex.o
 .text.RCCEx_GetSAIxPeriphCLKFreq
                0x08008518      0x1e0 ./Drivers/STM32L4xx_HAL_Driver/Src/stm32l4xx_hal_rcc_ex.o
 .text.HAL_SAI_InitProtocol
                0x080086f8       0x62 ./Drivers/STM32L4xx_HAL_Driver/Src/stm32l4xx_hal_sai.o
                0x080086f8                HAL_SAI_InitProtocol
 *fill*         0x0800875a        0x2 
 .text.HAL_SAI_Init
                0x0800875c      0x2e4 ./Drivers/STM32L4xx_HAL_Driver/Src/stm32l4xx_hal_sai.o
                0x0800875c                HAL_SAI_Init
 .text.HAL_SAI_Transmit_DMA
                0x08008a40      0x160 ./Drivers/STM32L4xx_HAL_Driver/Src/stm32l4xx_hal_sai.o
                0x08008a40                HAL_SAI_Transmit_DMA
 .text.HAL_SAI_ErrorCallback
                0x08008ba0       0x14 ./Drivers/STM32L4xx_HAL_Driver/Src/stm32l4xx_hal_sai.o
                0x08008ba0                HAL_SAI_ErrorCallback
 .text.SAI_InitI2S
                0x08008bb4      0x164 ./Drivers/STM32L4xx_HAL_Driver/Src/stm32l4xx_hal_sai.o
 .text.SAI_InitPCM
                0x08008d18      0x104 ./Drivers/STM32L4xx_HAL_Driver/Src/stm32l4xx_hal_sai.o
 .text.SAI_InterruptFlag
                0x08008e1c       0x6e ./Drivers/STM32L4xx_HAL_Driver/Src/stm32l4xx_hal_sai.o
 *fill*         0x08008e8a        0x2 
 .text.SAI_Disable
                0x08008e8c       0x74 ./Drivers/STM32L4xx_HAL_Driver/Src/stm32l4xx_hal_sai.o
 .text.SAI_DMATxCplt
                0x08008f00       0x5e ./Drivers/STM32L4xx_HAL_Driver/Src/stm32l4xx_hal_sai.o
 .text.SAI_DMATxHalfCplt
                0x08008f5e       0x1c ./Drivers/STM32L4xx_HAL_Driver/Src/stm32l4xx_hal_sai.o
 .text.SAI_DMAError
                0x08008f7a       0x52 ./Drivers/STM32L4xx_HAL_Driver/Src/stm32l4xx_hal_sai.o
 .text.HAL_SPI_Init
                0x08008fcc      0x146 ./Drivers/STM32L4xx_HAL_Driver/Src/stm32l4xx_hal_spi.o
                0x08008fcc                HAL_SPI_Init
 .text.HAL_SPI_Transmit
                0x08009112      0x2ec ./Drivers/STM32L4xx_HAL_Driver/Src/stm32l4xx_hal_spi.o
                0x08009112                HAL_SPI_Transmit
 .text.HAL_SPI_TransmitReceive
                0x080093fe      0x43e ./Drivers/STM32L4xx_HAL_Driver/Src/stm32l4xx_hal_spi.o
                0x080093fe                HAL_SPI_TransmitReceive
 .text.SPI_WaitFlagStateUntilTimeout
                0x0800983c      0x110 ./Drivers/STM32L4xx_HAL_Driver/Src/stm32l4xx_hal_spi.o
 .text.SPI_WaitFifoStateUntilTimeout
                0x0800994c      0x12c ./Drivers/STM32L4xx_HAL_Driver/Src/stm32l4xx_hal_spi.o
 .text.SPI_EndRxTxTransaction
                0x08009a78       0x8c ./Drivers/STM32L4xx_HAL_Driver/Src/stm32l4xx_hal_spi.o
 .text.HAL_UART_Init
                0x08009b04       0x9c ./Drivers/STM32L4xx_HAL_Driver/Src/stm32l4xx_hal_uart.o
                0x08009b04                HAL_UART_Init
 .text.UART_SetConfig
                0x08009ba0      0x570 ./Drivers/STM32L4xx_HAL_Driver/Src/stm32l4xx_hal_uart.o
                0x08009ba0                UART_SetConfig
 .text.UART_AdvFeatureConfig
                0x0800a110      0x144 ./Drivers/STM32L4xx_HAL_Driver/Src/stm32l4xx_hal_uart.o
                0x0800a110                UART_AdvFeatureConfig
 .text.UART_CheckIdleState
                0x0800a254      0x150 ./Drivers/STM32L4xx_HAL_Driver/Src/stm32l4xx_hal_uart.o
                0x0800a254                UART_CheckIdleState
 .text.UART_WaitOnFlagUntilTimeout
                0x0800a3a4       0xda ./Drivers/STM32L4xx_HAL_Driver/Src/stm32l4xx_hal_uart.o
                0x0800a3a4                UART_WaitOnFlagUntilTimeout
 .text.UART_EndRxTransfer
                0x0800a47e       0xc8 ./Drivers/STM32L4xx_HAL_Driver/Src/stm32l4xx_hal_uart.o
 *fill*         0x0800a546        0x2 
 .text.MX_FATFS_Init
                0x0800a548       0x24 ./FATFS/App/fatfs.o
                0x0800a548                MX_FATFS_Init
 .text.get_fattime
                0x0800a56c       0x10 ./FATFS/App/fatfs.o
                0x0800a56c                get_fattime
 .text.USER_initialize
                0x0800a57c       0x1c ./FATFS/Target/user_diskio.o
                0x0800a57c                USER_initialize
 .text.USER_status
                0x0800a598       0x1c ./FATFS/Target/user_diskio.o
                0x0800a598                USER_status
 .text.USER_read
                0x0800a5b4       0x26 ./FATFS/Target/user_diskio.o
                0x0800a5b4                USER_read
 .text.USER_write
                0x0800a5da       0x26 ./FATFS/Target/user_diskio.o
                0x0800a5da                USER_write
 .text.USER_ioctl
                0x0800a600       0x26 ./FATFS/Target/user_diskio.o
                0x0800a600                USER_ioctl
 *fill*         0x0800a626        0x2 
 .text.SPI_Timer_On
                0x0800a628       0x28 ./FATFS/Target/user_diskio_spi.o
                0x0800a628                SPI_Timer_On
 .text.SPI_Timer_Status
                0x0800a650       0x2c ./FATFS/Target/user_diskio_spi.o
                0x0800a650                SPI_Timer_Status
 .text.xchg_spi
                0x0800a67c       0x2c ./FATFS/Target/user_diskio_spi.o
 .text.rcvr_spi_multi
                0x0800a6a8       0x38 ./FATFS/Target/user_diskio_spi.o
 .text.xmit_spi_multi
                0x0800a6e0       0x28 ./FATFS/Target/user_diskio_spi.o
 .text.wait_ready
                0x0800a708       0x46 ./FATFS/Target/user_diskio_spi.o
 .text.despiselect
                0x0800a74e       0x1a ./FATFS/Target/user_diskio_spi.o
 .text.spiselect
                0x0800a768       0x32 ./FATFS/Target/user_diskio_spi.o
 .text.rcvr_datablock
                0x0800a79a       0x52 ./FATFS/Target/user_diskio_spi.o
 .text.xmit_datablock
                0x0800a7ec       0x64 ./FATFS/Target/user_diskio_spi.o
 .text.send_cmd
                0x0800a850       0xde ./FATFS/Target/user_diskio_spi.o
 *fill*         0x0800a92e        0x2 
 .text.USER_SPI_initialize
                0x0800a930      0x1d8 ./FATFS/Target/user_diskio_spi.o
                0x0800a930                USER_SPI_initialize
 .text.USER_SPI_status
                0x0800ab08       0x2c ./FATFS/Target/user_diskio_spi.o
                0x0800ab08                USER_SPI_status
 .text.USER_SPI_read
                0x0800ab34       0xcc ./FATFS/Target/user_diskio_spi.o
                0x0800ab34                USER_SPI_read
 .text.USER_SPI_write
                0x0800ac00       0xf8 ./FATFS/Target/user_diskio_spi.o
                0x0800ac00                USER_SPI_write
 .text.USER_SPI_ioctl
                0x0800acf8      0x2e0 ./FATFS/Target/user_diskio_spi.o
                0x0800acf8                USER_SPI_ioctl
 .text.disk_status
                0x0800afd8       0x34 ./Middlewares/Third_Party/FatFs/src/diskio.o
                0x0800afd8                disk_status
 .text.disk_initialize
                0x0800b00c       0x4c ./Middlewares/Third_Party/FatFs/src/diskio.o
                0x0800b00c                disk_initialize
 .text.disk_read
                0x0800b058       0x40 ./Middlewares/Third_Party/FatFs/src/diskio.o
                0x0800b058                disk_read
 .text.disk_write
                0x0800b098       0x40 ./Middlewares/Third_Party/FatFs/src/diskio.o
                0x0800b098                disk_write
 .text.ld_word  0x0800b0d8       0x32 ./Middlewares/Third_Party/FatFs/src/ff.o
 .text.ld_dword
                0x0800b10a       0x46 ./Middlewares/Third_Party/FatFs/src/ff.o
 .text.st_word  0x0800b150       0x36 ./Middlewares/Third_Party/FatFs/src/ff.o
 .text.st_dword
                0x0800b186       0x58 ./Middlewares/Third_Party/FatFs/src/ff.o
 .text.mem_cpy  0x0800b1de       0x42 ./Middlewares/Third_Party/FatFs/src/ff.o
 .text.mem_set  0x0800b220       0x36 ./Middlewares/Third_Party/FatFs/src/ff.o
 .text.mem_cmp  0x0800b256       0x4e ./Middlewares/Third_Party/FatFs/src/ff.o
 .text.chk_chr  0x0800b2a4       0x36 ./Middlewares/Third_Party/FatFs/src/ff.o
 *fill*         0x0800b2da        0x2 
 .text.chk_lock
                0x0800b2dc       0xb8 ./Middlewares/Third_Party/FatFs/src/ff.o
 .text.enq_lock
                0x0800b394       0x44 ./Middlewares/Third_Party/FatFs/src/ff.o
 .text.inc_lock
                0x0800b3d8      0x11c ./Middlewares/Third_Party/FatFs/src/ff.o
 .text.clear_lock
                0x0800b4f4       0x48 ./Middlewares/Third_Party/FatFs/src/ff.o
 .text.sync_window
                0x0800b53c       0x88 ./Middlewares/Third_Party/FatFs/src/ff.o
 .text.move_window
                0x0800b5c4       0x5a ./Middlewares/Third_Party/FatFs/src/ff.o
 .text.clust2sect
                0x0800b61e       0x3e ./Middlewares/Third_Party/FatFs/src/ff.o
 .text.get_fat  0x0800b65c      0x14e ./Middlewares/Third_Party/FatFs/src/ff.o
 .text.put_fat  0x0800b7aa      0x1d4 ./Middlewares/Third_Party/FatFs/src/ff.o
 .text.remove_chain
                0x0800b97e       0xca ./Middlewares/Third_Party/FatFs/src/ff.o
 .text.create_chain
                0x0800ba48      0x130 ./Middlewares/Third_Party/FatFs/src/ff.o
 .text.clmt_clust
                0x0800bb78       0x68 ./Middlewares/Third_Party/FatFs/src/ff.o
 .text.dir_sdi  0x0800bbe0       0xf6 ./Middlewares/Third_Party/FatFs/src/ff.o
 .text.dir_next
                0x0800bcd6      0x18a ./Middlewares/Third_Party/FatFs/src/ff.o
 .text.dir_alloc
                0x0800be60       0x8e ./Middlewares/Third_Party/FatFs/src/ff.o
 .text.ld_clust
                0x0800beee       0x3e ./Middlewares/Third_Party/FatFs/src/ff.o
 .text.st_clust
                0x0800bf2c       0x40 ./Middlewares/Third_Party/FatFs/src/ff.o
 .text.dir_find
                0x0800bf6c       0xaa ./Middlewares/Third_Party/FatFs/src/ff.o
 .text.dir_register
                0x0800c016       0x64 ./Middlewares/Third_Party/FatFs/src/ff.o
 *fill*         0x0800c07a        0x2 
 .text.create_name
                0x0800c07c      0x128 ./Middlewares/Third_Party/FatFs/src/ff.o
 .text.follow_path
                0x0800c1a4       0xe2 ./Middlewares/Third_Party/FatFs/src/ff.o
 .text.get_ldnumber
                0x0800c286       0x88 ./Middlewares/Third_Party/FatFs/src/ff.o
 *fill*         0x0800c30e        0x2 
 .text.check_fs
                0x0800c310       0xac ./Middlewares/Third_Party/FatFs/src/ff.o
 .text.find_volume
                0x0800c3bc      0x498 ./Middlewares/Third_Party/FatFs/src/ff.o
 .text.validate
                0x0800c854       0x6a ./Middlewares/Third_Party/FatFs/src/ff.o
 .text.f_open   0x0800c8be      0x374 ./Middlewares/Third_Party/FatFs/src/ff.o
                0x0800c8be                f_open
 .text.f_read   0x0800cc32      0x27e ./Middlewares/Third_Party/FatFs/src/ff.o
                0x0800cc32                f_read
 .text.FATFS_LinkDriverEx
                0x0800ceb0       0x98 ./Middlewares/Third_Party/FatFs/src/ff_gen_drv.o
                0x0800ceb0                FATFS_LinkDriverEx
 .text.FATFS_LinkDriver
                0x0800cf48       0x1e ./Middlewares/Third_Party/FatFs/src/ff_gen_drv.o
                0x0800cf48                FATFS_LinkDriver
 .text.memmove  0x0800cf66       0x34 C:/ST/STM32CubeIDE_1.19.0/STM32CubeIDE/plugins/com.st.stm32cube.ide.mcu.externaltools.gnu-tools-for-stm32.13.3.rel1.win32_1.0.0.202411081344/tools/bin/../lib/gcc/arm-none-eabi/13.3.1/../../../../arm-none-eabi/lib/thumb/v7e-m+fp/hard\libc_nano.a(libc_a-memmove.o)
                0x0800cf66                memmove
 .text.memset   0x0800cf9a       0x10 C:/ST/STM32CubeIDE_1.19.0/STM32CubeIDE/plugins/com.st.stm32cube.ide.mcu.externaltools.gnu-tools-for-stm32.13.3.rel1.win32_1.0.0.202411081344/tools/bin/../lib/gcc/arm-none-eabi/13.3.1/../../../../arm-none-eabi/lib/thumb/v7e-m+fp/hard\libc_nano.a(libc_a-memset.o)
                0x0800cf9a                memset
 *fill*         0x0800cfaa        0x2 
 .text.__libc_init_array
                0x0800cfac       0x48 C:/ST/STM32CubeIDE_1.19.0/STM32CubeIDE/plugins/com.st.stm32cube.ide.mcu.externaltools.gnu-tools-for-stm32.13.3.rel1.win32_1.0.0.202411081344/tools/bin/../lib/gcc/arm-none-eabi/13.3.1/../../../../arm-none-eabi/lib/thumb/v7e-m+fp/hard\libc_nano.a(libc_a-init.o)
                0x0800cfac                __libc_init_array
 .text.memcpy   0x0800cff4       0x1c C:/ST/STM32CubeIDE_1.19.0/STM32CubeIDE/plugins/com.st.stm32cube.ide.mcu.externaltools.gnu-tools-for-stm32.13.3.rel1.win32_1.0.0.202411081344/tools/bin/../lib/gcc/arm-none-eabi/13.3.1/../../../../arm-none-eabi/lib/thumb/v7e-m+fp/hard\libc_nano.a(libc_a-memcpy-stub.o)
                0x0800cff4                memcpy
 *(.glue_7)
 .glue_7        0x0800d010        0x0 linker stubs
 *(.glue_7t)
 .glue_7t       0x0800d010        0x0 linker stubs
 *(.eh_frame)
 .eh_frame      0x0800d010        0x0 C:/ST/STM32CubeIDE_1.19.0/STM32CubeIDE/plugins/com.st.stm32cube.ide.mcu.externaltools.gnu-tools-for-stm32.13.3.rel1.win32_1.0.0.202411081344/tools/bin/../lib/gcc/arm-none-eabi/13.3.1/thumb/v7e-m+fp/hard/crtbegin.o
 *(.init)
 .init          0x0800d010        0x4 C:/ST/STM32CubeIDE_1.19.0/STM32CubeIDE/plugins/com.st.stm32cube.ide.mcu.externaltools.gnu-tools-for-stm32.13.3.rel1.win32_1.0.0.202411081344/tools/bin/../lib/gcc/arm-none-eabi/13.3.1/thumb/v7e-m+fp/hard/crti.o
                0x0800d010                _init
 .init          0x0800d014        0x8 C:/ST/STM32CubeIDE_1.19.0/STM32CubeIDE/plugins/com.st.stm32cube.ide.mcu.externaltools.gnu-tools-for-stm32.13.3.rel1.win32_1.0.0.202411081344/tools/bin/../lib/gcc/arm-none-eabi/13.3.1/thumb/v7e-m+fp/hard/crtn.o
 *(.fini)
 .fini          0x0800d01c        0x4 C:/ST/STM32CubeIDE_1.19.0/STM32CubeIDE/plugins/com.st.stm32cube.ide.mcu.externaltools.gnu-tools-for-stm32.13.3.rel1.win32_1.0.0.202411081344/tools/bin/../lib/gcc/arm-none-eabi/13.3.1/thumb/v7e-m+fp/hard/crti.o
                0x0800d01c                _fini
 .fini          0x0800d020        0x8 C:/ST/STM32CubeIDE_1.19.0/STM32CubeIDE/plugins/com.st.stm32cube.ide.mcu.externaltools.gnu-tools-for-stm32.13.3.rel1.win32_1.0.0.202411081344/tools/bin/../lib/gcc/arm-none-eabi/13.3.1/thumb/v7e-m+fp/hard/crtn.o
                0x0800d028                        . = ALIGN (0x4)
                0x0800d028                        _etext = .

.vfp11_veneer   0x0800d028        0x0
 .vfp11_veneer  0x0800d028        0x0 linker stubs

.v4_bx          0x0800d028        0x0
 .v4_bx         0x0800d028        0x0 linker stubs

.iplt           0x0800d028        0x0
 .iplt          0x0800d028        0x0 C:/ST/STM32CubeIDE_1.19.0/STM32CubeIDE/plugins/com.st.stm32cube.ide.mcu.externaltools.gnu-tools-for-stm32.13.3.rel1.win32_1.0.0.202411081344/tools/bin/../lib/gcc/arm-none-eabi/13.3.1/thumb/v7e-m+fp/hard/crtbegin.o

.rodata         0x0800d028     0x26cc
                0x0800d028                        . = ALIGN (0x4)
 *(.rodata)
 .rodata        0x0800d028       0x15 ./Core/Src/main.o
 *fill*         0x0800d03d        0x3 
 .rodata        0x0800d040       0x44 ./Middlewares/Third_Party/FatFs/src/ff.o
 *(.rodata*)
 .rodata.xmp3_huffTable
                0x0800d084     0x2124 ./Core/Src/hufftabs.o
                0x0800d084                xmp3_huffTable
 .rodata.xmp3_huffTabOffset
                0x0800f1a8       0x80 ./Core/Src/hufftabs.o
                0x0800f1a8                xmp3_huffTabOffset
 .rodata.xmp3_huffTabLookup
                0x0800f228      0x100 ./Core/Src/hufftabs.o
                0x0800f228                xmp3_huffTabLookup
 .rodata.xmp3_quadTable
                0x0800f328       0x50 ./Core/Src/hufftabs.o
                0x0800f328                xmp3_quadTable
 .rodata.xmp3_quadTabOffset
                0x0800f378        0x8 ./Core/Src/hufftabs.o
                0x0800f378                xmp3_quadTabOffset
 .rodata.xmp3_quadTabMaxBits
                0x0800f380        0x8 ./Core/Src/hufftabs.o
                0x0800f380                xmp3_quadTabMaxBits
 .rodata.c18    0x0800f388       0x24 ./Core/Src/imdct.o
 .rodata.AHBPrescTable
                0x0800f3ac       0x10 ./Core/Src/system_stm32l4xx.o
                0x0800f3ac                AHBPrescTable
 .rodata.APBPrescTable
                0x0800f3bc        0x8 ./Core/Src/system_stm32l4xx.o
                0x0800f3bc                APBPrescTable
 .rodata.MSIRangeTable
                0x0800f3c4       0x30 ./Core/Src/system_stm32l4xx.o
                0x0800f3c4                MSIRangeTable
 .rodata.xmp3_imdctWin
                0x0800f3f4      0x240 ./Core/Src/trigtabs.o
                0x0800f3f4                xmp3_imdctWin
 .rodata.xmp3_csa
                0x0800f634       0x40 ./Core/Src/trigtabs.o
                0x0800f634                xmp3_csa
 .rodata.ExCvt  0x0800f674       0x80 ./Middlewares/Third_Party/FatFs/src/ff.o
                0x0800f6f4                        . = ALIGN (0x4)

.ARM.extab      0x0800f6f4        0x0
                0x0800f6f4                        . = ALIGN (0x4)
 *(.ARM.extab* .gnu.linkonce.armextab.*)
                0x0800f6f4                        . = ALIGN (0x4)

.ARM            0x0800f6f4        0x8
                0x0800f6f4                        . = ALIGN (0x4)
                0x0800f6f4                        __exidx_start = .
 *(.ARM.exidx*)
 .ARM.exidx     0x0800f6f4        0x8 C:/ST/STM32CubeIDE_1.19.0/STM32CubeIDE/plugins/com.st.stm32cube.ide.mcu.externaltools.gnu-tools-for-stm32.13.3.rel1.win32_1.0.0.202411081344/tools/bin/../lib/gcc/arm-none-eabi/13.3.1/thumb/v7e-m+fp/hard\libgcc.a(_udivmoddi4.o)
                0x0800f6fc                        __exidx_end = .
                0x0800f6fc                        . = ALIGN (0x4)

.preinit_array  0x0800f6fc        0x0
                0x0800f6fc                        . = ALIGN (0x4)
                0x0800f6fc                        PROVIDE (__preinit_array_start = .)
 *(.preinit_array*)
                0x0800f6fc                        PROVIDE (__preinit_array_end = .)
                0x0800f6fc                        . = ALIGN (0x4)

.init_array     0x0800f6fc        0x4
                0x0800f6fc                        . = ALIGN (0x4)
                0x0800f6fc                        PROVIDE (__init_array_start = .)
 *(SORT_BY_NAME(.init_array.*))
 *(.init_array*)
 .init_array    0x0800f6fc        0x4 C:/ST/STM32CubeIDE_1.19.0/STM32CubeIDE/plugins/com.st.stm32cube.ide.mcu.externaltools.gnu-tools-for-stm32.13.3.rel1.win32_1.0.0.202411081344/tools/bin/../lib/gcc/arm-none-eabi/13.3.1/thumb/v7e-m+fp/hard/crtbegin.o
                0x0800f700                        PROVIDE (__init_array_end = .)
                0x0800f700                        . = ALIGN (0x4)

.fini_array     0x0800f700        0x4
                0x0800f700                        . = ALIGN (0x4)
                [!provide]                        PROVIDE (__fini_array_start = .)
 *(SORT_BY_NAME(.fini_array.*))
 *(.fini_array*)
 .fini_array    0x0800f700        0x4 C:/ST/STM32CubeIDE_1.19.0/STM32CubeIDE/plugins/com.st.stm32cube.ide.mcu.externaltools.gnu-tools-for-stm32.13.3.rel1.win32_1.0.0.202411081344/tools/bin/../lib/gcc/arm-none-eabi/13.3.1/thumb/v7e-m+fp/hard/crtbegin.o
                [!provide]                        PROVIDE (__fini_array_end = .)
                0x0800f704                        . = ALIGN (0x4)
                0x0800f704                        _sidata = LOADADDR (.data)

.rel.dyn        0x0800f704        0x0
 .rel.iplt      0x0800f704        0x0 C:/ST/STM32CubeIDE_1.19.0/STM32CubeIDE/plugins/com.st.stm32cube.ide.mcu.externaltools.gnu-tools-for-stm32.13.3.rel1.win32_1.0.0.202411081344/tools/bin/../lib/gcc/arm-none-eabi/13.3.1/thumb/v7e-m+fp/hard/crtbegin.o

.data           0x20000000       0x7c load address 0x0800f704
                0x20000000                        . = ALIGN (0x4)
                0x20000000                        _sdata = .
 *(.data)
 *(.data*)
 .data.fastWin36
                0x20000000       0x48 ./Core/Src/imdct.o
                0x20000000                fastWin36
 .data.c3_0     0x20000048        0x4 ./Core/Src/imdct.o
 .data.c6       0x2000004c        0xc ./Core/Src/imdct.o
 .data.SystemCoreClock
                0x20000058        0x4 ./Core/Src/system_stm32l4xx.o
                0x20000058                SystemCoreClock
 .data.uwTickPrio
                0x2000005c        0x4 ./Drivers/STM32L4xx_HAL_Driver/Src/stm32l4xx_hal.o
                0x2000005c                uwTickPrio
 .data.uwTickFreq
                0x20000060        0x1 ./Drivers/STM32L4xx_HAL_Driver/Src/stm32l4xx_hal.o
                0x20000060                uwTickFreq
 *fill*         0x20000061        0x3 
 .data.USER_Driver
                0x20000064       0x14 ./FATFS/Target/user_diskio.o
                0x20000064                USER_Driver
 .data.Stat     0x20000078        0x1 ./FATFS/Target/user_diskio_spi.o
 *(.RamFunc)
 *(.RamFunc*)
                0x2000007c                        . = ALIGN (0x4)
 *fill*         0x20000079        0x3 
                0x2000007c                        _edata = .

.igot.plt       0x2000007c        0x0 load address 0x0800f780
 .igot.plt      0x2000007c        0x0 C:/ST/STM32CubeIDE_1.19.0/STM32CubeIDE/plugins/com.st.stm32cube.ide.mcu.externaltools.gnu-tools-for-stm32.13.3.rel1.win32_1.0.0.202411081344/tools/bin/../lib/gcc/arm-none-eabi/13.3.1/thumb/v7e-m+fp/hard/crtbegin.o
                0x2000007c                        . = ALIGN (0x4)

.bss            0x2000007c     0x2d84 load address 0x0800f780
                0x2000007c                        _sbss = .
                0x2000007c                        __bss_start__ = _sbss
 *(.bss)
 .bss           0x2000007c       0x1c C:/ST/STM32CubeIDE_1.19.0/STM32CubeIDE/plugins/com.st.stm32cube.ide.mcu.externaltools.gnu-tools-for-stm32.13.3.rel1.win32_1.0.0.202411081344/tools/bin/../lib/gcc/arm-none-eabi/13.3.1/thumb/v7e-m+fp/hard/crtbegin.o
 *(.bss*)
 .bss.decoder   0x20000098        0x4 ./Core/Src/audio_player.o
 .bss.frameInfo
                0x2000009c       0x1c ./Core/Src/audio_player.o
 .bss.current_file
                0x200000b8        0x4 ./Core/Src/audio_player.o
 .bss.mp3_buf   0x200000bc     0x1000 ./Core/Src/audio_player.o
 .bss.pcm_buf   0x200010bc      0x900 ./Core/Src/audio_player.o
 .bss.mp3_buf_bytes
                0x200019bc        0x4 ./Core/Src/audio_player.o
 .bss.mp3_buf_index
                0x200019c0        0x4 ./Core/Src/audio_player.o
 .bss.dma_buffer
                0x200019c4     0x1000 ./Core/Src/audio_player.o
 .bss.dma_half  0x200029c4        0x1 ./Core/Src/audio_player.o
 *fill*         0x200029c5        0x3 
 .bss.hsai_BlockA1
                0x200029c8       0x84 ./Core/Src/main.o
                0x200029c8                hsai_BlockA1
 .bss.hdma_sai1_a
                0x20002a4c       0x48 ./Core/Src/main.o
                0x20002a4c                hdma_sai1_a
 .bss.hspi1     0x20002a94       0x64 ./Core/Src/main.o
                0x20002a94                hspi1
 .bss.huart2    0x20002af8       0x88 ./Core/Src/main.o
                0x20002af8                huart2
 .bss.mp3_file  0x20002b80      0x230 ./Core/Src/main.o
                0x20002b80                mp3_file
 .bss.SAI1_client
                0x20002db0        0x4 ./Core/Src/stm32l4xx_hal_msp.o
 .bss.uwTick    0x20002db4        0x4 ./Drivers/STM32L4xx_HAL_Driver/Src/stm32l4xx_hal.o
                0x20002db4                uwTick
 .bss.retUSER   0x20002db8        0x1 ./FATFS/App/fatfs.o
                0x20002db8                retUSER
 *fill*         0x20002db9        0x3 
 .bss.USERPath  0x20002dbc        0x4 ./FATFS/App/fatfs.o
                0x20002dbc                USERPath
 .bss.CardType  0x20002dc0        0x1 ./FATFS/Target/user_diskio_spi.o
 *fill*         0x20002dc1        0x3 
 .bss.spiTimerTickStart
                0x20002dc4        0x4 ./FATFS/Target/user_diskio_spi.o
                0x20002dc4                spiTimerTickStart
 .bss.spiTimerTickDelay
                0x20002dc8        0x4 ./FATFS/Target/user_diskio_spi.o
                0x20002dc8                spiTimerTickDelay
 .bss.FatFs     0x20002dcc        0x4 ./Middlewares/Third_Party/FatFs/src/ff.o
 .bss.Fsid      0x20002dd0        0x2 ./Middlewares/Third_Party/FatFs/src/ff.o
 *fill*         0x20002dd2        0x2 
 .bss.Files     0x20002dd4       0x20 ./Middlewares/Third_Party/FatFs/src/ff.o
 .bss.disk      0x20002df4        0xc ./Middlewares/Third_Party/FatFs/src/ff_gen_drv.o
                0x20002df4                disk
 *(COMMON)
                0x20002e00                        . = ALIGN (0x4)
                0x20002e00                        _ebss = .
                0x20002e00                        __bss_end__ = _ebss

._user_heap_stack
                0x20002e00      0x600 load address 0x0800f780
                0x20002e00                        . = ALIGN (0x8)
                [!provide]                        PROVIDE (end = .)
                0x20002e00                        PROVIDE (_end = .)
                0x20003000                        . = (. + _Min_Heap_Size)
 *fill*         0x20002e00      0x200 
                0x20003400                        . = (. + _Min_Stack_Size)
 *fill*         0x20003000      0x400 
                0x20003400                        . = ALIGN (0x8)

/DISCARD/
 libc.a(*)
 libm.a(*)
 libgcc.a(*)

.ARM.attributes
                0x00000000       0x30
 *(.ARM.attributes)
 .ARM.attributes
                0x00000000       0x22 C:/ST/STM32CubeIDE_1.19.0/STM32CubeIDE/plugins/com.st.stm32cube.ide.mcu.externaltools.gnu-tools-for-stm32.13.3.rel1.win32_1.0.0.202411081344/tools/bin/../lib/gcc/arm-none-eabi/13.3.1/thumb/v7e-m+fp/hard/crti.o
 .ARM.attributes
                0x00000022       0x34 C:/ST/STM32CubeIDE_1.19.0/STM32CubeIDE/plugins/com.st.stm32cube.ide.mcu.externaltools.gnu-tools-for-stm32.13.3.rel1.win32_1.0.0.202411081344/tools/bin/../lib/gcc/arm-none-eabi/13.3.1/thumb/v7e-m+fp/hard/crtbegin.o
 .ARM.attributes
                0x00000056       0x34 ./Core/Src/audio_player.o
 .ARM.attributes
                0x0000008a       0x34 ./Core/Src/bitstream.o
 .ARM.attributes
                0x000000be       0x34 ./Core/Src/dequant.o
 .ARM.attributes
                0x000000f2       0x34 ./Core/Src/huffman.o
 .ARM.attributes
                0x00000126       0x34 ./Core/Src/hufftabs.o
 .ARM.attributes
                0x0000015a       0x34 ./Core/Src/imdct.o
 .ARM.attributes
                0x0000018e       0x34 ./Core/Src/main.o
 .ARM.attributes
                0x000001c2       0x34 ./Core/Src/mp3dec.o
 .ARM.attributes
                0x000001f6       0x34 ./Core/Src/stm32l4xx_hal_msp.o
 .ARM.attributes
                0x0000022a       0x34 ./Core/Src/stm32l4xx_it.o
 .ARM.attributes
                0x0000025e       0x34 ./Core/Src/system_stm32l4xx.o
 .ARM.attributes
                0x00000292       0x34 ./Core/Src/trigtabs.o
 .ARM.attributes
                0x000002c6       0x21 ./Core/Startup/startup_stm32l476rgtx.o
 .ARM.attributes
                0x000002e7       0x34 ./Drivers/STM32L4xx_HAL_Driver/Src/stm32l4xx_hal.o
 .ARM.attributes
                0x0000031b       0x34 ./Drivers/STM32L4xx_HAL_Driver/Src/stm32l4xx_hal_cortex.o
 .ARM.attributes
                0x0000034f       0x34 ./Drivers/STM32L4xx_HAL_Driver/Src/stm32l4xx_hal_dma.o
 .ARM.attributes
                0x00000383       0x34 ./Drivers/STM32L4xx_HAL_Driver/Src/stm32l4xx_hal_gpio.o
 .ARM.attributes
                0x000003b7       0x34 ./Drivers/STM32L4xx_HAL_Driver/Src/stm32l4xx_hal_pwr_ex.o
 .ARM.attributes
                0x000003eb       0x34 ./Drivers/STM32L4xx_HAL_Driver/Src/stm32l4xx_hal_rcc.o
 .ARM.attributes
                0x0000041f       0x34 ./Drivers/STM32L4xx_HAL_Driver/Src/stm32l4xx_hal_rcc_ex.o
 .ARM.attributes
                0x00000453       0x34 ./Drivers/STM32L4xx_HAL_Driver/Src/stm32l4xx_hal_sai.o
 .ARM.attributes
                0x00000487       0x34 ./Drivers/STM32L4xx_HAL_Driver/Src/stm32l4xx_hal_spi.o
 .ARM.attributes
                0x000004bb       0x34 ./Drivers/STM32L4xx_HAL_Driver/Src/stm32l4xx_hal_uart.o
 .ARM.attributes
                0x000004ef       0x34 ./FATFS/App/fatfs.o
 .ARM.attributes
                0x00000523       0x34 ./FATFS/Target/user_diskio.o
 .ARM.attributes
                0x00000557       0x34 ./FATFS/Target/user_diskio_spi.o
 .ARM.attributes
                0x0000058b       0x34 ./Middlewares/Third_Party/FatFs/src/diskio.o
 .ARM.attributes
                0x000005bf       0x34 ./Middlewares/Third_Party/FatFs/src/ff.o
 .ARM.attributes
                0x000005f3       0x34 ./Middlewares/Third_Party/FatFs/src/ff_gen_drv.o
 .ARM.attributes
                0x00000627       0x34 C:/ST/STM32CubeIDE_1.19.0/STM32CubeIDE/plugins/com.st.stm32cube.ide.mcu.externaltools.gnu-tools-for-stm32.13.3.rel1.win32_1.0.0.202411081344/tools/bin/../lib/gcc/arm-none-eabi/13.3.1/../../../../arm-none-eabi/lib/thumb/v7e-m+fp/hard\libc_nano.a(libc_a-memmove.o)
 .ARM.attributes
                0x0000065b       0x34 C:/ST/STM32CubeIDE_1.19.0/STM32CubeIDE/plugins/com.st.stm32cube.ide.mcu.externaltools.gnu-tools-for-stm32.13.3.rel1.win32_1.0.0.202411081344/tools/bin/../lib/gcc/arm-none-eabi/13.3.1/../../../../arm-none-eabi/lib/thumb/v7e-m+fp/hard\libc_nano.a(libc_a-memset.o)
 .ARM.attributes
                0x0000068f       0x34 C:/ST/STM32CubeIDE_1.19.0/STM32CubeIDE/plugins/com.st.stm32cube.ide.mcu.externaltools.gnu-tools-for-stm32.13.3.rel1.win32_1.0.0.202411081344/tools/bin/../lib/gcc/arm-none-eabi/13.3.1/../../../../arm-none-eabi/lib/thumb/v7e-m+fp/hard\libc_nano.a(libc_a-init.o)
 .ARM.attributes
                0x000006c3       0x34 C:/ST/STM32CubeIDE_1.19.0/STM32CubeIDE/plugins/com.st.stm32cube.ide.mcu.externaltools.gnu-tools-for-stm32.13.3.rel1.win32_1.0.0.202411081344/tools/bin/../lib/gcc/arm-none-eabi/13.3.1/../../../../arm-none-eabi/lib/thumb/v7e-m+fp/hard\libc_nano.a(libc_a-memcpy-stub.o)
 .ARM.attributes
                0x000006f7       0x22 C:/ST/STM32CubeIDE_1.19.0/STM32CubeIDE/plugins/com.st.stm32cube.ide.mcu.externaltools.gnu-tools-for-stm32.13.3.rel1.win32_1.0.0.202411081344/tools/bin/../lib/gcc/arm-none-eabi/13.3.1/thumb/v7e-m+fp/hard\libgcc.a(_aeabi_uldivmod.o)
 .ARM.attributes
                0x00000719       0x34 C:/ST/STM32CubeIDE_1.19.0/STM32CubeIDE/plugins/com.st.stm32cube.ide.mcu.externaltools.gnu-tools-for-stm32.13.3.rel1.win32_1.0.0.202411081344/tools/bin/../lib/gcc/arm-none-eabi/13.3.1/thumb/v7e-m+fp/hard\libgcc.a(_udivmoddi4.o)
 .ARM.attributes
                0x0000074d       0x22 C:/ST/STM32CubeIDE_1.19.0/STM32CubeIDE/plugins/com.st.stm32cube.ide.mcu.externaltools.gnu-tools-for-stm32.13.3.rel1.win32_1.0.0.202411081344/tools/bin/../lib/gcc/arm-none-eabi/13.3.1/thumb/v7e-m+fp/hard\libgcc.a(_dvmd_tls.o)
 .ARM.attributes
                0x0000076f       0x22 C:/ST/STM32CubeIDE_1.19.0/STM32CubeIDE/plugins/com.st.stm32cube.ide.mcu.externaltools.gnu-tools-for-stm32.13.3.rel1.win32_1.0.0.202411081344/tools/bin/../lib/gcc/arm-none-eabi/13.3.1/thumb/v7e-m+fp/hard/crtn.o
OUTPUT(MP3.elf elf32-littlearm)
LOAD linker stubs
LOAD C:/ST/STM32CubeIDE_1.19.0/STM32CubeIDE/plugins/com.st.stm32cube.ide.mcu.externaltools.gnu-tools-for-stm32.13.3.rel1.win32_1.0.0.202411081344/tools/bin/../lib/gcc/arm-none-eabi/13.3.1/../../../../arm-none-eabi/lib/thumb/v7e-m+fp/hard\libc.a
LOAD C:/ST/STM32CubeIDE_1.19.0/STM32CubeIDE/plugins/com.st.stm32cube.ide.mcu.externaltools.gnu-tools-for-stm32.13.3.rel1.win32_1.0.0.202411081344/tools/bin/../lib/gcc/arm-none-eabi/13.3.1/../../../../arm-none-eabi/lib/thumb/v7e-m+fp/hard\libm.a
LOAD C:/ST/STM32CubeIDE_1.19.0/STM32CubeIDE/plugins/com.st.stm32cube.ide.mcu.externaltools.gnu-tools-for-stm32.13.3.rel1.win32_1.0.0.202411081344/tools/bin/../lib/gcc/arm-none-eabi/13.3.1/thumb/v7e-m+fp/hard\libgcc.a

.debug_info     0x00000000    0x1796b
 .debug_info    0x00000000      0xcb6 ./Core/Src/audio_player.o
 .debug_info    0x00000cb6      0x81b ./Core/Src/bitstream.o
 .debug_info    0x000014d1      0x8b6 ./Core/Src/dequant.o
 .debug_info    0x00001d87      0xad4 ./Core/Src/huffman.o
 .debug_info    0x0000285b      0x1f2 ./Core/Src/hufftabs.o
 .debug_info    0x00002a4d     0x233a ./Core/Src/imdct.o
 .debug_info    0x00004d87     0x1a7d ./Core/Src/main.o
 .debug_info    0x00006804      0x793 ./Core/Src/mp3dec.o
 .debug_info    0x00006f97     0x1425 ./Core/Src/stm32l4xx_hal_msp.o
 .debug_info    0x000083bc      0x36a ./Core/Src/stm32l4xx_it.o
 .debug_info    0x00008726      0x5b1 ./Core/Src/system_stm32l4xx.o
 .debug_info    0x00008cd7      0x1da ./Core/Src/trigtabs.o
 .debug_info    0x00008eb1       0x30 ./Core/Startup/startup_stm32l476rgtx.o
 .debug_info    0x00008ee1      0xaeb ./Drivers/STM32L4xx_HAL_Driver/Src/stm32l4xx_hal.o
 .debug_info    0x000099cc      0xd81 ./Drivers/STM32L4xx_HAL_Driver/Src/stm32l4xx_hal_cortex.o
 .debug_info    0x0000a74d      0x6f4 ./Drivers/STM32L4xx_HAL_Driver/Src/stm32l4xx_hal_dma.o
 .debug_info    0x0000ae41      0x757 ./Drivers/STM32L4xx_HAL_Driver/Src/stm32l4xx_hal_gpio.o
 .debug_info    0x0000b598      0x99e ./Drivers/STM32L4xx_HAL_Driver/Src/stm32l4xx_hal_pwr_ex.o
 .debug_info    0x0000bf36      0xc14 ./Drivers/STM32L4xx_HAL_Driver/Src/stm32l4xx_hal_rcc.o
 .debug_info    0x0000cb4a      0xe11 ./Drivers/STM32L4xx_HAL_Driver/Src/stm32l4xx_hal_rcc_ex.o
 .debug_info    0x0000d95b     0x1192 ./Drivers/STM32L4xx_HAL_Driver/Src/stm32l4xx_hal_sai.o
 .debug_info    0x0000eaed     0x1549 ./Drivers/STM32L4xx_HAL_Driver/Src/stm32l4xx_hal_spi.o
 .debug_info    0x00010036     0x3b69 ./Drivers/STM32L4xx_HAL_Driver/Src/stm32l4xx_hal_uart.o
 .debug_info    0x00013b9f      0x4d9 ./FATFS/App/fatfs.o
 .debug_info    0x00014078      0x3aa ./FATFS/Target/user_diskio.o
 .debug_info    0x00014422      0xc0e ./FATFS/Target/user_diskio_spi.o
 .debug_info    0x00015030      0x3df ./Middlewares/Third_Party/FatFs/src/diskio.o
 .debug_info    0x0001540f     0x21dd ./Middlewares/Third_Party/FatFs/src/ff.o
 .debug_info    0x000175ec      0x37f ./Middlewares/Third_Party/FatFs/src/ff_gen_drv.o

.debug_abbrev   0x00000000     0x3b00
 .debug_abbrev  0x00000000      0x24d ./Core/Src/audio_player.o
 .debug_abbrev  0x0000024d      0x214 ./Core/Src/bitstream.o
 .debug_abbrev  0x00000461      0x205 ./Core/Src/dequant.o
 .debug_abbrev  0x00000666      0x209 ./Core/Src/huffman.o
 .debug_abbrev  0x0000086f       0xd6 ./Core/Src/hufftabs.o
 .debug_abbrev  0x00000945      0x311 ./Core/Src/imdct.o
 .debug_abbrev  0x00000c56      0x339 ./Core/Src/main.o
 .debug_abbrev  0x00000f8f      0x294 ./Core/Src/mp3dec.o
 .debug_abbrev  0x00001223      0x22b ./Core/Src/stm32l4xx_hal_msp.o
 .debug_abbrev  0x0000144e      0x16e ./Core/Src/stm32l4xx_it.o
 .debug_abbrev  0x000015bc      0x11a ./Core/Src/system_stm32l4xx.o
 .debug_abbrev  0x000016d6       0x92 ./Core/Src/trigtabs.o
 .debug_abbrev  0x00001768       0x24 ./Core/Startup/startup_stm32l476rgtx.o
 .debug_abbrev  0x0000178c      0x242 ./Drivers/STM32L4xx_HAL_Driver/Src/stm32l4xx_hal.o
 .debug_abbrev  0x000019ce      0x31c ./Drivers/STM32L4xx_HAL_Driver/Src/stm32l4xx_hal_cortex.o
 .debug_abbrev  0x00001cea      0x1e4 ./Drivers/STM32L4xx_HAL_Driver/Src/stm32l4xx_hal_dma.o
 .debug_abbrev  0x00001ece      0x1cb ./Drivers/STM32L4xx_HAL_Driver/Src/stm32l4xx_hal_gpio.o
 .debug_abbrev  0x00002099      0x1f9 ./Drivers/STM32L4xx_HAL_Driver/Src/stm32l4xx_hal_pwr_ex.o
 .debug_abbrev  0x00002292      0x2cb ./Drivers/STM32L4xx_HAL_Driver/Src/stm32l4xx_hal_rcc.o
 .debug_abbrev  0x0000255d      0x2a6 ./Drivers/STM32L4xx_HAL_Driver/Src/stm32l4xx_hal_rcc_ex.o
 .debug_abbrev  0x00002803      0x26d ./Drivers/STM32L4xx_HAL_Driver/Src/stm32l4xx_hal_sai.o
 .debug_abbrev  0x00002a70      0x260 ./Drivers/STM32L4xx_HAL_Driver/Src/stm32l4xx_hal_spi.o
 .debug_abbrev  0x00002cd0      0x2d0 ./Drivers/STM32L4xx_HAL_Driver/Src/stm32l4xx_hal_uart.o
 .debug_abbrev  0x00002fa0      0x160 ./FATFS/App/fatfs.o
 .debug_abbrev  0x00003100      0x143 ./FATFS/Target/user_diskio.o
 .debug_abbrev  0x00003243      0x31b ./FATFS/Target/user_diskio_spi.o
 .debug_abbrev  0x0000355e      0x181 ./Middlewares/Third_Party/FatFs/src/diskio.o
 .debug_abbrev  0x000036df      0x282 ./Middlewares/Third_Party/FatFs/src/ff.o
 .debug_abbrev  0x00003961      0x19f ./Middlewares/Third_Party/FatFs/src/ff_gen_drv.o

.debug_aranges  0x00000000     0x1218
 .debug_aranges
                0x00000000       0x40 ./Core/Src/audio_player.o
 .debug_aranges
                0x00000040       0x50 ./Core/Src/bitstream.o
 .debug_aranges
                0x00000090       0x20 ./Core/Src/dequant.o
 .debug_aranges
                0x000000b0       0x30 ./Core/Src/huffman.o
 .debug_aranges
                0x000000e0       0x18 ./Core/Src/hufftabs.o
 .debug_aranges
                0x000000f8       0x60 ./Core/Src/imdct.o
 .debug_aranges
                0x00000158       0x60 ./Core/Src/main.o
 .debug_aranges
                0x000001b8       0x58 ./Core/Src/mp3dec.o
 .debug_aranges
                0x00000210       0x50 ./Core/Src/stm32l4xx_hal_msp.o
 .debug_aranges
                0x00000260       0x68 ./Core/Src/stm32l4xx_it.o
 .debug_aranges
                0x000002c8       0x28 ./Core/Src/system_stm32l4xx.o
 .debug_aranges
                0x000002f0       0x18 ./Core/Src/trigtabs.o
 .debug_aranges
                0x00000308       0x28 ./Core/Startup/startup_stm32l476rgtx.o
 .debug_aranges
                0x00000330      0x130 ./Drivers/STM32L4xx_HAL_Driver/Src/stm32l4xx_hal.o
 .debug_aranges
                0x00000460      0x128 ./Drivers/STM32L4xx_HAL_Driver/Src/stm32l4xx_hal_cortex.o
 .debug_aranges
                0x00000588       0x80 ./Drivers/STM32L4xx_HAL_Driver/Src/stm32l4xx_hal_dma.o
 .debug_aranges
                0x00000608       0x58 ./Drivers/STM32L4xx_HAL_Driver/Src/stm32l4xx_hal_gpio.o
 .debug_aranges
                0x00000660      0x160 ./Drivers/STM32L4xx_HAL_Driver/Src/stm32l4xx_hal_pwr_ex.o
 .debug_aranges
                0x000007c0       0x90 ./Drivers/STM32L4xx_HAL_Driver/Src/stm32l4xx_hal_rcc.o
 .debug_aranges
                0x00000850       0xc0 ./Drivers/STM32L4xx_HAL_Driver/Src/stm32l4xx_hal_rcc_ex.o
 .debug_aranges
                0x00000910      0x178 ./Drivers/STM32L4xx_HAL_Driver/Src/stm32l4xx_hal_sai.o
 .debug_aranges
                0x00000a88      0x1d8 ./Drivers/STM32L4xx_HAL_Driver/Src/stm32l4xx_hal_spi.o
 .debug_aranges
                0x00000c60      0x228 ./Drivers/STM32L4xx_HAL_Driver/Src/stm32l4xx_hal_uart.o
 .debug_aranges
                0x00000e88       0x28 ./FATFS/App/fatfs.o
 .debug_aranges
                0x00000eb0       0x40 ./FATFS/Target/user_diskio.o
 .debug_aranges
                0x00000ef0       0x98 ./FATFS/Target/user_diskio_spi.o
 .debug_aranges
                0x00000f88       0x48 ./Middlewares/Third_Party/FatFs/src/diskio.o
 .debug_aranges
                0x00000fd0      0x208 ./Middlewares/Third_Party/FatFs/src/ff.o
 .debug_aranges
                0x000011d8       0x40 ./Middlewares/Third_Party/FatFs/src/ff_gen_drv.o

.debug_rnglists
                0x00000000      0xde6
 .debug_rnglists
                0x00000000       0x49 ./Core/Src/audio_player.o
 .debug_rnglists
                0x00000049       0x3b ./Core/Src/bitstream.o
 .debug_rnglists
                0x00000084       0x14 ./Core/Src/dequant.o
 .debug_rnglists
                0x00000098       0x22 ./Core/Src/huffman.o
 .debug_rnglists
                0x000000ba       0x4c ./Core/Src/imdct.o
 .debug_rnglists
                0x00000106       0x45 ./Core/Src/main.o
 .debug_rnglists
                0x0000014b       0x40 ./Core/Src/mp3dec.o
 .debug_rnglists
                0x0000018b       0x3a ./Core/Src/stm32l4xx_hal_msp.o
 .debug_rnglists
                0x000001c5       0x49 ./Core/Src/stm32l4xx_it.o
 .debug_rnglists
                0x0000020e       0x1a ./Core/Src/system_stm32l4xx.o
 .debug_rnglists
                0x00000228       0x19 ./Core/Startup/startup_stm32l476rgtx.o
 .debug_rnglists
                0x00000241       0xdf ./Drivers/STM32L4xx_HAL_Driver/Src/stm32l4xx_hal.o
 .debug_rnglists
                0x00000320       0xda ./Drivers/STM32L4xx_HAL_Driver/Src/stm32l4xx_hal_cortex.o
 .debug_rnglists
                0x000003fa       0x64 ./Drivers/STM32L4xx_HAL_Driver/Src/stm32l4xx_hal_dma.o
 .debug_rnglists
                0x0000045e       0x3f ./Drivers/STM32L4xx_HAL_Driver/Src/stm32l4xx_hal_gpio.o
 .debug_rnglists
                0x0000049d      0x109 ./Drivers/STM32L4xx_HAL_Driver/Src/stm32l4xx_hal_pwr_ex.o
 .debug_rnglists
                0x000005a6       0x6d ./Drivers/STM32L4xx_HAL_Driver/Src/stm32l4xx_hal_rcc.o
 .debug_rnglists
                0x00000613       0x95 ./Drivers/STM32L4xx_HAL_Driver/Src/stm32l4xx_hal_rcc_ex.o
 .debug_rnglists
                0x000006a8      0x136 ./Drivers/STM32L4xx_HAL_Driver/Src/stm32l4xx_hal_sai.o
 .debug_rnglists
                0x000007de      0x178 ./Drivers/STM32L4xx_HAL_Driver/Src/stm32l4xx_hal_spi.o
 .debug_rnglists
                0x00000956      0x1db ./Drivers/STM32L4xx_HAL_Driver/Src/stm32l4xx_hal_uart.o
 .debug_rnglists
                0x00000b31       0x19 ./FATFS/App/fatfs.o
 .debug_rnglists
                0x00000b4a       0x2b ./FATFS/Target/user_diskio.o
 .debug_rnglists
                0x00000b75       0x72 ./FATFS/Target/user_diskio_spi.o
 .debug_rnglists
                0x00000be7       0x31 ./Middlewares/Third_Party/FatFs/src/diskio.o
 .debug_rnglists
                0x00000c18      0x1a2 ./Middlewares/Third_Party/FatFs/src/ff.o
 .debug_rnglists
                0x00000dba       0x2c ./Middlewares/Third_Party/FatFs/src/ff_gen_drv.o

.debug_macro    0x00000000    0x28a12
 .debug_macro   0x00000000      0x339 ./Core/Src/audio_player.o
 .debug_macro   0x00000339      0xad8 ./Core/Src/audio_player.o
 .debug_macro   0x00000e11      0x1ad ./Core/Src/audio_player.o
 .debug_macro   0x00000fbe       0x2e ./Core/Src/audio_player.o
 .debug_macro   0x00000fec       0x28 ./Core/Src/audio_player.o
 .debug_macro   0x00001014       0x22 ./Core/Src/audio_player.o
 .debug_macro   0x00001036       0x8e ./Core/Src/audio_player.o
 .debug_macro   0x000010c4       0x51 ./Core/Src/audio_player.o
 .debug_macro   0x00001115      0x103 ./Core/Src/audio_player.o
 .debug_macro   0x00001218       0x6a ./Core/Src/audio_player.o
 .debug_macro   0x00001282      0x1df ./Core/Src/audio_player.o
 .debug_macro   0x00001461       0x1c ./Core/Src/audio_player.o
 .debug_macro   0x0000147d       0x22 ./Core/Src/audio_player.o
 .debug_macro   0x0000149f       0xfb ./Core/Src/audio_player.o
 .debug_macro   0x0000159a     0x1011 ./Core/Src/audio_player.o
 .debug_macro   0x000025ab      0x11f ./Core/Src/audio_player.o
 .debug_macro   0x000026ca    0x1a17a ./Core/Src/audio_player.o
 .debug_macro   0x0001c844       0x6d ./Core/Src/audio_player.o
 .debug_macro   0x0001c8b1     0x38fb ./Core/Src/audio_player.o
 .debug_macro   0x000201ac      0x190 ./Core/Src/audio_player.o
 .debug_macro   0x0002033c       0x5c ./Core/Src/audio_player.o
 .debug_macro   0x00020398     0x159e ./Core/Src/audio_player.o
 .debug_macro   0x00021936      0x5a5 ./Core/Src/audio_player.o
 .debug_macro   0x00021edb      0x1b9 ./Core/Src/audio_player.o
 .debug_macro   0x00022094      0x18b ./Core/Src/audio_player.o
 .debug_macro   0x0002221f      0x26b ./Core/Src/audio_player.o
 .debug_macro   0x0002248a      0x23d ./Core/Src/audio_player.o
 .debug_macro   0x000226c7      0x241 ./Core/Src/audio_player.o
 .debug_macro   0x00022908      0x37c ./Core/Src/audio_player.o
 .debug_macro   0x00022c84       0xd6 ./Core/Src/audio_player.o
 .debug_macro   0x00022d5a      0x122 ./Core/Src/audio_player.o
 .debug_macro   0x00022e7c      0x3ef ./Core/Src/audio_player.o
 .debug_macro   0x0002326b      0x447 ./Core/Src/audio_player.o
 .debug_macro   0x000236b2      0x2fe ./Core/Src/audio_player.o
 .debug_macro   0x000239b0      0x5cf ./Core/Src/audio_player.o
 .debug_macro   0x00023f7f       0x44 ./Core/Src/audio_player.o
 .debug_macro   0x00023fc3      0x330 ./Core/Src/audio_player.o
 .debug_macro   0x000242f3       0x1c ./Core/Src/audio_player.o
 .debug_macro   0x0002430f       0xe5 ./Core/Src/audio_player.o
 .debug_macro   0x000243f4       0x2a ./Core/Src/audio_player.o
 .debug_macro   0x0002441e       0x61 ./Core/Src/audio_player.o
 .debug_macro   0x0002447f       0x43 ./Core/Src/audio_player.o
 .debug_macro   0x000244c2       0x34 ./Core/Src/audio_player.o
 .debug_macro   0x000244f6       0x16 ./Core/Src/audio_player.o
 .debug_macro   0x0002450c       0x3c ./Core/Src/audio_player.o
 .debug_macro   0x00024548      0x370 ./Core/Src/audio_player.o
 .debug_macro   0x000248b8       0x16 ./Core/Src/audio_player.o
 .debug_macro   0x000248ce       0x4a ./Core/Src/audio_player.o
 .debug_macro   0x00024918       0x34 ./Core/Src/audio_player.o
 .debug_macro   0x0002494c       0x10 ./Core/Src/audio_player.o
 .debug_macro   0x0002495c       0x58 ./Core/Src/audio_player.o
 .debug_macro   0x000249b4       0x8e ./Core/Src/audio_player.o
 .debug_macro   0x00024a42       0x1c ./Core/Src/audio_player.o
 .debug_macro   0x00024a5e      0x185 ./Core/Src/audio_player.o
 .debug_macro   0x00024be3       0x16 ./Core/Src/audio_player.o
 .debug_macro   0x00024bf9       0x29 ./Core/Src/audio_player.o
 .debug_macro   0x00024c22       0x12 ./Core/Src/audio_player.o
 .debug_macro   0x00024c34       0xe2 ./Core/Src/audio_player.o
 .debug_macro   0x00024d16       0x22 ./Core/Src/audio_player.o
 .debug_macro   0x00024d38       0x22 ./Core/Src/audio_player.o
 .debug_macro   0x00024d5a       0x16 ./Core/Src/audio_player.o
 .debug_macro   0x00024d70       0x16 ./Core/Src/audio_player.o
 .debug_macro   0x00024d86       0x20 ./Core/Src/audio_player.o
 .debug_macro   0x00024da6       0x4a ./Core/Src/bitstream.o
 .debug_macro   0x00024df0       0x88 ./Core/Src/bitstream.o
 .debug_macro   0x00024e78       0x22 ./Core/Src/bitstream.o
 .debug_macro   0x00024e9a       0xfa ./Core/Src/bitstream.o
 .debug_macro   0x00024f94       0x10 ./Core/Src/bitstream.o
 .debug_macro   0x00024fa4       0x4a ./Core/Src/dequant.o
 .debug_macro   0x00024fee       0x83 ./Core/Src/huffman.o
 .debug_macro   0x00025071       0xaa ./Core/Src/hufftabs.o
 .debug_macro   0x0002511b       0x4a ./Core/Src/imdct.o
 .debug_macro   0x00025165      0x36f ./Core/Src/main.o
 .debug_macro   0x000254d4       0x16 ./Core/Src/main.o
 .debug_macro   0x000254ea       0xeb ./Core/Src/main.o
 .debug_macro   0x000255d5       0x8e ./Core/Src/main.o
 .debug_macro   0x00025663       0x4c ./Core/Src/main.o
 .debug_macro   0x000256af       0x10 ./Core/Src/main.o
 .debug_macro   0x000256bf      0x126 ./Core/Src/mp3dec.o
 .debug_macro   0x000257e5       0x5b ./Core/Src/mp3dec.o
 .debug_macro   0x00025840       0x94 ./Core/Src/mp3dec.o
 .debug_macro   0x000258d4       0x57 ./Core/Src/mp3dec.o
 .debug_macro   0x0002592b       0x10 ./Core/Src/mp3dec.o
 .debug_macro   0x0002593b      0x1da ./Core/Src/stm32l4xx_hal_msp.o
 .debug_macro   0x00025b15      0x1e4 ./Core/Src/stm32l4xx_it.o
 .debug_macro   0x00025cf9      0x1cb ./Core/Src/system_stm32l4xx.o
 .debug_macro   0x00025ec4       0x41 ./Core/Src/trigtabs.o
 .debug_macro   0x00025f05      0x219 ./Drivers/STM32L4xx_HAL_Driver/Src/stm32l4xx_hal.o
 .debug_macro   0x0002611e      0x1cb ./Drivers/STM32L4xx_HAL_Driver/Src/stm32l4xx_hal_cortex.o
 .debug_macro   0x000262e9      0x1cb ./Drivers/STM32L4xx_HAL_Driver/Src/stm32l4xx_hal_dma.o
 .debug_macro   0x000264b4      0x1d2 ./Drivers/STM32L4xx_HAL_Driver/Src/stm32l4xx_hal_gpio.o
 .debug_macro   0x00026686      0x1ef ./Drivers/STM32L4xx_HAL_Driver/Src/stm32l4xx_hal_pwr_ex.o
 .debug_macro   0x00026875      0x20d ./Drivers/STM32L4xx_HAL_Driver/Src/stm32l4xx_hal_rcc.o
 .debug_macro   0x00026a82      0x201 ./Drivers/STM32L4xx_HAL_Driver/Src/stm32l4xx_hal_rcc_ex.o
 .debug_macro   0x00026c83      0x1e8 ./Drivers/STM32L4xx_HAL_Driver/Src/stm32l4xx_hal_sai.o
 .debug_macro   0x00026e6b      0x1d3 ./Drivers/STM32L4xx_HAL_Driver/Src/stm32l4xx_hal_spi.o
 .debug_macro   0x0002703e      0x1f6 ./Drivers/STM32L4xx_HAL_Driver/Src/stm32l4xx_hal_uart.o
 .debug_macro   0x00027234      0x2ff ./FATFS/App/fatfs.o
 .debug_macro   0x00027533      0x32e ./FATFS/Target/user_diskio.o
 .debug_macro   0x00027861       0x16 ./FATFS/Target/user_diskio.o
 .debug_macro   0x00027877       0x7c ./FATFS/Target/user_diskio.o
 .debug_macro   0x000278f3       0x56 ./FATFS/Target/user_diskio.o
 .debug_macro   0x00027949      0x3a6 ./FATFS/Target/user_diskio_spi.o
 .debug_macro   0x00027cef      0x2ec ./Middlewares/Third_Party/FatFs/src/diskio.o
 .debug_macro   0x00027fdb      0x6f3 ./Middlewares/Third_Party/FatFs/src/ff.o
 .debug_macro   0x000286ce       0x58 ./Middlewares/Third_Party/FatFs/src/ff.o
 .debug_macro   0x00028726      0x2ec ./Middlewares/Third_Party/FatFs/src/ff_gen_drv.o

.debug_line     0x00000000    0x19bc0
 .debug_line    0x00000000      0xa89 ./Core/Src/audio_player.o
 .debug_line    0x00000a89      0x729 ./Core/Src/bitstream.o
 .debug_line    0x000011b2      0x282 ./Core/Src/dequant.o
 .debug_line    0x00001434      0x7b6 ./Core/Src/huffman.o
 .debug_line    0x00001bea       0x77 ./Core/Src/hufftabs.o
 .debug_line    0x00001c61     0x1551 ./Core/Src/imdct.o
 .debug_line    0x000031b2      0xb8c ./Core/Src/main.o
 .debug_line    0x00003d3e      0x9f8 ./Core/Src/mp3dec.o
 .debug_line    0x00004736      0x8cb ./Core/Src/stm32l4xx_hal_msp.o
 .debug_line    0x00005001      0x825 ./Core/Src/stm32l4xx_it.o
 .debug_line    0x00005826      0x7fc ./Core/Src/system_stm32l4xx.o
 .debug_line    0x00006022       0x77 ./Core/Src/trigtabs.o
 .debug_line    0x00006099       0x7a ./Core/Startup/startup_stm32l476rgtx.o
 .debug_line    0x00006113      0xb64 ./Drivers/STM32L4xx_HAL_Driver/Src/stm32l4xx_hal.o
 .debug_line    0x00006c77      0xcff ./Drivers/STM32L4xx_HAL_Driver/Src/stm32l4xx_hal_cortex.o
 .debug_line    0x00007976      0xd3e ./Drivers/STM32L4xx_HAL_Driver/Src/stm32l4xx_hal_dma.o
 .debug_line    0x000086b4      0xbb8 ./Drivers/STM32L4xx_HAL_Driver/Src/stm32l4xx_hal_gpio.o
 .debug_line    0x0000926c      0xd46 ./Drivers/STM32L4xx_HAL_Driver/Src/stm32l4xx_hal_pwr_ex.o
 .debug_line    0x00009fb2     0x10b9 ./Drivers/STM32L4xx_HAL_Driver/Src/stm32l4xx_hal_rcc.o
 .debug_line    0x0000b06b     0x1586 ./Drivers/STM32L4xx_HAL_Driver/Src/stm32l4xx_hal_rcc_ex.o
 .debug_line    0x0000c5f1     0x1aa6 ./Drivers/STM32L4xx_HAL_Driver/Src/stm32l4xx_hal_sai.o
 .debug_line    0x0000e097     0x2044 ./Drivers/STM32L4xx_HAL_Driver/Src/stm32l4xx_hal_spi.o
 .debug_line    0x000100db     0x2d87 ./Drivers/STM32L4xx_HAL_Driver/Src/stm32l4xx_hal_uart.o
 .debug_line    0x00012e62      0x951 ./FATFS/App/fatfs.o
 .debug_line    0x000137b3      0x9b8 ./FATFS/Target/user_diskio.o
 .debug_line    0x0001416b     0x108d ./FATFS/Target/user_diskio_spi.o
 .debug_line    0x000151f8      0x9bc ./Middlewares/Third_Party/FatFs/src/diskio.o
 .debug_line    0x00015bb4     0x3632 ./Middlewares/Third_Party/FatFs/src/ff.o
 .debug_line    0x000191e6      0x9da ./Middlewares/Third_Party/FatFs/src/ff_gen_drv.o

.debug_str      0x00000000    0xefc58
 .debug_str     0x00000000    0xefc58 ./Core/Src/audio_player.o
                              0xe8c03 (size before relaxing)
 .debug_str     0x000efc58     0x3bab ./Core/Src/bitstream.o
 .debug_str     0x000efc58     0x3bad ./Core/Src/dequant.o
 .debug_str     0x000efc58     0x3ecd ./Core/Src/huffman.o
 .debug_str     0x000efc58     0x3a3f ./Core/Src/hufftabs.o
 .debug_str     0x000efc58     0x3c59 ./Core/Src/imdct.o
 .debug_str     0x000efc58    0xe9f12 ./Core/Src/main.o
 .debug_str     0x000efc58     0x7029 ./Core/Src/mp3dec.o
 .debug_str     0x000efc58    0xe5809 ./Core/Src/stm32l4xx_hal_msp.o
 .debug_str     0x000efc58    0xe4d29 ./Core/Src/stm32l4xx_it.o
 .debug_str     0x000efc58    0xe4c4d ./Core/Src/system_stm32l4xx.o
 .debug_str     0x000efc58     0x3794 ./Core/Src/trigtabs.o
 .debug_str     0x000efc58       0x7c ./Core/Startup/startup_stm32l476rgtx.o
 .debug_str     0x000efc58    0xe57e0 ./Drivers/STM32L4xx_HAL_Driver/Src/stm32l4xx_hal.o
 .debug_str     0x000efc58    0xe54c6 ./Drivers/STM32L4xx_HAL_Driver/Src/stm32l4xx_hal_cortex.o
 .debug_str     0x000efc58    0xe4eb7 ./Drivers/STM32L4xx_HAL_Driver/Src/stm32l4xx_hal_dma.o
 .debug_str     0x000efc58    0xe4dc6 ./Drivers/STM32L4xx_HAL_Driver/Src/stm32l4xx_hal_gpio.o
 .debug_str     0x000efc58    0xe51a8 ./Drivers/STM32L4xx_HAL_Driver/Src/stm32l4xx_hal_pwr_ex.o
 .debug_str     0x000efc58    0xe5293 ./Drivers/STM32L4xx_HAL_Driver/Src/stm32l4xx_hal_rcc.o
 .debug_str     0x000efc58    0xe540c ./Drivers/STM32L4xx_HAL_Driver/Src/stm32l4xx_hal_rcc_ex.o
 .debug_str     0x000efc58    0xe53ea ./Drivers/STM32L4xx_HAL_Driver/Src/stm32l4xx_hal_sai.o
 .debug_str     0x000efc58    0xe5468 ./Drivers/STM32L4xx_HAL_Driver/Src/stm32l4xx_hal_spi.o
 .debug_str     0x000efc58    0xe59a5 ./Drivers/STM32L4xx_HAL_Driver/Src/stm32l4xx_hal_uart.o
 .debug_str     0x000efc58    0xe84b1 ./FATFS/App/fatfs.o
 .debug_str     0x000efc58    0xe8493 ./FATFS/Target/user_diskio.o
 .debug_str     0x000efc58    0xe8c15 ./FATFS/Target/user_diskio_spi.o
 .debug_str     0x000efc58    0xe83c0 ./Middlewares/Third_Party/FatFs/src/diskio.o
 .debug_str     0x000efc58    0xe9623 ./Middlewares/Third_Party/FatFs/src/ff.o
 .debug_str     0x000efc58    0xe8411 ./Middlewares/Third_Party/FatFs/src/ff_gen_drv.o

.comment        0x00000000       0x43
 .comment       0x00000000       0x43 ./Core/Src/audio_player.o
                                 0x44 (size before relaxing)
 .comment       0x00000043       0x44 ./Core/Src/bitstream.o
 .comment       0x00000043       0x44 ./Core/Src/dequant.o
 .comment       0x00000043       0x44 ./Core/Src/huffman.o
 .comment       0x00000043       0x44 ./Core/Src/hufftabs.o
 .comment       0x00000043       0x44 ./Core/Src/imdct.o
 .comment       0x00000043       0x44 ./Core/Src/main.o
 .comment       0x00000043       0x44 ./Core/Src/mp3dec.o
 .comment       0x00000043       0x44 ./Core/Src/stm32l4xx_hal_msp.o
 .comment       0x00000043       0x44 ./Core/Src/stm32l4xx_it.o
 .comment       0x00000043       0x44 ./Core/Src/system_stm32l4xx.o
 .comment       0x00000043       0x44 ./Core/Src/trigtabs.o
 .comment       0x00000043       0x44 ./Drivers/STM32L4xx_HAL_Driver/Src/stm32l4xx_hal.o
 .comment       0x00000043       0x44 ./Drivers/STM32L4xx_HAL_Driver/Src/stm32l4xx_hal_cortex.o
 .comment       0x00000043       0x44 ./Drivers/STM32L4xx_HAL_Driver/Src/stm32l4xx_hal_dma.o
 .comment       0x00000043       0x44 ./Drivers/STM32L4xx_HAL_Driver/Src/stm32l4xx_hal_gpio.o
 .comment       0x00000043       0x44 ./Drivers/STM32L4xx_HAL_Driver/Src/stm32l4xx_hal_pwr_ex.o
 .comment       0x00000043       0x44 ./Drivers/STM32L4xx_HAL_Driver/Src/stm32l4xx_hal_rcc.o
 .comment       0x00000043       0x44 ./Drivers/STM32L4xx_HAL_Driver/Src/stm32l4xx_hal_rcc_ex.o
 .comment       0x00000043       0x44 ./Drivers/STM32L4xx_HAL_Driver/Src/stm32l4xx_hal_sai.o
 .comment       0x00000043       0x44 ./Drivers/STM32L4xx_HAL_Driver/Src/stm32l4xx_hal_spi.o
 .comment       0x00000043       0x44 ./Drivers/STM32L4xx_HAL_Driver/Src/stm32l4xx_hal_uart.o
 .comment       0x00000043       0x44 ./FATFS/App/fatfs.o
 .comment       0x00000043       0x44 ./FATFS/Target/user_diskio.o
 .comment       0x00000043       0x44 ./FATFS/Target/user_diskio_spi.o
 .comment       0x00000043       0x44 ./Middlewares/Third_Party/FatFs/src/diskio.o
 .comment       0x00000043       0x44 ./Middlewares/Third_Party/FatFs/src/ff.o
 .comment       0x00000043       0x44 ./Middlewares/Third_Party/FatFs/src/ff_gen_drv.o

.debug_frame    0x00000000     0x48ec
 .debug_frame   0x00000000       0xc0 ./Core/Src/audio_player.o
 .debug_frame   0x000000c0      0x128 ./Core/Src/bitstream.o
 .debug_frame   0x000001e8       0x3c ./Core/Src/dequant.o
 .debug_frame   0x00000224       0x88 ./Core/Src/huffman.o
 .debug_frame   0x000002ac      0x17c ./Core/Src/imdct.o
 .debug_frame   0x00000428      0x140 ./Core/Src/main.o
 .debug_frame   0x00000568      0x144 ./Core/Src/mp3dec.o
 .debug_frame   0x000006ac      0x118 ./Core/Src/stm32l4xx_hal_msp.o
 .debug_frame   0x000007c4      0x120 ./Core/Src/stm32l4xx_it.o
 .debug_frame   0x000008e4       0x58 ./Core/Src/system_stm32l4xx.o
 .debug_frame   0x0000093c      0x498 ./Drivers/STM32L4xx_HAL_Driver/Src/stm32l4xx_hal.o
 .debug_frame   0x00000dd4      0x4e8 ./Drivers/STM32L4xx_HAL_Driver/Src/stm32l4xx_hal_cortex.o
 .debug_frame   0x000012bc      0x204 ./Drivers/STM32L4xx_HAL_Driver/Src/stm32l4xx_hal_dma.o
 .debug_frame   0x000014c0      0x14c ./Drivers/STM32L4xx_HAL_Driver/Src/stm32l4xx_hal_gpio.o
 .debug_frame   0x0000160c      0x584 ./Drivers/STM32L4xx_HAL_Driver/Src/stm32l4xx_hal_pwr_ex.o
 .debug_frame   0x00001b90      0x21c ./Drivers/STM32L4xx_HAL_Driver/Src/stm32l4xx_hal_rcc.o
 .debug_frame   0x00001dac      0x2fc ./Drivers/STM32L4xx_HAL_Driver/Src/stm32l4xx_hal_rcc_ex.o
 .debug_frame   0x000020a8      0x69c ./Drivers/STM32L4xx_HAL_Driver/Src/stm32l4xx_hal_sai.o
 .debug_frame   0x00002744      0x860 ./Drivers/STM32L4xx_HAL_Driver/Src/stm32l4xx_hal_spi.o
 .debug_frame   0x00002fa4      0x9f4 ./Drivers/STM32L4xx_HAL_Driver/Src/stm32l4xx_hal_uart.o
 .debug_frame   0x00003998       0x4c ./FATFS/App/fatfs.o
 .debug_frame   0x000039e4       0xc4 ./FATFS/Target/user_diskio.o
 .debug_frame   0x00003aa8      0x248 ./FATFS/Target/user_diskio_spi.o
 .debug_frame   0x00003cf0       0xec ./Middlewares/Third_Party/FatFs/src/diskio.o
 .debug_frame   0x00003ddc      0x94c ./Middlewares/Third_Party/FatFs/src/ff.o
 .debug_frame   0x00004728       0xc8 ./Middlewares/Third_Party/FatFs/src/ff_gen_drv.o
 .debug_frame   0x000047f0       0x28 C:/ST/STM32CubeIDE_1.19.0/STM32CubeIDE/plugins/com.st.stm32cube.ide.mcu.externaltools.gnu-tools-for-stm32.13.3.rel1.win32_1.0.0.202411081344/tools/bin/../lib/gcc/arm-none-eabi/13.3.1/../../../../arm-none-eabi/lib/thumb/v7e-m+fp/hard\libc_nano.a(libc_a-memmove.o)
 .debug_frame   0x00004818       0x20 C:/ST/STM32CubeIDE_1.19.0/STM32CubeIDE/plugins/com.st.stm32cube.ide.mcu.externaltools.gnu-tools-for-stm32.13.3.rel1.win32_1.0.0.202411081344/tools/bin/../lib/gcc/arm-none-eabi/13.3.1/../../../../arm-none-eabi/lib/thumb/v7e-m+fp/hard\libc_nano.a(libc_a-memset.o)
 .debug_frame   0x00004838       0x2c C:/ST/STM32CubeIDE_1.19.0/STM32CubeIDE/plugins/com.st.stm32cube.ide.mcu.externaltools.gnu-tools-for-stm32.13.3.rel1.win32_1.0.0.202411081344/tools/bin/../lib/gcc/arm-none-eabi/13.3.1/../../../../arm-none-eabi/lib/thumb/v7e-m+fp/hard\libc_nano.a(libc_a-init.o)
 .debug_frame   0x00004864       0x28 C:/ST/STM32CubeIDE_1.19.0/STM32CubeIDE/plugins/com.st.stm32cube.ide.mcu.externaltools.gnu-tools-for-stm32.13.3.rel1.win32_1.0.0.202411081344/tools/bin/../lib/gcc/arm-none-eabi/13.3.1/../../../../arm-none-eabi/lib/thumb/v7e-m+fp/hard\libc_nano.a(libc_a-memcpy-stub.o)
 .debug_frame   0x0000488c       0x2c C:/ST/STM32CubeIDE_1.19.0/STM32CubeIDE/plugins/com.st.stm32cube.ide.mcu.externaltools.gnu-tools-for-stm32.13.3.rel1.win32_1.0.0.202411081344/tools/bin/../lib/gcc/arm-none-eabi/13.3.1/thumb/v7e-m+fp/hard\libgcc.a(_aeabi_uldivmod.o)
 .debug_frame   0x000048b8       0x34 C:/ST/STM32CubeIDE_1.19.0/STM32CubeIDE/plugins/com.st.stm32cube.ide.mcu.externaltools.gnu-tools-for-stm32.13.3.rel1.win32_1.0.0.202411081344/tools/bin/../lib/gcc/arm-none-eabi/13.3.1/thumb/v7e-m+fp/hard\libgcc.a(_udivmoddi4.o)

.debug_line_str
                0x00000000       0x60
 .debug_line_str
                0x00000000       0x60 ./Core/Startup/startup_stm32l476rgtx.o
