2025-12-02 10:31:30,590 [INFO] Activator:176 - 


2025-12-02 10:31:30,594 [INFO] Activator:177 - !SESSION log4j initialized
2025-12-02 10:31:37,141 [INFO] LogOutputStream:77 - [STDOUT_REDIRECT] 
2025-12-02 10:31:39,706 [INFO] ApplicationProperties:184 - Using Application install path: C:\ST\STM32CubeIDE_1.19.0\STM32CubeIDE\plugins\com.st.stm32cube.common.mx_6.15.0.202507011659
2025-12-02 10:31:39,730 [INFO] DbMcusXml:78 - Set database path to: C:\ST\STM32CubeIDE_1.19.0\STM32CubeIDE\plugins\com.st.stm32cube.common.mx_6.15.0.202507011659\\db\/mcu/
2025-12-02 10:31:39,730 [INFO] ApiDb:274 - Set plugin database path to: C:\ST\STM32CubeIDE_1.19.0\STM32CubeIDE\plugins\com.st.stm32cube.common.mx_6.15.0.202507011659\\db\/plugins/boardmanager/
2025-12-02 10:31:39,731 [WARN] ApiDb:259 - Overriding images path with different value:  => C:\ST\STM32CubeIDE_1.19.0\STM32CubeIDE\plugins\com.st.stm32cube.common.mx_6.15.0.202507011659\\db\/plugins/mcufinder/images/
2025-12-02 10:31:39,743 [INFO] ApiDb:250 - Set database path to: C:\Users\Thorin\.stmcufinder\plugins\mcufinder//mcu/
2025-12-02 10:31:39,745 [INFO] DbMcusAds:125 - Set database path to: C:\Users\Thorin\.stmcufinder\plugins\mcufinder//mcu/
2025-12-02 10:31:39,749 [INFO] CrossReferenceDbSqlite:203 - Set database path to: C:\Users\Thorin\.stmcufinder\plugins\mcufinder//mcu/cs/
2025-12-02 10:31:39,879 [INFO] RulesReader:64 - Compatibility file has been processed (317 Rules)
2025-12-02 10:31:39,992 [INFO] DbMcusXml:78 - Set database path to: C:\ST\STM32CubeIDE_1.19.0\STM32CubeIDE\plugins\com.st.stm32cube.common.mx_6.15.0.202507011659\\db\/mcu/
2025-12-02 10:31:39,993 [INFO] ApiDb:274 - Set plugin database path to: C:\ST\STM32CubeIDE_1.19.0\STM32CubeIDE\plugins\com.st.stm32cube.common.mx_6.15.0.202507011659\\db\/plugins/boardmanager/
2025-12-02 10:31:39,993 [INFO] ApiDb:261 - Set plugin images path to: C:\ST\STM32CubeIDE_1.19.0\STM32CubeIDE\plugins\com.st.stm32cube.common.mx_6.15.0.202507011659\\db\/plugins/mcufinder/images/
2025-12-02 10:31:39,993 [WARN] DbFile:41 - Overriding database path with different value: C:\Users\Thorin\.stmcufinder\plugins\mcufinder/ => C:\Users\Thorin\.stmcufinder\plugins\mcufinder
2025-12-02 10:31:39,993 [INFO] ApiDb:250 - Set database path to: C:\Users\Thorin\.stmcufinder\plugins\mcufinder//mcu/
2025-12-02 10:31:39,993 [WARN] DbFile:41 - Overriding database path with different value: C:\Users\Thorin\.stmcufinder\plugins\mcufinder/ => C:\Users\Thorin\.stmcufinder\plugins\mcufinder
2025-12-02 10:31:39,993 [INFO] DbMcusAds:125 - Set database path to: C:\Users\Thorin\.stmcufinder\plugins\mcufinder//mcu/
2025-12-02 10:31:39,993 [WARN] DbFile:41 - Overriding database path with different value: C:\Users\Thorin\.stmcufinder\plugins\mcufinder/ => C:\Users\Thorin\.stmcufinder\plugins\mcufinder
2025-12-02 10:31:39,993 [WARN] DbFile:41 - Overriding database path with different value: C:\Users\Thorin\.stmcufinder\plugins\mcufinder/ => C:\Users\Thorin\.stmcufinder\plugins\mcufinder
2025-12-02 10:31:39,993 [INFO] CrossReferenceDbSqlite:203 - Set database path to: C:\Users\Thorin\.stmcufinder\plugins\mcufinder//mcu/cs/
2025-12-02 10:31:40,083 [INFO] MainPanel:274 - HeapMemory: 268435456
2025-12-02 10:31:40,192 [INFO] DbMcusXml:78 - Set database path to: C:\ST\STM32CubeIDE_1.19.0\STM32CubeIDE\plugins\com.st.stm32cube.common.mx_6.15.0.202507011659\\db\/mcu/
2025-12-02 10:31:40,193 [INFO] ApiDb:274 - Set plugin database path to: C:\ST\STM32CubeIDE_1.19.0\STM32CubeIDE\plugins\com.st.stm32cube.common.mx_6.15.0.202507011659\\db\/plugins/boardmanager/
2025-12-02 10:31:40,193 [INFO] ApiDb:261 - Set plugin images path to: C:\ST\STM32CubeIDE_1.19.0\STM32CubeIDE\plugins\com.st.stm32cube.common.mx_6.15.0.202507011659\\db\/plugins/mcufinder/images/
2025-12-02 10:31:40,193 [WARN] DbFile:41 - Overriding database path with different value: C:\Users\Thorin\.stmcufinder\plugins\mcufinder/ => C:\Users\Thorin\.stmcufinder\plugins\mcufinder
2025-12-02 10:31:40,193 [INFO] ApiDb:250 - Set database path to: C:\Users\Thorin\.stmcufinder\plugins\mcufinder//mcu/
2025-12-02 10:31:40,193 [WARN] DbFile:41 - Overriding database path with different value: C:\Users\Thorin\.stmcufinder\plugins\mcufinder/ => C:\Users\Thorin\.stmcufinder\plugins\mcufinder
2025-12-02 10:31:40,193 [INFO] DbMcusAds:125 - Set database path to: C:\Users\Thorin\.stmcufinder\plugins\mcufinder//mcu/
2025-12-02 10:31:40,193 [WARN] DbFile:41 - Overriding database path with different value: C:\Users\Thorin\.stmcufinder\plugins\mcufinder/ => C:\Users\Thorin\.stmcufinder\plugins\mcufinder
2025-12-02 10:31:40,193 [WARN] DbFile:41 - Overriding database path with different value: C:\Users\Thorin\.stmcufinder\plugins\mcufinder/ => C:\Users\Thorin\.stmcufinder\plugins\mcufinder
2025-12-02 10:31:40,193 [INFO] CrossReferenceDbSqlite:203 - Set database path to: C:\Users\Thorin\.stmcufinder\plugins\mcufinder//mcu/cs/
2025-12-02 10:31:40,212 [INFO] ApplicationProperties:184 - Using Application install path: C:\ST\STM32CubeIDE_1.19.0\STM32CubeIDE\plugins\com.st.stm32cube.common.mx_6.15.0.202507011659
2025-12-02 10:31:40,214 [INFO] PluginManage:196 - Search for loadable plugins [exclusion list=, ]
2025-12-02 10:31:40,216 [INFO] PluginManage:310 - Check plugin analytics
2025-12-02 10:31:40,387 [INFO] AnalyticsPlugin:253 - Accepted Software Licenses: 
2025-12-02 10:31:40,388 [INFO] AnalyticsPlugin:255 - Accepted CMSIS Pack Licenses: 
2025-12-02 10:31:40,388 [INFO] AnalyticsPlugin:257 - Accepted Firmware Licenses: FW.L4.1.18.0
2025-12-02 10:31:40,390 [INFO] PluginManage:359 - Loaded plugin analytics (category:tool,tabindex:-1)
2025-12-02 10:31:40,390 [INFO] PluginManage:310 - Check plugin cadmodel
2025-12-02 10:31:40,410 [INFO] CADModel:105 - Init CAD model plugin
2025-12-02 10:31:40,410 [INFO] PluginManage:359 - Loaded plugin cadmodel (category:power,tabindex:5)
2025-12-02 10:31:40,410 [INFO] PluginManage:310 - Check plugin clock
2025-12-02 10:31:40,429 [INFO] PluginManage:359 - Loaded plugin clock (category:base,tabindex:2)
2025-12-02 10:31:40,430 [INFO] PluginManage:310 - Check plugin ddr
2025-12-02 10:31:40,432 [INFO] PluginManage:359 - Loaded plugin ddr (category:tool,tabindex:6)
2025-12-02 10:31:40,432 [INFO] PluginManage:310 - Check plugin filemanager
2025-12-02 10:31:40,557 [INFO] PluginManage:359 - Loaded plugin filemanager (category:base,tabindex:10)
2025-12-02 10:31:40,558 [INFO] PluginManage:310 - Check plugin ipmanager
2025-12-02 10:31:40,563 [INFO] PluginManage:359 - Loaded plugin ipmanager (category:base,tabindex:5)
2025-12-02 10:31:40,563 [INFO] PluginManage:310 - Check plugin lpbam
2025-12-02 10:31:40,582 [INFO] PluginManage:359 - Loaded plugin lpbam (category:base,tabindex:0)
2025-12-02 10:31:40,582 [INFO] PluginManage:310 - Check plugin memorymap
2025-12-02 10:31:40,604 [INFO] PluginManage:359 - Loaded plugin memorymap (category:base,tabindex:4)
2025-12-02 10:31:40,604 [INFO] PluginManage:310 - Check plugin pinoutandconfiguration
2025-12-02 10:31:40,626 [INFO] PluginManage:359 - Loaded plugin pinoutandconfiguration (category:base,tabindex:1)
2025-12-02 10:31:40,626 [INFO] PluginManage:310 - Check plugin pinoutconfig
2025-12-02 10:31:40,729 [WARN] SupportedApi:132 - Cannot load RTOS API schema: s4s-elt-must-match.1: The content of 'definitions' must match (annotation?, (simpleType | complexType)?, (unique | key | keyref)*)). A problem was found starting at: attribute.
2025-12-02 10:31:40,926 [INFO] PluginManage:359 - Loaded plugin pinoutconfig (category:base,tabindex:0)
2025-12-02 10:31:40,926 [INFO] PluginManage:310 - Check plugin power
2025-12-02 10:31:40,956 [INFO] PluginManage:359 - Loaded plugin power (category:power,tabindex:4)
2025-12-02 10:31:40,956 [INFO] PluginManage:310 - Check plugin projectmanager
2025-12-02 10:31:40,973 [INFO] PluginManage:359 - Loaded plugin projectmanager (category:projectmanager,tabindex:4)
2025-12-02 10:31:40,973 [INFO] PluginManage:310 - Check plugin rif
2025-12-02 10:31:40,993 [INFO] PluginManage:359 - Loaded plugin rif (category:base,tabindex:3)
2025-12-02 10:31:40,993 [INFO] PluginManage:310 - Check plugin thirdparty
2025-12-02 10:31:41,331 [INFO] PluginManage:359 - Loaded plugin thirdparty (category:base,tabindex:-1)
2025-12-02 10:31:41,331 [WARN] IntegrityCheckThread:84 - waiting for thirdparty lock release [integrity check]
2025-12-02 10:31:41,331 [INFO] PluginManage:310 - Check plugin tools
2025-12-02 10:31:41,331 [INFO] IntegrityCheckThread:86 - entering critical section [integrity check]
2025-12-02 10:31:41,331 [INFO] ThirdPartyUpdaterWithRetryManager:70 - Updater plugin not ready yet. [1/15]
2025-12-02 10:31:41,391 [INFO] PluginManage:359 - Loaded plugin tools (category:base,tabindex:7)
2025-12-02 10:31:41,391 [INFO] PluginManage:310 - Check plugin tutovideos
2025-12-02 10:31:41,602 [INFO] PluginManage:359 - Loaded plugin tutovideos (category:base,tabindex:-1)
2025-12-02 10:31:41,603 [INFO] PluginManage:310 - Check plugin updater
2025-12-02 10:31:41,626 [INFO] PluginManage:359 - Loaded plugin updater (category:base,tabindex:12)
2025-12-02 10:31:41,627 [INFO] PluginManage:310 - Check plugin userauth
2025-12-02 10:31:41,631 [INFO] UserAuth:118 - Init User Auth plugin
2025-12-02 10:31:41,633 [INFO] PluginManage:359 - Loaded plugin userauth (category:base,tabindex:14)
2025-12-02 10:31:41,633 [INFO] PluginManage:283 - PluginManage : Loaded plugins [18]
2025-12-02 10:31:41,845 [INFO] PinOutPanel:1589 - setPackage(No Configuration,No Configuration)
2025-12-02 10:31:41,948 [INFO] CADModel:165 - CPN selected for project level
2025-12-02 10:31:41,949 [INFO] CADModel:114 - Register for checkConnection events
2025-12-02 10:31:41,987 [INFO] IPUIPlugin:80 - create IPUIPlugin
2025-12-02 10:31:41,987 [INFO] PluginManager:220 - loadIPPluginJar : add adc
2025-12-02 10:31:42,038 [INFO] IPUIPlugin:80 - create IPUIPlugin
2025-12-02 10:31:42,039 [INFO] PluginManager:220 - loadIPPluginJar : add aes
2025-12-02 10:31:42,089 [INFO] IPUIPlugin:80 - create IPUIPlugin
2025-12-02 10:31:42,089 [INFO] PluginManager:220 - loadIPPluginJar : add can
2025-12-02 10:31:42,117 [INFO] IPUIPlugin:80 - create IPUIPlugin
2025-12-02 10:31:42,117 [INFO] PluginManager:220 - loadIPPluginJar : add comp
2025-12-02 10:31:42,160 [INFO] IPUIPlugin:80 - create IPUIPlugin
2025-12-02 10:31:42,160 [INFO] PluginManager:220 - loadIPPluginJar : add cryp
2025-12-02 10:31:42,174 [INFO] IPUIPlugin:80 - create IPUIPlugin
2025-12-02 10:31:42,175 [INFO] PluginManager:220 - loadIPPluginJar : add ddr_ctrl_phy
2025-12-02 10:31:42,216 [INFO] IPUIPlugin:80 - create IPUIPlugin
2025-12-02 10:31:42,217 [INFO] PluginManager:220 - loadIPPluginJar : add dfsdm
2025-12-02 10:31:42,233 [INFO] IPUIPlugin:80 - create IPUIPlugin
2025-12-02 10:31:42,234 [INFO] PluginManager:220 - loadIPPluginJar : add dma
2025-12-02 10:31:42,279 [INFO] IPUIPlugin:80 - create IPUIPlugin
2025-12-02 10:31:42,279 [INFO] PluginManager:220 - loadIPPluginJar : add dma3
2025-12-02 10:31:42,355 [INFO] IPUIPlugin:80 - create IPUIPlugin
2025-12-02 10:31:42,355 [INFO] PluginManager:220 - loadIPPluginJar : add extmemmanager
2025-12-02 10:31:42,392 [INFO] IPUIPlugin:80 - create IPUIPlugin
2025-12-02 10:31:42,393 [INFO] PluginManager:220 - loadIPPluginJar : add fatfs
2025-12-02 10:31:42,460 [INFO] IPUIPlugin:80 - create IPUIPlugin
2025-12-02 10:31:42,460 [INFO] PluginManager:220 - loadIPPluginJar : add fmc
2025-12-02 10:31:42,484 [INFO] IPUIPlugin:80 - create IPUIPlugin
2025-12-02 10:31:42,484 [INFO] PluginManager:220 - loadIPPluginJar : add freertos
2025-12-02 10:31:42,515 [INFO] IPUIPlugin:80 - create IPUIPlugin
2025-12-02 10:31:42,515 [INFO] PluginManager:220 - loadIPPluginJar : add genericplugin
2025-12-02 10:31:42,628 [INFO] IPUIPlugin:80 - create IPUIPlugin
2025-12-02 10:31:42,629 [INFO] PluginManager:220 - loadIPPluginJar : add gfxmmu
2025-12-02 10:31:42,772 [INFO] IPUIPlugin:80 - create IPUIPlugin
2025-12-02 10:31:42,772 [INFO] PluginManager:220 - loadIPPluginJar : add gic
2025-12-02 10:31:42,787 [INFO] IPUIPlugin:80 - create IPUIPlugin
2025-12-02 10:31:42,787 [INFO] PluginManager:220 - loadIPPluginJar : add gpio
2025-12-02 10:31:42,888 [INFO] IPUIPlugin:80 - create IPUIPlugin
2025-12-02 10:31:42,888 [INFO] PluginManager:220 - loadIPPluginJar : add gtzc
2025-12-02 10:31:42,927 [INFO] IPUIPlugin:80 - create IPUIPlugin
2025-12-02 10:31:42,928 [INFO] PluginManager:220 - loadIPPluginJar : add hash
2025-12-02 10:31:42,995 [INFO] IPUIPlugin:80 - create IPUIPlugin
2025-12-02 10:31:42,995 [INFO] PluginManager:220 - loadIPPluginJar : add i2c
2025-12-02 10:31:43,041 [INFO] IPUIPlugin:80 - create IPUIPlugin
2025-12-02 10:31:43,042 [INFO] PluginManager:220 - loadIPPluginJar : add i2s
2025-12-02 10:31:43,090 [INFO] IPUIPlugin:80 - create IPUIPlugin
2025-12-02 10:31:43,090 [INFO] PluginManager:220 - loadIPPluginJar : add i3c
2025-12-02 10:31:43,191 [INFO] IPUIPlugin:80 - create IPUIPlugin
2025-12-02 10:31:43,191 [INFO] PluginManager:220 - loadIPPluginJar : add ipddr
2025-12-02 10:31:43,288 [INFO] IPUIPlugin:80 - create IPUIPlugin
2025-12-02 10:31:43,288 [INFO] PluginManager:220 - loadIPPluginJar : add linkedlist
2025-12-02 10:31:43,330 [INFO] IPUIPlugin:80 - create IPUIPlugin
2025-12-02 10:31:43,330 [INFO] PluginManager:220 - loadIPPluginJar : add lorawan
2025-12-02 10:31:43,371 [INFO] IPUIPlugin:80 - create IPUIPlugin
2025-12-02 10:31:43,371 [INFO] PluginManager:220 - loadIPPluginJar : add ltdc
2025-12-02 10:31:43,386 [INFO] IPUIPlugin:80 - create IPUIPlugin
2025-12-02 10:31:43,386 [INFO] PluginManager:220 - loadIPPluginJar : add mdma
2025-12-02 10:31:43,399 [INFO] IPUIPlugin:80 - create IPUIPlugin
2025-12-02 10:31:43,399 [INFO] PluginManager:220 - loadIPPluginJar : add nvic
2025-12-02 10:31:43,441 [INFO] IPUIPlugin:80 - create IPUIPlugin
2025-12-02 10:31:43,441 [INFO] PluginManager:220 - loadIPPluginJar : add opamp
2025-12-02 10:31:43,505 [INFO] IPUIPlugin:80 - create IPUIPlugin
2025-12-02 10:31:43,505 [INFO] PluginManager:220 - loadIPPluginJar : add openamp
2025-12-02 10:31:43,551 [INFO] IPUIPlugin:80 - create IPUIPlugin
2025-12-02 10:31:43,551 [INFO] PluginManager:220 - loadIPPluginJar : add pdm2pcm
2025-12-02 10:31:43,567 [INFO] IPUIPlugin:80 - create IPUIPlugin
2025-12-02 10:31:43,570 [INFO] PluginManager:220 - loadIPPluginJar : add plateformsettings
2025-12-02 10:31:43,597 [INFO] IPUIPlugin:80 - create IPUIPlugin
2025-12-02 10:31:43,597 [INFO] PluginManager:220 - loadIPPluginJar : add quadspi
2025-12-02 10:31:43,629 [INFO] IPUIPlugin:80 - create IPUIPlugin
2025-12-02 10:31:43,629 [INFO] PluginManager:220 - loadIPPluginJar : add radio
2025-12-02 10:31:43,645 [INFO] IPUIPlugin:80 - create IPUIPlugin
2025-12-02 10:31:43,645 [INFO] PluginManager:220 - loadIPPluginJar : add resmgrutility
2025-12-02 10:31:43,696 [INFO] IPUIPlugin:80 - create IPUIPlugin
2025-12-02 10:31:43,697 [INFO] PluginManager:220 - loadIPPluginJar : add sai
2025-12-02 10:31:43,737 [INFO] IPUIPlugin:80 - create IPUIPlugin
2025-12-02 10:31:43,737 [INFO] PluginManager:220 - loadIPPluginJar : add spi
2025-12-02 10:31:43,827 [INFO] IPUIPlugin:80 - create IPUIPlugin
2025-12-02 10:31:43,827 [INFO] PluginManager:220 - loadIPPluginJar : add stm32_wpan
2025-12-02 10:31:43,854 [INFO] IPUIPlugin:80 - create IPUIPlugin
2025-12-02 10:31:43,855 [INFO] PluginManager:220 - loadIPPluginJar : add tim
2025-12-02 10:31:43,919 [INFO] IPUIPlugin:80 - create IPUIPlugin
2025-12-02 10:31:43,919 [INFO] PluginManager:220 - loadIPPluginJar : add touchsensing
2025-12-02 10:31:43,944 [INFO] IPUIPlugin:80 - create IPUIPlugin
2025-12-02 10:31:43,944 [INFO] PluginManager:220 - loadIPPluginJar : add tracer_emb
2025-12-02 10:31:43,972 [INFO] IPUIPlugin:80 - create IPUIPlugin
2025-12-02 10:31:43,972 [INFO] PluginManager:220 - loadIPPluginJar : add ts
2025-12-02 10:31:43,999 [INFO] IPUIPlugin:80 - create IPUIPlugin
2025-12-02 10:31:43,999 [INFO] PluginManager:220 - loadIPPluginJar : add tsc
2025-12-02 10:31:44,025 [INFO] IPUIPlugin:80 - create IPUIPlugin
2025-12-02 10:31:44,026 [INFO] PluginManager:220 - loadIPPluginJar : add ucpd
2025-12-02 10:31:44,070 [INFO] IPUIPlugin:80 - create IPUIPlugin
2025-12-02 10:31:44,070 [INFO] PluginManager:220 - loadIPPluginJar : add usart
2025-12-02 10:31:44,124 [INFO] IPUIPlugin:80 - create IPUIPlugin
2025-12-02 10:31:44,124 [INFO] PluginManager:220 - loadIPPluginJar : add usbx
2025-12-02 10:31:44,243 [FATAL] Updater:351 - Updater called before beeing initialized
2025-12-02 10:31:44,273 [INFO] RulesReader:64 - Compatibility file has been processed (317 Rules)
2025-12-02 10:31:44,289 [INFO] RulesReader:64 - Compatibility file has been processed (317 Rules)
2025-12-02 10:31:44,299 [INFO] CADModel:165 - CPN selected for project level
2025-12-02 10:31:44,299 [INFO] CADModel:114 - Register for checkConnection events
2025-12-02 10:31:44,299 [FATAL] Updater:351 - Updater called before beeing initialized
2025-12-02 10:31:44,300 [ERROR] CADModel:125 - Updater not yet initialized, retry later 
2025-12-02 10:31:44,333 [INFO] ThirdPartyUpdaterWithRetryManager:70 - Updater plugin not ready yet. [2/15]
2025-12-02 10:31:44,465 [FATAL] Updater:351 - Updater called before beeing initialized
2025-12-02 10:31:44,468 [INFO] CADModel:165 - CPN selected for project level
2025-12-02 10:31:44,468 [INFO] CADModel:114 - Register for checkConnection events
2025-12-02 10:31:44,468 [FATAL] Updater:351 - Updater called before beeing initialized
2025-12-02 10:31:44,468 [ERROR] CADModel:125 - Updater not yet initialized, retry later 
2025-12-02 10:31:44,471 [FATAL] Updater:351 - Updater called before beeing initialized
2025-12-02 10:31:44,594 [FATAL] Updater:351 - Updater called before beeing initialized
2025-12-02 10:31:44,605 [INFO] DbMcusAds:53 - JSON generation date=Tue Nov 25 07:08:32 MST 2025 (1764079712835)
2025-12-02 10:31:44,605 [FATAL] Updater:351 - Updater called before beeing initialized
2025-12-02 10:31:44,642 [WARN] DetailPanel:346 - Failed to get advertising image, set to default
2025-12-02 10:31:44,718 [FATAL] Updater:351 - Updater called before beeing initialized
2025-12-02 10:31:44,720 [FATAL] Updater:351 - Updater called before beeing initialized
2025-12-02 10:31:44,721 [FATAL] Updater:351 - Updater called before beeing initialized
2025-12-02 10:31:44,721 [WARN] DetailPanel:346 - Failed to get advertising image, set to default
2025-12-02 10:31:44,722 [FATAL] Updater:351 - Updater called before beeing initialized
2025-12-02 10:31:44,782 [ERROR] Updater:1198 - MainUpdater not yet initialized. External WinMGr cannot be set.
2025-12-02 10:31:44,798 [INFO] Updater:1134 - Updater Version found : 6.15.0
2025-12-02 10:31:44,814 [INFO] ApplicationProperties:184 - Using Application install path: C:\ST\STM32CubeIDE_1.19.0\STM32CubeIDE\plugins\com.st.stm32cube.common.mx_6.15.0.202507011659
2025-12-02 10:31:46,397 [ERROR] LogOutputStream:75 - [STDERR_REDIRECT] Dec 02, 2025 10:31:46 AM java.util.prefs.WindowsPreferences <init>
2025-12-02 10:31:46,399 [ERROR] LogOutputStream:75 - [STDERR_REDIRECT] WARNING: Could not open/create prefs root node Software\JavaSoft\Prefs at root 0xffffffff80000002. Windows RegCreateKeyEx(...) returned error code 5.
2025-12-02 10:31:46,399 [ERROR] LogOutputStream:75 - [STDERR_REDIRECT] 
2025-12-02 10:31:47,071 [INFO] MainUpdater:2872 - connection check result : 10
2025-12-02 10:31:47,072 [INFO] MainUpdater:289 - Updater Check For Update Now.
2025-12-02 10:31:47,072 [INFO] MicroXplorer:498 - Change Database Version : DB.6.0.150
2025-12-02 10:31:47,101 [INFO] McuFinderGlobals:63 - Set McuFinder mode to 2 (CubeIDE integrated)
2025-12-02 10:31:47,117 [INFO] UserAuth:487 - Internet connection configuration mode: 1
2025-12-02 10:31:47,166 [INFO] JxBrowserEngine:152 - Initiate JxBrowser Engine with user profile folder
2025-12-02 10:31:47,328 [INFO] CheckServerUpdateThread:120 - End of CheckServer Thread
2025-12-02 10:31:47,663 [WARN] PackLoader:240 - Cannot read IP mode file for STMicroelectronics.FP-SNS-MOTENVWB1.1.4.0
2025-12-02 10:31:47,684 [WARN] PackLoader:240 - Cannot read IP mode file for STMicroelectronics.FP-ATR-ASTRA1.2.0.2
2025-12-02 10:31:47,707 [WARN] PackLoader:240 - Cannot read IP mode file for STMicroelectronics.X-CUBE-SMBUS.2.1.0
2025-12-02 10:31:47,728 [WARN] PackLoader:240 - Cannot read IP mode file for STMicroelectronics.X-CUBE-ST60.1.0.0
2025-12-02 10:31:47,854 [WARN] PackLoader:240 - Cannot read IP mode file for STMicroelectronics.X-CUBE-AZRTOS-F7.1.1.0
2025-12-02 10:31:47,880 [WARN] PackLoader:240 - Cannot read IP mode file for STMicroelectronics.FP-SNS-MOTENV1.5.1.0
2025-12-02 10:31:47,924 [WARN] PackLoader:240 - Cannot read IP mode file for Infineon.AIROC-Wi-Fi-Bluetooth-STM32.1.7.1
2025-12-02 10:31:47,988 [WARN] PackLoader:240 - Cannot read IP mode file for STMicroelectronics.X-CUBE-AZRTOS-H7.3.4.0
2025-12-02 10:31:48,015 [WARN] PackLoader:240 - Cannot read IP mode file for STMicroelectronics.X-CUBE-DISPLAY.3.0.0
2025-12-02 10:31:48,041 [WARN] PackLoader:240 - Cannot read IP mode file for STMicroelectronics.X-CUBE-NFC10.1.0.0
2025-12-02 10:31:48,059 [WARN] PackLoader:240 - Cannot read IP mode file for STMicroelectronics.X-CUBE-ST60.1.1.0
2025-12-02 10:31:48,079 [WARN] PackLoader:240 - Cannot read IP mode file for emotas.I-CUBE-CANOPEN.1.3.0
2025-12-02 10:31:48,095 [WARN] PackLoader:240 - Cannot read IP mode file for STMicroelectronics.X-CUBE-GNSS1.7.1.0
2025-12-02 10:31:48,115 [WARN] PackLoader:240 - Cannot read IP mode file for STMicroelectronics.FP-SNS-STBOX1.2.1.0
2025-12-02 10:31:48,136 [WARN] PackLoader:240 - Cannot read IP mode file for STMicroelectronics.FP-SNS-SMARTAG2.1.2.0
2025-12-02 10:31:48,151 [WARN] PackLoader:240 - Cannot read IP mode file for STMicroelectronics.FP-SNS-FLIGHT1.5.1.0
2025-12-02 10:31:48,174 [INFO] LogOutputStream:77 - [STDOUT_REDIRECT] 1 : Invalid condition id : UX_CORESTACK_Condition cause : null
2025-12-02 10:31:48,175 [INFO] LogOutputStream:77 - [STDOUT_REDIRECT] 1 : Invalid condition id : UX_CORESTACK_Condition cause : null
2025-12-02 10:31:48,176 [INFO] LogOutputStream:77 - [STDOUT_REDIRECT] 1 : Invalid condition id : UX_CORESTACK_Condition cause : null
2025-12-02 10:31:48,177 [INFO] LogOutputStream:77 - [STDOUT_REDIRECT] 1 : Invalid condition id : UX_CORESTACK_Condition cause : null
2025-12-02 10:31:48,177 [INFO] LogOutputStream:77 - [STDOUT_REDIRECT] 1 : Invalid condition id : UX_CORESTACK_Condition cause : null
2025-12-02 10:31:48,179 [WARN] PackLoader:240 - Cannot read IP mode file for STMicroelectronics.X-CUBE-AZRTOS-WL.2.0.0
2025-12-02 10:31:48,197 [WARN] PackLoader:240 - Cannot read IP mode file for STMicroelectronics.FP-SNS-MOTENV1.5.0.0
2025-12-02 10:31:48,235 [WARN] PackLoader:240 - Cannot read IP mode file for STMicroelectronics.X-CUBE-AZRTOS-H7RS.1.2.0
2025-12-02 10:31:48,262 [WARN] PackLoader:240 - Cannot read IP mode file for WES.I-CUBE-Cesium.1.3.0
2025-12-02 10:31:48,283 [WARN] PackLoader:240 - Cannot read IP mode file for STMicroelectronics.X-CUBE-BLE2.3.3.0
2025-12-02 10:31:48,478 [WARN] PackLoader:240 - Cannot read IP mode file for STMicroelectronics.X-CUBE-NFC9.1.0.0
2025-12-02 10:31:48,502 [WARN] PackLoader:240 - Cannot read IP mode file for wolfSSL.I-CUBE-wolfSSL.5.8.2
2025-12-02 10:31:48,521 [WARN] PackLoader:240 - Cannot read IP mode file for STMicroelectronics.X-CUBE-BLE1.7.1.0
2025-12-02 10:31:48,539 [WARN] PackLoader:240 - Cannot read IP mode file for wolfSSL.I-CUBE-wolfMQTT.1.19.2
2025-12-02 10:31:48,557 [WARN] PackLoader:240 - Cannot read IP mode file for STMicroelectronics.X-CUBE-FREERTOS.1.4.0
2025-12-02 10:31:48,575 [WARN] PackLoader:240 - Cannot read IP mode file for STMicroelectronics.X-CUBE-EEPRMA1.5.2.0
2025-12-02 10:31:48,593 [WARN] PackLoader:240 - Cannot read IP mode file for STMicroelectronics.X-CUBE-ST67W61.1.1.0
2025-12-02 10:31:48,655 [WARN] PackLoader:240 - Cannot read IP mode file for STMicroelectronics.X-CUBE-MEMS1.12.0.0
2025-12-02 10:31:48,775 [WARN] PackLoader:240 - Cannot read IP mode file for STMicroelectronics.X-CUBE-AZRTOS-G0.1.1.0
2025-12-02 10:31:48,799 [WARN] PackLoader:240 - Cannot read IP mode file for STMicroelectronics.X-CUBE-SAFEA1.1.2.2
2025-12-02 10:31:48,821 [WARN] PackLoader:240 - Cannot read IP mode file for STMicroelectronics.X-CUBE-NFC4.3.0.0
2025-12-02 10:31:48,855 [WARN] PackLoader:240 - Cannot read IP mode file for EmbeddedOffice.I-CUBE-FS-RTOS.1.0.1
2025-12-02 10:31:48,885 [WARN] PackLoader:240 - Cannot read IP mode file for STMicroelectronics.X-CUBE-WB05N.2.0.0
2025-12-02 10:31:48,903 [WARN] PackLoader:240 - Cannot read IP mode file for wolfSSL.I-CUBE-wolfTPM.3.8.0
2025-12-02 10:31:48,923 [WARN] PackLoader:240 - Cannot read IP mode file for STMicroelectronics.X-CUBE-TCPP.4.2.0
2025-12-02 10:31:48,944 [WARN] PackLoader:240 - Cannot read IP mode file for RealThread.X-CUBE-RT-Thread_Nano.4.1.1
2025-12-02 10:31:48,965 [INFO] WebApp:169 - Instantiating new browser for Auth
2025-12-02 10:31:48,966 [WARN] PackLoader:240 - Cannot read IP mode file for STMicroelectronics.FP-ATR-SIGFOX1.3.2.0
2025-12-02 10:31:48,985 [WARN] PackLoader:240 - Cannot read IP mode file for ITTIA_DB.I-CUBE-ITTIADB.8.9.0
2025-12-02 10:31:49,011 [WARN] PackLoader:240 - Cannot read IP mode file for STMicroelectronics.X-CUBE-ST67W61.1.0.0
2025-12-02 10:31:49,032 [WARN] PackLoader:240 - Cannot read IP mode file for STMicroelectronics.X-CUBE-AI.10.2.0
2025-12-02 10:31:49,075 [WARN] PackLoader:240 - Cannot read IP mode file for SEGGER.I-CUBE-embOS.1.3.1
2025-12-02 10:31:49,147 [WARN] PackLoader:240 - Cannot read IP mode file for STMicroelectronics.X-CUBE-ALGOBUILD.1.4.0
2025-12-02 10:31:49,225 [WARN] PackLoader:240 - Cannot read IP mode file for STMicroelectronics.X-CUBE-MEMS1.11.3.0
2025-12-02 10:31:49,344 [WARN] PackLoader:240 - Cannot read IP mode file for STMicroelectronics.X-CUBE-PM33A1.1.0.0
2025-12-02 10:31:49,373 [WARN] PackLoader:240 - Cannot read IP mode file for STMicroelectronics.X-CUBE-AZRTOS-F4.1.1.0
2025-12-02 10:31:49,392 [WARN] PackLoader:240 - Cannot read IP mode file for Avnet-IotConnect.X-CUBE-IoTC-DA16k-PMOD.1.0.0
2025-12-02 10:31:49,410 [WARN] PackLoader:240 - Cannot read IP mode file for STMicroelectronics.X-CUBE-ISPU.2.1.0
2025-12-02 10:31:49,437 [WARN] PackLoader:240 - Cannot read IP mode file for STMicroelectronics.X-CUBE-IPS.3.2.0
2025-12-02 10:31:49,461 [WARN] PackLoader:240 - Cannot read IP mode file for STMicroelectronics.X-CUBE-NFC12.1.0.0
2025-12-02 10:31:49,498 [WARN] PackLoader:240 - Cannot read IP mode file for STMicroelectronics.X-CUBE-AZRTOS-L5.2.0.0
2025-12-02 10:31:49,523 [WARN] PackLoader:240 - Cannot read IP mode file for STMicroelectronics.X-CUBE-NFC6.3.1.0
2025-12-02 10:31:49,545 [WARN] PackLoader:240 - Cannot read IP mode file for STMicroelectronics.X-CUBE-FREERTOS.1.3.1
2025-12-02 10:31:49,572 [WARN] PackLoader:240 - Cannot read IP mode file for STMicroelectronics.X-CUBE-TOUCHGFX.4.26.0
2025-12-02 10:31:49,593 [WARN] PackLoader:240 - Cannot read IP mode file for STMicroelectronics.FP-SNS-STAIOTCFT.1.0.0
2025-12-02 10:31:49,614 [WARN] PackLoader:240 - Cannot read IP mode file for STMicroelectronics.X-CUBE-DPower.1.3.0
2025-12-02 10:31:49,652 [WARN] ConditionMgr:438 - getConditionDescription Invalid condition id : LAN8742 Phy interface Condition cause : null
2025-12-02 10:31:49,653 [WARN] PackLoader:240 - Cannot read IP mode file for STMicroelectronics.X-CUBE-AZRTOS-L4.2.0.0
2025-12-02 10:31:49,654 [WARN] ConditionMgr:1044 - genDependencies : Invalid condition id : LAN8742 Phy interface Condition cause : null
2025-12-02 10:31:49,654 [WARN] ConditionMgr:1044 - genDependencies : Invalid condition id : LAN8742 Phy interface Condition cause : null
2025-12-02 10:31:49,655 [WARN] ConditionMgr:1044 - genDependencies : Invalid condition id : LAN8742 Phy interface Condition cause : null
2025-12-02 10:31:49,676 [WARN] PackLoader:240 - Cannot read IP mode file for STMicroelectronics.X-CUBE-SFXS2LP1.4.0.0
2025-12-02 10:31:49,707 [WARN] PackLoader:240 - Cannot read IP mode file for STMicroelectronics.X-CUBE-BLEMGR.4.1.0
2025-12-02 10:31:49,734 [WARN] ConditionMgr:438 - getConditionDescription Invalid condition id : UX DEVICE CLASS RTOS Condition cause : null
2025-12-02 10:31:49,734 [WARN] ConditionMgr:438 - getConditionDescription Invalid condition id : UX DEVICE CLASS RTOS Condition cause : null
2025-12-02 10:31:49,735 [WARN] PackLoader:240 - Cannot read IP mode file for STMicroelectronics.X-CUBE-AZRTOS-WB.2.0.0
2025-12-02 10:31:49,735 [WARN] ConditionMgr:1044 - genDependencies : Invalid condition id : UX DEVICE CLASS RTOS Condition cause : null
2025-12-02 10:31:49,735 [WARN] ConditionMgr:1044 - genDependencies : Invalid condition id : UX DEVICE CLASS RTOS Condition cause : null
2025-12-02 10:31:49,735 [WARN] ConditionMgr:1044 - genDependencies : Invalid condition id : UX DEVICE CLASS RTOS Condition cause : null
2025-12-02 10:31:49,735 [WARN] ConditionMgr:1044 - genDependencies : Invalid condition id : UX DEVICE CLASS RTOS Condition cause : null
2025-12-02 10:31:49,735 [WARN] ConditionMgr:1044 - genDependencies : Invalid condition id : UX DEVICE CLASS RTOS Condition cause : null
2025-12-02 10:31:49,749 [WARN] PackLoader:240 - Cannot read IP mode file for STMicroelectronics.X-CUBE-GNSS1.7.0.1
2025-12-02 10:31:49,766 [WARN] PackLoader:240 - Cannot read IP mode file for STMicroelectronics.X-CUBE-TOUCHGFX.4.25.0
2025-12-02 10:31:49,782 [WARN] ConditionMgr:438 - getConditionDescription Invalid condition id : Cortex-A Device cause : null
2025-12-02 10:31:49,801 [WARN] ConditionMgr:1044 - genDependencies : Invalid condition id : Cortex-A Device cause : null
2025-12-02 10:31:49,801 [WARN] ConditionMgr:1044 - genDependencies : Invalid condition id : Cortex-A Device cause : null
2025-12-02 10:31:49,801 [WARN] ConditionMgr:1044 - genDependencies : Invalid condition id : Cortex-A Device cause : null
2025-12-02 10:31:49,820 [WARN] PackLoader:240 - Cannot read IP mode file for STMicroelectronics.X-CUBE-SUBG2.5.0.0
2025-12-02 10:31:49,882 [WARN] PackLoader:240 - Cannot read IP mode file for STMicroelectronics.X-CUBE-AZRTOS-H7RS.1.1.0
2025-12-02 10:31:49,906 [WARN] PackLoader:240 - Cannot read IP mode file for Cesanta.I-CUBE-Mongoose.7.13.0
2025-12-02 10:31:49,940 [WARN] PackLoader:240 - Cannot read IP mode file for STMicroelectronics.X-CUBE-AZRTOS-G4.2.0.0
2025-12-02 10:31:49,962 [WARN] PackLoader:240 - Cannot read IP mode file for wolfSSL.I-CUBE-wolfSSH.1.4.20
2025-12-02 10:31:49,979 [WARN] PackLoader:240 - Cannot read IP mode file for STMicroelectronics.X-CUBE-NFC7.2.0.0
2025-12-02 10:31:50,002 [WARN] PackLoader:240 - Cannot read IP mode file for STMicroelectronics.X-CUBE-IPS.3.1.0
2025-12-02 10:31:50,027 [WARN] PackLoader:240 - Cannot read IP mode file for STMicroelectronics.X-CUBE-ALS.1.0.2
2025-12-02 10:31:50,043 [INFO] WebApp:463 - Apply proxy settings
2025-12-02 10:31:50,043 [INFO] WebApp:548 - Chromium requires no authentication
2025-12-02 10:31:50,052 [WARN] PackLoader:240 - Cannot read IP mode file for STMicroelectronics.X-CUBE-STSE01.1.0.0
2025-12-02 10:31:50,056 [INFO] WebApp:491 - Direct internet connection detected
2025-12-02 10:31:50,075 [WARN] PackLoader:240 - Cannot read IP mode file for portGmbH.I-Cube-SoM-uGOAL.1.1.0
2025-12-02 10:31:50,089 [INFO] WebApp:900 - Register for checkConnection events
2025-12-02 10:31:50,089 [INFO] WebApp:463 - Apply proxy settings
2025-12-02 10:31:50,090 [INFO] WebApp:548 - Chromium requires no authentication
2025-12-02 10:31:50,090 [INFO] WebApp:491 - Direct internet connection detected
2025-12-02 10:31:50,102 [WARN] PackLoader:240 - Cannot read IP mode file for STMicroelectronics.X-CUBE-TOF1.3.4.3
2025-12-02 10:31:50,111 [INFO] ThirdParty:978 - Integrity check success = true
2025-12-02 10:31:50,111 [INFO] IntegrityCheckThread:100 - exiting critical section [integrity check]
2025-12-02 10:31:50,111 [INFO] IntegrityCheckThread:103 - End integrity checks thread
2025-12-02 10:31:50,311 [INFO] WebApp:191 - Connection restablished
2025-12-02 10:31:50,319 [INFO] WebApp:225 - Starting web application
2025-12-02 10:31:50,319 [INFO] WebApp:593 - Web application path used C:\ST\STM32CubeIDE_1.19.0\STM32CubeIDE\plugins\com.st.stm32cube.common.mx_6.15.0.202507011659\db\plugins\mcufinder\reactClient1\index.html
2025-12-02 10:31:50,587 [INFO] UserAuth:487 - Internet connection configuration mode: 1
2025-12-02 10:32:11,375 [INFO] WebApp:194 - Connection lost
2025-12-02 10:32:11,512 [INFO] WebApp:191 - Connection restablished
2025-12-02 10:38:22,278 [ERROR] LogOutputStream:75 - [STDERR_REDIRECT] 
